SBY 22:15:19 [fault_cover] engine_0: smtbmc yices
SBY 22:15:20 [fault_cover] engine_0: ##   0:00:00  Solver: yices
SBY 22:15:20 [fault_cover] engine_0: ##   0:00:00  Reached cover statement in step 2 at fi_harness: C_upset_visible
SBY 22:15:20 [fault_cover] engine_0: ##   0:00:00  Reached cover statement in step 2 at fi_harness: C_upset_highest_bit
SBY 22:15:20 [fault_cover] engine_0: ##   0:00:00  Reached cover statement in step 2 at fi_harness: C_upset_lowest_bit
SBY 22:15:20 [fault_cover] engine_0: ##   0:00:00  Reached cover statement in step 3 at fi_harness: C_fault_latched
SBY 22:15:20 [fault_cover] engine_0: ##   0:00:00  Reached cover statement in step 3 at fi_harness: C_overwritten_by_clear
SBY 22:15:20 [fault_cover] engine_0: ##   0:00:00  Reached cover statement in step 3 at fi_harness: C_upset_blocks_beat
SBY 22:15:20 [fault_cover] engine_0: ##   0:00:00  Reached cover statement in step 4 at fi_harness: C_upset_blocks_result
SBY 22:15:21 [fault_cover] engine_0: ##   0:00:01  Reached cover statement in step 5 at fi_harness: C_result_after_recovery
SBY 22:15:21 [fault_cover] engine_0: ##   0:00:01  Status: passed
SBY 22:15:21 [fault_cover] engine_0: Status returned by engine: pass
SBY 22:15:21 [fault_cover] summary: Elapsed clock time [H:MM:SS (secs)]: 0:00:01 (1)
SBY 22:15:21 [fault_cover] summary: Elapsed process time [H:MM:SS (secs)]: 0:00:01 (1)
SBY 22:15:21 [fault_cover] summary: engine_0 (smtbmc yices) returned pass
SBY 22:15:21 [fault_cover] summary: cover trace: fault_cover/engine_0/trace0.vcd
SBY 22:15:21 [fault_cover] summary:   reached cover statement fi_harness.C_upset_visible at fi_harness.sv:422.13-422.49 step 2
SBY 22:15:21 [fault_cover] summary: cover trace: fault_cover/engine_0/trace1.vcd
SBY 22:15:21 [fault_cover] summary:   reached cover statement fi_harness.C_upset_highest_bit at fi_harness.sv:425.13-425.74 step 2
SBY 22:15:21 [fault_cover] summary: cover trace: fault_cover/engine_0/trace2.vcd
SBY 22:15:21 [fault_cover] summary:   reached cover statement fi_harness.C_upset_lowest_bit at fi_harness.sv:424.13-424.74 step 2
SBY 22:15:21 [fault_cover] summary: cover trace: fault_cover/engine_0/trace3.vcd
SBY 22:15:21 [fault_cover] summary:   reached cover statement fi_harness.C_fault_latched at fi_harness.sv:432.13-432.51 step 3
SBY 22:15:21 [fault_cover] summary: cover trace: fault_cover/engine_0/trace4.vcd
SBY 22:15:21 [fault_cover] summary:   reached cover statement fi_harness.C_overwritten_by_clear at fi_harness.sv:434.13-434.96 step 3
SBY 22:15:21 [fault_cover] summary: and 3 further traces
SBY 22:15:21 [fault_cover] summary: see fault_cover/PASS for a complete summary
SBY 22:15:21 [fault_cover] DONE (PASS, rc=0)
