
==========================================================================
finish report_tns
--------------------------------------------------------------------------
tns max 0.00

==========================================================================
finish report_wns
--------------------------------------------------------------------------
wns max 0.00

==========================================================================
finish report_worst_slack
--------------------------------------------------------------------------
worst slack max 3.11

==========================================================================
finish report_clock_min_period
--------------------------------------------------------------------------
clk period_min = 6.89 fmax = 145.11

==========================================================================
finish report_clock_skew
--------------------------------------------------------------------------
Clock clk
   0.48 source latency g_lane[0].u_lane.u_acc_b/q[23]$_SDFFE_PN0P_/CLK ^
  -0.46 target latency g_lane[2].u_lane.u_acc_b/q[12]$_SDFFE_PN0P_/CLK ^
   0.00 CRPR
--------------
   0.02 setup skew


==========================================================================
finish report_checks -path_delay min
--------------------------------------------------------------------------
Startpoint: u_thermal.phase$_SDFF_PN0_
            (rising edge-triggered flip-flop clocked by clk)
Endpoint: u_thermal.phase$_SDFF_PN0_
          (rising edge-triggered flip-flop clocked by clk)
Path Group: clk
Path Type: min

Fanout     Cap    Slew   Delay    Time   Description
-----------------------------------------------------------------------------
                          0.00    0.00   clock clk (rise edge)
                          0.00    0.00   clock source latency
     1    0.07    0.00    0.00    0.00 ^ clk (in)
                                         clk (net)
                  0.03    0.01    0.01 ^ clkbuf_0_clk/A (sg13g2_buf_16)
     2    0.05    0.03    0.07    0.08 ^ clkbuf_0_clk/X (sg13g2_buf_16)
                                         clknet_0_clk (net)
                  0.03    0.00    0.09 ^ clkbuf_1_1_0_clk/A (sg13g2_buf_16)
     2    0.05    0.03    0.07    0.15 ^ clkbuf_1_1_0_clk/X (sg13g2_buf_16)
                                         clknet_1_1_0_clk (net)
                  0.03    0.01    0.16 ^ clkbuf_2_3_0_clk/A (sg13g2_buf_16)
     2    0.06    0.03    0.07    0.23 ^ clkbuf_2_3_0_clk/X (sg13g2_buf_16)
                                         clknet_2_3_0_clk (net)
                  0.03    0.01    0.24 ^ clkbuf_3_6_0_clk/A (sg13g2_buf_16)
     2    0.06    0.03    0.07    0.31 ^ clkbuf_3_6_0_clk/X (sg13g2_buf_16)
                                         clknet_3_6_0_clk (net)
                  0.03    0.00    0.31 ^ clkbuf_4_13_0_clk/A (sg13g2_buf_16)
     4    0.09    0.04    0.08    0.39 ^ clkbuf_4_13_0_clk/X (sg13g2_buf_16)
                                         clknet_4_13_0_clk (net)
                  0.04    0.01    0.39 ^ clkbuf_leaf_36_clk/A (sg13g2_buf_16)
     8    0.04    0.02    0.07    0.47 ^ clkbuf_leaf_36_clk/X (sg13g2_buf_16)
                                         clknet_leaf_36_clk (net)
                  0.02    0.00    0.47 ^ u_thermal.phase$_SDFF_PN0_/CLK (sg13g2_dfrbpq_1)
     2    0.01    0.04    0.18    0.64 ^ u_thermal.phase$_SDFF_PN0_/Q (sg13g2_dfrbpq_1)
                                         u_thermal.phase (net)
                  0.04    0.00    0.64 ^ _12936_/B (sg13g2_nor4_1)
     1    0.00    0.03    0.05    0.69 v _12936_/Y (sg13g2_nor4_1)
                                         _00002_ (net)
                  0.03    0.00    0.69 v u_thermal.phase$_SDFF_PN0_/D (sg13g2_dfrbpq_1)
                                  0.69   data arrival time

                          0.00    0.00   clock clk (rise edge)
                          0.00    0.00   clock source latency
     1    0.07    0.00    0.00    0.00 ^ clk (in)
                                         clk (net)
                  0.03    0.01    0.01 ^ clkbuf_0_clk/A (sg13g2_buf_16)
     2    0.05    0.03    0.07    0.08 ^ clkbuf_0_clk/X (sg13g2_buf_16)
                                         clknet_0_clk (net)
                  0.03    0.00    0.09 ^ clkbuf_1_1_0_clk/A (sg13g2_buf_16)
     2    0.05    0.03    0.07    0.15 ^ clkbuf_1_1_0_clk/X (sg13g2_buf_16)
                                         clknet_1_1_0_clk (net)
                  0.03    0.01    0.16 ^ clkbuf_2_3_0_clk/A (sg13g2_buf_16)
     2    0.06    0.03    0.07    0.23 ^ clkbuf_2_3_0_clk/X (sg13g2_buf_16)
                                         clknet_2_3_0_clk (net)
                  0.03    0.01    0.24 ^ clkbuf_3_6_0_clk/A (sg13g2_buf_16)
     2    0.06    0.03    0.07    0.31 ^ clkbuf_3_6_0_clk/X (sg13g2_buf_16)
                                         clknet_3_6_0_clk (net)
                  0.03    0.00    0.31 ^ clkbuf_4_13_0_clk/A (sg13g2_buf_16)
     4    0.09    0.04    0.08    0.39 ^ clkbuf_4_13_0_clk/X (sg13g2_buf_16)
                                         clknet_4_13_0_clk (net)
                  0.04    0.01    0.39 ^ clkbuf_leaf_36_clk/A (sg13g2_buf_16)
     8    0.04    0.02    0.07    0.47 ^ clkbuf_leaf_36_clk/X (sg13g2_buf_16)
                                         clknet_leaf_36_clk (net)
                  0.02    0.00    0.47 ^ u_thermal.phase$_SDFF_PN0_/CLK (sg13g2_dfrbpq_1)
                          0.00    0.47   clock reconvergence pessimism
                         -0.04    0.43   library hold time
                                  0.43   data required time
-----------------------------------------------------------------------------
                                  0.43   data required time
                                 -0.69   data arrival time
-----------------------------------------------------------------------------
                                  0.26   slack (MET)



==========================================================================
finish report_checks -path_delay max
--------------------------------------------------------------------------
Startpoint: in_b[3] (input port clocked by clk)
Endpoint: g_lane[0].u_lane.u_res_b/q[26]$_SDFFE_PN0P_
          (rising edge-triggered flip-flop clocked by clk)
Path Group: clk
Path Type: max

Fanout     Cap    Slew   Delay    Time   Description
-----------------------------------------------------------------------------
                          0.00    0.00   clock clk (rise edge)
                          0.00    0.00   clock network delay (propagated)
                          2.00    2.00 ^ input external delay
     1    0.01    0.00    0.00    2.00 ^ in_b[3] (in)
                                         in_b[3] (net)
                  0.00    0.00    2.00 ^ input589/A (sg13g2_buf_1)
     5    0.02    0.08    0.09    2.09 ^ input589/X (sg13g2_buf_1)
                                         net588 (net)
                  0.08    0.00    2.09 ^ place2587/A (sg13g2_buf_1)
     5    0.02    0.09    0.13    2.22 ^ place2587/X (sg13g2_buf_1)
                                         net2585 (net)
                  0.09    0.00    2.22 ^ place2586/A (sg13g2_buf_1)
     8    0.05    0.19    0.20    2.43 ^ place2586/X (sg13g2_buf_1)
                                         net2584 (net)
                  0.19    0.00    2.43 ^ _11298_/B (sg13g2_nand2_1)
     1    0.01    0.07    0.11    2.54 v _11298_/Y (sg13g2_nand2_1)
                                         _04729_ (net)
                  0.07    0.00    2.54 v _11300_/A (sg13g2_xor2_1)
     6    0.02    0.22    0.22    2.76 ^ _11300_/X (sg13g2_xor2_1)
                                         _04731_ (net)
                  0.22    0.00    2.76 ^ _11302_/B (sg13g2_xnor2_1)
     3    0.02    0.21    0.23    3.00 ^ _11302_/Y (sg13g2_xnor2_1)
                                         _04733_ (net)
                  0.21    0.00    3.00 ^ _11312_/A (sg13g2_xor2_1)
     5    0.02    0.21    0.26    3.26 ^ _11312_/X (sg13g2_xor2_1)
                                         _04743_ (net)
                  0.21    0.00    3.26 ^ _11313_/B (sg13g2_xnor2_1)
     1    0.01    0.11    0.14    3.40 ^ _11313_/Y (sg13g2_xnor2_1)
                                         _04744_ (net)
                  0.11    0.00    3.40 ^ _11314_/B (sg13g2_xnor2_1)
     5    0.02    0.20    0.21    3.61 ^ _11314_/Y (sg13g2_xnor2_1)
                                         _04745_ (net)
                  0.20    0.00    3.61 ^ _11330_/A (sg13g2_xnor2_1)
     4    0.02    0.18    0.21    3.83 ^ _11330_/Y (sg13g2_xnor2_1)
                                         _04761_ (net)
                  0.18    0.00    3.83 ^ _11466_/A2 (sg13g2_a21oi_1)
     1    0.00    0.06    0.11    3.93 v _11466_/Y (sg13g2_a21oi_1)
                                         _04897_ (net)
                  0.06    0.00    3.93 v _11468_/B2 (sg13g2_a221oi_1)
     4    0.02    0.34    0.32    4.25 ^ _11468_/Y (sg13g2_a221oi_1)
                                         _04899_ (net)
                  0.34    0.00    4.25 ^ _11511_/A1 (sg13g2_o21ai_1)
     2    0.01    0.12    0.18    4.43 v _11511_/Y (sg13g2_o21ai_1)
                                         _04942_ (net)
                  0.12    0.00    4.43 v _11551_/A1 (sg13g2_o21ai_1)
     6    0.05    0.54    0.47    4.90 ^ _11551_/Y (sg13g2_o21ai_1)
                                         _04982_ (net)
                  0.54    0.01    4.91 ^ _11577_/A2 (sg13g2_a21oi_1)
     8    0.04    0.30    0.40    5.31 v _11577_/Y (sg13g2_a21oi_1)
                                         _05008_ (net)
                  0.30    0.00    5.31 v _11775_/B (sg13g2_nor2_1)
     6    0.03    0.31    0.34    5.65 ^ _11775_/Y (sg13g2_nor2_1)
                                         _05206_ (net)
                  0.31    0.00    5.65 ^ _12160_/C (sg13g2_nand3_1)
     1    0.00    0.08    0.14    5.79 v _12160_/Y (sg13g2_nand3_1)
                                         _05560_ (net)
                  0.08    0.00    5.79 v _12161_/B1 (sg13g2_o21ai_1)
     1    0.00    0.09    0.06    5.85 ^ _12161_/Y (sg13g2_o21ai_1)
                                         _05561_ (net)
                  0.09    0.00    5.85 ^ _12162_/B (sg13g2_and2_1)
     1    0.00    0.03    0.11    5.96 ^ _12162_/X (sg13g2_and2_1)
                                         _05562_ (net)
                  0.03    0.00    5.96 ^ _12180_/A1 (sg13g2_a21o_1)
     8    0.04    0.15    0.19    6.15 ^ _12180_/X (sg13g2_a21o_1)
                                         _05580_ (net)
                  0.15    0.00    6.16 ^ _12186_/C (sg13g2_nand4_1)
     4    0.02    0.23    0.25    6.40 v _12186_/Y (sg13g2_nand4_1)
                                         _05586_ (net)
                  0.23    0.00    6.40 v _12190_/A1 (sg13g2_a21oi_1)
     1    0.00    0.08    0.12    6.52 ^ _12190_/Y (sg13g2_a21oi_1)
                                         _05590_ (net)
                  0.08    0.00    6.52 ^ _12192_/A_N (sg13g2_nand2b_1)
     2    0.01    0.07    0.11    6.63 ^ _12192_/Y (sg13g2_nand2b_1)
                                         _05592_ (net)
                  0.07    0.00    6.63 ^ _12290_/S (sg13g2_mux2_1)
     1    0.01    0.05    0.18    6.81 v _12290_/X (sg13g2_mux2_1)
                                         _05686_ (net)
                  0.05    0.00    6.81 v _12291_/S (sg13g2_mux2_1)
     1    0.00    0.04    0.13    6.94 v _12291_/X (sg13g2_mux2_1)
                                         _05687_ (net)
                  0.04    0.00    6.94 v _12292_/A2 (sg13g2_a21oi_1)
     2    0.01    0.11    0.11    7.05 ^ _12292_/Y (sg13g2_a21oi_1)
                                         _00053_ (net)
                  0.11    0.00    7.05 ^ g_lane[0].u_lane.u_res_b/_083_/A1 (sg13g2_mux2_1)
     1    0.00    0.04    0.12    7.17 ^ g_lane[0].u_lane.u_res_b/_083_/X (sg13g2_mux2_1)
                                         g_lane[0].u_lane.u_res_b/_038_ (net)
                  0.04    0.00    7.17 ^ g_lane[0].u_lane.u_res_b/_084_/B (sg13g2_and2_1)
     1    0.00    0.03    0.08    7.25 ^ g_lane[0].u_lane.u_res_b/_084_/X (sg13g2_and2_1)
                                         g_lane[0].u_lane.u_res_b/_003_ (net)
                  0.03    0.00    7.25 ^ g_lane[0].u_lane.u_res_b/q[26]$_SDFFE_PN0P_/D (sg13g2_dfrbpq_1)
                                  7.25   data arrival time

                         10.00   10.00   clock clk (rise edge)
                          0.00   10.00   clock source latency
     1    0.07    0.00    0.00   10.00 ^ clk (in)
                                         clk (net)
                  0.03    0.01   10.01 ^ clkbuf_0_clk/A (sg13g2_buf_16)
     2    0.05    0.03    0.07   10.08 ^ clkbuf_0_clk/X (sg13g2_buf_16)
                                         clknet_0_clk (net)
                  0.03    0.00   10.09 ^ clkbuf_1_1_0_clk/A (sg13g2_buf_16)
     2    0.05    0.03    0.07   10.15 ^ clkbuf_1_1_0_clk/X (sg13g2_buf_16)
                                         clknet_1_1_0_clk (net)
                  0.03    0.01   10.16 ^ clkbuf_2_3_0_clk/A (sg13g2_buf_16)
     2    0.06    0.03    0.07   10.23 ^ clkbuf_2_3_0_clk/X (sg13g2_buf_16)
                                         clknet_2_3_0_clk (net)
                  0.03    0.01   10.24 ^ clkbuf_3_7_0_clk/A (sg13g2_buf_16)
     2    0.05    0.03    0.07   10.31 ^ clkbuf_3_7_0_clk/X (sg13g2_buf_16)
                                         clknet_3_7_0_clk (net)
                  0.03    0.01   10.31 ^ clkbuf_4_15_0_clk/A (sg13g2_buf_16)
     4    0.09    0.04    0.07   10.39 ^ clkbuf_4_15_0_clk/X (sg13g2_buf_16)
                                         clknet_4_15_0_clk (net)
                  0.04    0.01   10.40 ^ clkbuf_leaf_41_clk/A (sg13g2_buf_16)
     8    0.04    0.02    0.07   10.47 ^ clkbuf_leaf_41_clk/X (sg13g2_buf_16)
                                         clknet_leaf_41_clk (net)
                  0.02    0.00   10.47 ^ g_lane[0].u_lane.u_res_b/q[26]$_SDFFE_PN0P_/CLK (sg13g2_dfrbpq_1)
                          0.00   10.47   clock reconvergence pessimism
                         -0.11   10.36   library setup time
                                 10.36   data required time
-----------------------------------------------------------------------------
                                 10.36   data required time
                                 -7.25   data arrival time
-----------------------------------------------------------------------------
                                  3.11   slack (MET)



==========================================================================
finish report_checks -unconstrained
--------------------------------------------------------------------------
Startpoint: in_b[3] (input port clocked by clk)
Endpoint: g_lane[0].u_lane.u_res_b/q[26]$_SDFFE_PN0P_
          (rising edge-triggered flip-flop clocked by clk)
Path Group: clk
Path Type: max

Fanout     Cap    Slew   Delay    Time   Description
-----------------------------------------------------------------------------
                          0.00    0.00   clock clk (rise edge)
                          0.00    0.00   clock network delay (propagated)
                          2.00    2.00 ^ input external delay
     1    0.01    0.00    0.00    2.00 ^ in_b[3] (in)
                                         in_b[3] (net)
                  0.00    0.00    2.00 ^ input589/A (sg13g2_buf_1)
     5    0.02    0.08    0.09    2.09 ^ input589/X (sg13g2_buf_1)
                                         net588 (net)
                  0.08    0.00    2.09 ^ place2587/A (sg13g2_buf_1)
     5    0.02    0.09    0.13    2.22 ^ place2587/X (sg13g2_buf_1)
                                         net2585 (net)
                  0.09    0.00    2.22 ^ place2586/A (sg13g2_buf_1)
     8    0.05    0.19    0.20    2.43 ^ place2586/X (sg13g2_buf_1)
                                         net2584 (net)
                  0.19    0.00    2.43 ^ _11298_/B (sg13g2_nand2_1)
     1    0.01    0.07    0.11    2.54 v _11298_/Y (sg13g2_nand2_1)
                                         _04729_ (net)
                  0.07    0.00    2.54 v _11300_/A (sg13g2_xor2_1)
     6    0.02    0.22    0.22    2.76 ^ _11300_/X (sg13g2_xor2_1)
                                         _04731_ (net)
                  0.22    0.00    2.76 ^ _11302_/B (sg13g2_xnor2_1)
     3    0.02    0.21    0.23    3.00 ^ _11302_/Y (sg13g2_xnor2_1)
                                         _04733_ (net)
                  0.21    0.00    3.00 ^ _11312_/A (sg13g2_xor2_1)
     5    0.02    0.21    0.26    3.26 ^ _11312_/X (sg13g2_xor2_1)
                                         _04743_ (net)
                  0.21    0.00    3.26 ^ _11313_/B (sg13g2_xnor2_1)
     1    0.01    0.11    0.14    3.40 ^ _11313_/Y (sg13g2_xnor2_1)
                                         _04744_ (net)
                  0.11    0.00    3.40 ^ _11314_/B (sg13g2_xnor2_1)
     5    0.02    0.20    0.21    3.61 ^ _11314_/Y (sg13g2_xnor2_1)
                                         _04745_ (net)
                  0.20    0.00    3.61 ^ _11330_/A (sg13g2_xnor2_1)
     4    0.02    0.18    0.21    3.83 ^ _11330_/Y (sg13g2_xnor2_1)
                                         _04761_ (net)
                  0.18    0.00    3.83 ^ _11466_/A2 (sg13g2_a21oi_1)
     1    0.00    0.06    0.11    3.93 v _11466_/Y (sg13g2_a21oi_1)
                                         _04897_ (net)
                  0.06    0.00    3.93 v _11468_/B2 (sg13g2_a221oi_1)
     4    0.02    0.34    0.32    4.25 ^ _11468_/Y (sg13g2_a221oi_1)
                                         _04899_ (net)
                  0.34    0.00    4.25 ^ _11511_/A1 (sg13g2_o21ai_1)
     2    0.01    0.12    0.18    4.43 v _11511_/Y (sg13g2_o21ai_1)
                                         _04942_ (net)
                  0.12    0.00    4.43 v _11551_/A1 (sg13g2_o21ai_1)
     6    0.05    0.54    0.47    4.90 ^ _11551_/Y (sg13g2_o21ai_1)
                                         _04982_ (net)
                  0.54    0.01    4.91 ^ _11577_/A2 (sg13g2_a21oi_1)
     8    0.04    0.30    0.40    5.31 v _11577_/Y (sg13g2_a21oi_1)
                                         _05008_ (net)
                  0.30    0.00    5.31 v _11775_/B (sg13g2_nor2_1)
     6    0.03    0.31    0.34    5.65 ^ _11775_/Y (sg13g2_nor2_1)
                                         _05206_ (net)
                  0.31    0.00    5.65 ^ _12160_/C (sg13g2_nand3_1)
     1    0.00    0.08    0.14    5.79 v _12160_/Y (sg13g2_nand3_1)
                                         _05560_ (net)
                  0.08    0.00    5.79 v _12161_/B1 (sg13g2_o21ai_1)
     1    0.00    0.09    0.06    5.85 ^ _12161_/Y (sg13g2_o21ai_1)
                                         _05561_ (net)
                  0.09    0.00    5.85 ^ _12162_/B (sg13g2_and2_1)
     1    0.00    0.03    0.11    5.96 ^ _12162_/X (sg13g2_and2_1)
                                         _05562_ (net)
                  0.03    0.00    5.96 ^ _12180_/A1 (sg13g2_a21o_1)
     8    0.04    0.15    0.19    6.15 ^ _12180_/X (sg13g2_a21o_1)
                                         _05580_ (net)
                  0.15    0.00    6.16 ^ _12186_/C (sg13g2_nand4_1)
     4    0.02    0.23    0.25    6.40 v _12186_/Y (sg13g2_nand4_1)
                                         _05586_ (net)
                  0.23    0.00    6.40 v _12190_/A1 (sg13g2_a21oi_1)
     1    0.00    0.08    0.12    6.52 ^ _12190_/Y (sg13g2_a21oi_1)
                                         _05590_ (net)
                  0.08    0.00    6.52 ^ _12192_/A_N (sg13g2_nand2b_1)
     2    0.01    0.07    0.11    6.63 ^ _12192_/Y (sg13g2_nand2b_1)
                                         _05592_ (net)
                  0.07    0.00    6.63 ^ _12290_/S (sg13g2_mux2_1)
     1    0.01    0.05    0.18    6.81 v _12290_/X (sg13g2_mux2_1)
                                         _05686_ (net)
                  0.05    0.00    6.81 v _12291_/S (sg13g2_mux2_1)
     1    0.00    0.04    0.13    6.94 v _12291_/X (sg13g2_mux2_1)
                                         _05687_ (net)
                  0.04    0.00    6.94 v _12292_/A2 (sg13g2_a21oi_1)
     2    0.01    0.11    0.11    7.05 ^ _12292_/Y (sg13g2_a21oi_1)
                                         _00053_ (net)
                  0.11    0.00    7.05 ^ g_lane[0].u_lane.u_res_b/_083_/A1 (sg13g2_mux2_1)
     1    0.00    0.04    0.12    7.17 ^ g_lane[0].u_lane.u_res_b/_083_/X (sg13g2_mux2_1)
                                         g_lane[0].u_lane.u_res_b/_038_ (net)
                  0.04    0.00    7.17 ^ g_lane[0].u_lane.u_res_b/_084_/B (sg13g2_and2_1)
     1    0.00    0.03    0.08    7.25 ^ g_lane[0].u_lane.u_res_b/_084_/X (sg13g2_and2_1)
                                         g_lane[0].u_lane.u_res_b/_003_ (net)
                  0.03    0.00    7.25 ^ g_lane[0].u_lane.u_res_b/q[26]$_SDFFE_PN0P_/D (sg13g2_dfrbpq_1)
                                  7.25   data arrival time

                         10.00   10.00   clock clk (rise edge)
                          0.00   10.00   clock source latency
     1    0.07    0.00    0.00   10.00 ^ clk (in)
                                         clk (net)
                  0.03    0.01   10.01 ^ clkbuf_0_clk/A (sg13g2_buf_16)
     2    0.05    0.03    0.07   10.08 ^ clkbuf_0_clk/X (sg13g2_buf_16)
                                         clknet_0_clk (net)
                  0.03    0.00   10.09 ^ clkbuf_1_1_0_clk/A (sg13g2_buf_16)
     2    0.05    0.03    0.07   10.15 ^ clkbuf_1_1_0_clk/X (sg13g2_buf_16)
                                         clknet_1_1_0_clk (net)
                  0.03    0.01   10.16 ^ clkbuf_2_3_0_clk/A (sg13g2_buf_16)
     2    0.06    0.03    0.07   10.23 ^ clkbuf_2_3_0_clk/X (sg13g2_buf_16)
                                         clknet_2_3_0_clk (net)
                  0.03    0.01   10.24 ^ clkbuf_3_7_0_clk/A (sg13g2_buf_16)
     2    0.05    0.03    0.07   10.31 ^ clkbuf_3_7_0_clk/X (sg13g2_buf_16)
                                         clknet_3_7_0_clk (net)
                  0.03    0.01   10.31 ^ clkbuf_4_15_0_clk/A (sg13g2_buf_16)
     4    0.09    0.04    0.07   10.39 ^ clkbuf_4_15_0_clk/X (sg13g2_buf_16)
                                         clknet_4_15_0_clk (net)
                  0.04    0.01   10.40 ^ clkbuf_leaf_41_clk/A (sg13g2_buf_16)
     8    0.04    0.02    0.07   10.47 ^ clkbuf_leaf_41_clk/X (sg13g2_buf_16)
                                         clknet_leaf_41_clk (net)
                  0.02    0.00   10.47 ^ g_lane[0].u_lane.u_res_b/q[26]$_SDFFE_PN0P_/CLK (sg13g2_dfrbpq_1)
                          0.00   10.47   clock reconvergence pessimism
                         -0.11   10.36   library setup time
                                 10.36   data required time
-----------------------------------------------------------------------------
                                 10.36   data required time
                                 -7.25   data arrival time
-----------------------------------------------------------------------------
                                  3.11   slack (MET)



==========================================================================
finish report_check_types -max_slew -max_cap -max_fanout -violators
--------------------------------------------------------------------------

==========================================================================
finish max_slew_check_slack
--------------------------------------------------------------------------
1.9191253185272217

==========================================================================
finish max_slew_check_limit
--------------------------------------------------------------------------
2.5074000358581543

==========================================================================
finish max_slew_check_slack_limit
--------------------------------------------------------------------------
0.7654

==========================================================================
finish max_fanout_check_slack
--------------------------------------------------------------------------
0.0

==========================================================================
finish max_fanout_check_limit
--------------------------------------------------------------------------
8.0

==========================================================================
finish max_fanout_check_slack_limit
--------------------------------------------------------------------------
0.0000

==========================================================================
finish max_capacitance_check_slack
--------------------------------------------------------------------------
0.19499191641807556

==========================================================================
finish max_capacitance_check_limit
--------------------------------------------------------------------------
0.30000001192092896

==========================================================================
finish max_capacitance_check_slack_limit
--------------------------------------------------------------------------
0.6500

==========================================================================
finish max_slew_violation_count
--------------------------------------------------------------------------
max slew violation count 0

==========================================================================
finish max_fanout_violation_count
--------------------------------------------------------------------------
max fanout violation count 0

==========================================================================
finish max_cap_violation_count
--------------------------------------------------------------------------
max cap violation count 0

==========================================================================
finish setup_violation_count
--------------------------------------------------------------------------
setup violation count 0

==========================================================================
finish hold_violation_count
--------------------------------------------------------------------------
hold violation count 0

==========================================================================
finish report_checks -path_delay max reg to reg
--------------------------------------------------------------------------
Startpoint: g_lane[2].u_lane.u_res_a/q[7]$_SDFFE_PN0P_
            (rising edge-triggered flip-flop clocked by clk)
Endpoint: g_lane[2].u_lane.u_res_a/q[4]$_SDFFE_PN0P_
          (rising edge-triggered flip-flop clocked by clk)
Path Group: clk
Path Type: max

  Delay    Time   Description
---------------------------------------------------------
   0.00    0.00   clock clk (rise edge)
   0.00    0.00   clock source latency
   0.00    0.00 ^ clk (in)
   0.08    0.08 ^ clkbuf_0_clk/X (sg13g2_buf_16)
   0.07    0.15 ^ clkbuf_1_1_0_clk/X (sg13g2_buf_16)
   0.08    0.23 ^ clkbuf_2_2_0_clk/X (sg13g2_buf_16)
   0.07    0.30 ^ clkbuf_3_4_0_clk/X (sg13g2_buf_16)
   0.08    0.39 ^ clkbuf_4_8_0_clk/X (sg13g2_buf_16)
   0.08    0.46 ^ clkbuf_leaf_15_clk/X (sg13g2_buf_16)
   0.00    0.47 ^ g_lane[2].u_lane.u_res_a/q[7]$_SDFFE_PN0P_/CLK (sg13g2_dfrbpq_1)
   0.22    0.68 ^ g_lane[2].u_lane.u_res_a/q[7]$_SDFFE_PN0P_/Q (sg13g2_dfrbpq_1)
   0.31    1.00 ^ _12476_/Y (sg13g2_xnor2_1)
   0.39    1.39 v _12480_/Y (sg13g2_nand4_1)
   0.36    1.76 ^ _12486_/Y (sg13g2_nor4_1)
   0.24    2.00 v _12487_/Y (sg13g2_nand3_1)
   0.19    2.19 ^ _12509_/Y (sg13g2_nor4_1)
   0.15    2.34 v _12581_/Y (sg13g2_nand3_1)
   0.52    2.86 ^ _12921_/Y (sg13g2_nor4_1)
   0.23    3.09 ^ _12926_/X (sg13g2_and2_1)
   0.14    3.22 v _12930_/Y (sg13g2_nand3_1)
   0.27    3.49 ^ _12985_/Y (sg13g2_nand2_1)
   0.33    3.82 ^ place2233/X (sg13g2_buf_1)
   0.26    4.08 ^ place2232/X (sg13g2_buf_1)
   0.27    4.35 ^ place2223/X (sg13g2_buf_1)
   0.25    4.60 ^ place2222/X (sg13g2_buf_1)
   0.26    4.85 ^ place2221/X (sg13g2_buf_1)
   0.28    5.14 ^ place2219/X (sg13g2_buf_1)
   0.22    5.36 v g_lane[2].u_lane.u_res_a/_131_/X (sg13g2_mux2_1)
   0.08    5.43 v g_lane[2].u_lane.u_res_a/_132_/X (sg13g2_and2_1)
   0.00    5.43 v g_lane[2].u_lane.u_res_a/q[4]$_SDFFE_PN0P_/D (sg13g2_dfrbpq_1)
           5.43   data arrival time

  10.00   10.00   clock clk (rise edge)
   0.00   10.00   clock source latency
   0.00   10.00 ^ clk (in)
   0.08   10.08 ^ clkbuf_0_clk/X (sg13g2_buf_16)
   0.07   10.15 ^ clkbuf_1_1_0_clk/X (sg13g2_buf_16)
   0.08   10.23 ^ clkbuf_2_2_0_clk/X (sg13g2_buf_16)
   0.07   10.30 ^ clkbuf_3_4_0_clk/X (sg13g2_buf_16)
   0.08   10.39 ^ clkbuf_4_8_0_clk/X (sg13g2_buf_16)
   0.08   10.47 ^ clkbuf_leaf_13_clk/X (sg13g2_buf_16)
   0.00   10.47 ^ g_lane[2].u_lane.u_res_a/q[4]$_SDFFE_PN0P_/CLK (sg13g2_dfrbpq_1)
   0.00   10.47   clock reconvergence pessimism
  -0.11   10.36   library setup time
          10.36   data required time
---------------------------------------------------------
          10.36   data required time
          -5.43   data arrival time
---------------------------------------------------------
           4.92   slack (MET)



==========================================================================
finish report_checks -path_delay min reg to reg
--------------------------------------------------------------------------
Startpoint: u_thermal.phase$_SDFF_PN0_
            (rising edge-triggered flip-flop clocked by clk)
Endpoint: u_thermal.phase$_SDFF_PN0_
          (rising edge-triggered flip-flop clocked by clk)
Path Group: clk
Path Type: min

  Delay    Time   Description
---------------------------------------------------------
   0.00    0.00   clock clk (rise edge)
   0.00    0.00   clock source latency
   0.00    0.00 ^ clk (in)
   0.08    0.08 ^ clkbuf_0_clk/X (sg13g2_buf_16)
   0.07    0.15 ^ clkbuf_1_1_0_clk/X (sg13g2_buf_16)
   0.08    0.23 ^ clkbuf_2_3_0_clk/X (sg13g2_buf_16)
   0.08    0.31 ^ clkbuf_3_6_0_clk/X (sg13g2_buf_16)
   0.08    0.39 ^ clkbuf_4_13_0_clk/X (sg13g2_buf_16)
   0.08    0.47 ^ clkbuf_leaf_36_clk/X (sg13g2_buf_16)
   0.00    0.47 ^ u_thermal.phase$_SDFF_PN0_/CLK (sg13g2_dfrbpq_1)
   0.18    0.64 ^ u_thermal.phase$_SDFF_PN0_/Q (sg13g2_dfrbpq_1)
   0.05    0.69 v _12936_/Y (sg13g2_nor4_1)
   0.00    0.69 v u_thermal.phase$_SDFF_PN0_/D (sg13g2_dfrbpq_1)
           0.69   data arrival time

   0.00    0.00   clock clk (rise edge)
   0.00    0.00   clock source latency
   0.00    0.00 ^ clk (in)
   0.08    0.08 ^ clkbuf_0_clk/X (sg13g2_buf_16)
   0.07    0.15 ^ clkbuf_1_1_0_clk/X (sg13g2_buf_16)
   0.08    0.23 ^ clkbuf_2_3_0_clk/X (sg13g2_buf_16)
   0.08    0.31 ^ clkbuf_3_6_0_clk/X (sg13g2_buf_16)
   0.08    0.39 ^ clkbuf_4_13_0_clk/X (sg13g2_buf_16)
   0.08    0.47 ^ clkbuf_leaf_36_clk/X (sg13g2_buf_16)
   0.00    0.47 ^ u_thermal.phase$_SDFF_PN0_/CLK (sg13g2_dfrbpq_1)
   0.00    0.47   clock reconvergence pessimism
  -0.04    0.43   library hold time
           0.43   data required time
---------------------------------------------------------
           0.43   data required time
          -0.69   data arrival time
---------------------------------------------------------
           0.26   slack (MET)



==========================================================================
finish critical path target clock latency max path
--------------------------------------------------------------------------
0.4704

==========================================================================
finish critical path target clock latency min path
--------------------------------------------------------------------------
0.4692

==========================================================================
finish critical path source clock latency min path
--------------------------------------------------------------------------
0.0000

==========================================================================
finish critical path delay
--------------------------------------------------------------------------
7.2479

==========================================================================
finish critical path slack
--------------------------------------------------------------------------
3.1085

==========================================================================
finish slack div critical path delay
--------------------------------------------------------------------------
42.888285

==========================================================================
finish report_power
--------------------------------------------------------------------------
Group                  Internal  Switching    Leakage      Total
                          Power      Power      Power      Power (Watts)
----------------------------------------------------------------
Sequential             3.42e-03   4.15e-04   2.45e-07   3.84e-03  31.5%
Combinational          2.59e-03   3.59e-03   1.01e-06   6.18e-03  50.6%
Clock                  1.46e-03   7.25e-04   8.88e-06   2.19e-03  17.9%
Macro                  0.00e+00   0.00e+00   0.00e+00   0.00e+00   0.0%
Pad                    0.00e+00   0.00e+00   0.00e+00   0.00e+00   0.0%
----------------------------------------------------------------
Total                  7.47e-03   4.73e-03   1.01e-05   1.22e-02 100.0%
                          61.2%      38.7%       0.1%
