SBY  0:18:00 [formal/neg/bank_no_writeback/orbit_ecc_bank_sec_bmc] Removing directory formal/neg/bank_no_writeback/orbit_ecc_bank_sec_bmc'.
SBY  0:18:00 [formal/neg/bank_no_writeback/orbit_ecc_bank_sec_bmc] engine_0: smtbmc bitwuzla
SBY  0:18:00 [formal/neg/bank_no_writeback/orbit_ecc_bank_sec_bmc] base: starting process "cd formal/neg/bank_no_writeback/orbit_ecc_bank_sec_bmc/src; yosys -ql ../model/design.log ../model/design.ys"
SBY  0:18:05 [formal/neg/bank_no_writeback/orbit_ecc_bank_sec_bmc] base: finished (returncode=0)
SBY  0:18:05 [formal/neg/bank_no_writeback/orbit_ecc_bank_sec_bmc] prep: starting process "cd formal/neg/bank_no_writeback/orbit_ecc_bank_sec_bmc/model; yosys -ql design_prep.log design_prep.ys"
SBY  0:18:05 [formal/neg/bank_no_writeback/orbit_ecc_bank_sec_bmc] prep: finished (returncode=0)
SBY  0:18:05 [formal/neg/bank_no_writeback/orbit_ecc_bank_sec_bmc] smt2: starting process "cd formal/neg/bank_no_writeback/orbit_ecc_bank_sec_bmc/model; yosys -ql design_smt2.log design_smt2.ys"
SBY  0:18:05 [formal/neg/bank_no_writeback/orbit_ecc_bank_sec_bmc] smt2: finished (returncode=0)
SBY  0:18:05 [formal/neg/bank_no_writeback/orbit_ecc_bank_sec_bmc] engine_0: starting process "cd formal/neg/bank_no_writeback/orbit_ecc_bank_sec_bmc; yosys-smtbmc -s bitwuzla --presat --unroll --noprogress -t 6  --append 0 --dump-vcd engine_0/trace.vcd --dump-yw engine_0/trace.yw --dump-vlogtb engine_0/trace_tb.v --dump-smtc engine_0/trace.smtc model/design_smt2.smt2"
SBY  0:18:06 [formal/neg/bank_no_writeback/orbit_ecc_bank_sec_bmc] engine_0: ##   0:00:00  Solver: bitwuzla
SBY  0:18:06 [formal/neg/bank_no_writeback/orbit_ecc_bank_sec_bmc] engine_0: ##   0:00:00  Checking assumptions in step 0..
SBY  0:18:07 [formal/neg/bank_no_writeback/orbit_ecc_bank_sec_bmc] engine_0: ##   0:00:01  Checking assertions in step 0..
SBY  0:18:07 [formal/neg/bank_no_writeback/orbit_ecc_bank_sec_bmc] engine_0: ##   0:00:01  Checking assumptions in step 1..
SBY  0:18:07 [formal/neg/bank_no_writeback/orbit_ecc_bank_sec_bmc] engine_0: ##   0:00:01  Checking assertions in step 1..
SBY  0:18:08 [formal/neg/bank_no_writeback/orbit_ecc_bank_sec_bmc] engine_0: ##   0:00:02  Checking assumptions in step 2..
SBY  0:18:09 [formal/neg/bank_no_writeback/orbit_ecc_bank_sec_bmc] engine_0: ##   0:00:03  Checking assertions in step 2..
SBY  0:18:21 [formal/neg/bank_no_writeback/orbit_ecc_bank_sec_bmc] engine_0: ##   0:00:15  Checking assumptions in step 3..
SBY  0:18:22 [formal/neg/bank_no_writeback/orbit_ecc_bank_sec_bmc] engine_0: ##   0:00:16  Checking assertions in step 3..
SBY  0:18:30 [formal/neg/bank_no_writeback/orbit_ecc_bank_sec_bmc] engine_0: ##   0:00:24  BMC failed!
SBY  0:18:30 [formal/neg/bank_no_writeback/orbit_ecc_bank_sec_bmc] engine_0: ##   0:00:24  Assert failed in orbit_ecc_bank_fv: a_array
SBY  0:18:30 [formal/neg/bank_no_writeback/orbit_ecc_bank_sec_bmc] engine_0: ##   0:00:24  Writing trace to VCD file: engine_0/trace.vcd
SBY  0:18:32 [formal/neg/bank_no_writeback/orbit_ecc_bank_sec_bmc] engine_0: ##   0:00:26  Writing trace to Verilog testbench: engine_0/trace_tb.v
SBY  0:18:32 [formal/neg/bank_no_writeback/orbit_ecc_bank_sec_bmc] engine_0: ##   0:00:26  Writing trace to constraints file: engine_0/trace.smtc
SBY  0:18:32 [formal/neg/bank_no_writeback/orbit_ecc_bank_sec_bmc] engine_0: ##   0:00:26  Writing trace to Yosys witness file: engine_0/trace.yw
SBY  0:18:32 [formal/neg/bank_no_writeback/orbit_ecc_bank_sec_bmc] engine_0: ##   0:00:26  Status: failed
SBY  0:18:32 [formal/neg/bank_no_writeback/orbit_ecc_bank_sec_bmc] engine_0: finished (returncode=1)
SBY  0:18:32 [formal/neg/bank_no_writeback/orbit_ecc_bank_sec_bmc] engine_0: Status returned by engine: FAIL
SBY  0:18:32 [formal/neg/bank_no_writeback/orbit_ecc_bank_sec_bmc] summary: Elapsed clock time [H:MM:SS (secs)]: 0:00:32 (32)
SBY  0:18:32 [formal/neg/bank_no_writeback/orbit_ecc_bank_sec_bmc] summary: Elapsed process time [H:MM:SS (secs)]: 0:00:31 (31)
SBY  0:18:32 [formal/neg/bank_no_writeback/orbit_ecc_bank_sec_bmc] summary: engine_0 (smtbmc bitwuzla) returned FAIL
SBY  0:18:32 [formal/neg/bank_no_writeback/orbit_ecc_bank_sec_bmc] summary: counterexample trace: formal/neg/bank_no_writeback/orbit_ecc_bank_sec_bmc/engine_0/trace.vcd
SBY  0:18:32 [formal/neg/bank_no_writeback/orbit_ecc_bank_sec_bmc] summary:   failed assertion orbit_ecc_bank_fv.a_array at orbit_ecc_bank_fv.sv:350.9-350.54 step 3
SBY  0:18:32 [formal/neg/bank_no_writeback/orbit_ecc_bank_sec_bmc] DONE (FAIL, rc=2)
SBY  0:18:32 The following tasks failed: ['sec_bmc']
