SBY  0:10:11 [formal/bank/orbit_ecc_bank_cover] engine_0: ##   0:00:05  Checking cover reachability in step 4..
SBY  0:10:12 [formal/bank/orbit_ecc_bank_cover] engine_0: ##   0:00:06  Checking cover reachability in step 5..
SBY  0:10:14 [formal/bank/orbit_ecc_bank_cover] engine_0: ##   0:00:08  Checking cover reachability in step 6..
SBY  0:10:16 [formal/bank/orbit_ecc_bank_cover] engine_0: ##   0:00:10  Reached cover statement in step 6 at orbit_ecc_bank_fv: c_saturate
SBY  0:10:16 [formal/bank/orbit_ecc_bank_cover] engine_0: ##   0:00:10  Writing trace to VCD file: engine_0/trace2.vcd
SBY  0:10:17 [formal/bank/orbit_ecc_bank_cover] engine_0: ##   0:00:11  Writing trace to Verilog testbench: engine_0/trace2_tb.v
SBY  0:10:17 [formal/bank/orbit_ecc_bank_cover] engine_0: ##   0:00:11  Writing trace to constraints file: engine_0/trace2.smtc
SBY  0:10:17 [formal/bank/orbit_ecc_bank_cover] engine_0: ##   0:00:11  Writing trace to Yosys witness file: engine_0/trace2.yw
SBY  0:10:17 [formal/bank/orbit_ecc_bank_cover] engine_0: ##   0:00:11  Checking cover reachability in step 6..
SBY  0:10:19 [formal/bank/orbit_ecc_bank_cover] engine_0: ##   0:00:13  Checking cover reachability in step 7..
SBY  0:10:20 [formal/bank/orbit_ecc_bank_cover] engine_0: ##   0:00:14  Checking cover reachability in step 8..
SBY  0:10:22 [formal/bank/orbit_ecc_bank_cover] engine_0: ##   0:00:16  Checking cover reachability in step 9..
SBY  0:10:24 [formal/bank/orbit_ecc_bank_cover] engine_0: ##   0:00:18  Checking cover reachability in step 10..
SBY  0:10:27 [formal/bank/orbit_ecc_bank_cover] engine_0: ##   0:00:21  Checking cover reachability in step 11..
SBY  0:10:30 [formal/bank/orbit_ecc_bank_cover] engine_0: ##   0:00:24  Checking cover reachability in step 12..
SBY  0:10:33 [formal/bank/orbit_ecc_bank_cover] engine_0: ##   0:00:27  Checking cover reachability in step 13..
SBY  0:10:36 [formal/bank/orbit_ecc_bank_cover] engine_0: ##   0:00:30  Checking cover reachability in step 14..
SBY  0:10:40 [formal/bank/orbit_ecc_bank_cover] engine_0: ##   0:00:34  Checking cover reachability in step 15..
SBY  0:10:44 [formal/bank/orbit_ecc_bank_cover] engine_0: ##   0:00:38  Checking cover reachability in step 16..
SBY  0:10:49 [formal/bank/orbit_ecc_bank_cover] engine_0: ##   0:00:43  Checking cover reachability in step 17..
SBY  0:10:53 [formal/bank/orbit_ecc_bank_cover] engine_0: ##   0:00:47  Reached cover statement in step 17 at orbit_ecc_bank_fv: c_bound_tight
SBY  0:10:53 [formal/bank/orbit_ecc_bank_cover] engine_0: ##   0:00:47  Writing trace to VCD file: engine_0/trace3.vcd
SBY  0:10:57 [formal/bank/orbit_ecc_bank_cover] engine_0: ##   0:00:51  Writing trace to Verilog testbench: engine_0/trace3_tb.v
SBY  0:10:57 [formal/bank/orbit_ecc_bank_cover] engine_0: ##   0:00:51  Writing trace to constraints file: engine_0/trace3.smtc
SBY  0:10:57 [formal/bank/orbit_ecc_bank_cover] engine_0: ##   0:00:51  Writing trace to Yosys witness file: engine_0/trace3.yw
SBY  0:10:58 [formal/bank/orbit_ecc_bank_cover] engine_0: ##   0:00:52  Status: passed
SBY  0:10:58 [formal/bank/orbit_ecc_bank_cover] engine_0: finished (returncode=0)
SBY  0:10:58 [formal/bank/orbit_ecc_bank_cover] engine_0: Status returned by engine: pass
SBY  0:10:58 [formal/bank/orbit_ecc_bank_cover] summary: Elapsed clock time [H:MM:SS (secs)]: 0:00:58 (58)
SBY  0:10:58 [formal/bank/orbit_ecc_bank_cover] summary: Elapsed process time [H:MM:SS (secs)]: 0:00:58 (58)
SBY  0:10:58 [formal/bank/orbit_ecc_bank_cover] summary: engine_0 (smtbmc yices) returned pass
SBY  0:10:58 [formal/bank/orbit_ecc_bank_cover] summary: cover trace: formal/bank/orbit_ecc_bank_cover/engine_0/trace0.vcd
SBY  0:10:58 [formal/bank/orbit_ecc_bank_cover] summary:   reached cover statement orbit_ecc_bank_fv.c_scrub_two at orbit_ecc_bank_fv.sv:387.9-388.84 step 2
SBY  0:10:58 [formal/bank/orbit_ecc_bank_cover] summary: cover trace: formal/bank/orbit_ecc_bank_cover/engine_0/trace1.vcd
SBY  0:10:58 [formal/bank/orbit_ecc_bank_cover] summary:   reached cover statement orbit_ecc_bank_fv.c_ce_read_adj at orbit_ecc_bank_fv.sv:383.9-384.51 step 3
SBY  0:10:58 [formal/bank/orbit_ecc_bank_cover] summary: cover trace: formal/bank/orbit_ecc_bank_cover/engine_0/trace2.vcd
SBY  0:10:58 [formal/bank/orbit_ecc_bank_cover] summary:   reached cover statement orbit_ecc_bank_fv.c_saturate at orbit_ecc_bank_fv.sv:389.9-389.51 step 6
SBY  0:10:58 [formal/bank/orbit_ecc_bank_cover] summary: cover trace: formal/bank/orbit_ecc_bank_cover/engine_0/trace3.vcd
SBY  0:10:58 [formal/bank/orbit_ecc_bank_cover] summary:   reached cover statement orbit_ecc_bank_fv.c_bound_tight at orbit_ecc_bank_fv.sv:382.9-382.84 step 17
SBY  0:10:58 [formal/bank/orbit_ecc_bank_cover] DONE (PASS, rc=0)
