SBY  0:06:17 [formal/codec/orbit_secded72_codec] Removing directory formal/codec/orbit_secded72_codec'.
SBY  0:06:17 [formal/codec/orbit_secded72_codec] engine_0: smtbmc bitwuzla
SBY  0:06:17 [formal/codec/orbit_secded72_codec] base: starting process "cd formal/codec/orbit_secded72_codec/src; yosys -ql ../model/design.log ../model/design.ys"
SBY  0:06:18 [formal/codec/orbit_secded72_codec] base: finished (returncode=0)
SBY  0:06:18 [formal/codec/orbit_secded72_codec] prep: starting process "cd formal/codec/orbit_secded72_codec/model; yosys -ql design_prep.log design_prep.ys"
SBY  0:06:18 [formal/codec/orbit_secded72_codec] prep: finished (returncode=0)
SBY  0:06:18 [formal/codec/orbit_secded72_codec] smt2: starting process "cd formal/codec/orbit_secded72_codec/model; yosys -ql design_smt2.log design_smt2.ys"
SBY  0:06:18 [formal/codec/orbit_secded72_codec] smt2: finished (returncode=0)
SBY  0:06:18 [formal/codec/orbit_secded72_codec] engine_0.basecase: starting process "cd formal/codec/orbit_secded72_codec; yosys-smtbmc -s bitwuzla --presat --unroll --noprogress -t 1  --append 0 --dump-vcd engine_0/trace.vcd --dump-yw engine_0/trace.yw --dump-vlogtb engine_0/trace_tb.v --dump-smtc engine_0/trace.smtc model/design_smt2.smt2"
SBY  0:06:18 [formal/codec/orbit_secded72_codec] engine_0.induction: starting process "cd formal/codec/orbit_secded72_codec; yosys-smtbmc -s bitwuzla --presat --unroll -i --noprogress -t 1  --append 0 --dump-vcd engine_0/trace_induct.vcd --dump-yw engine_0/trace_induct.yw --dump-vlogtb engine_0/trace_induct_tb.v --dump-smtc engine_0/trace_induct.smtc model/design_smt2.smt2"
SBY  0:06:18 [formal/codec/orbit_secded72_codec] engine_0.basecase: ##   0:00:00  Solver: bitwuzla
SBY  0:06:18 [formal/codec/orbit_secded72_codec] engine_0.induction: ##   0:00:00  Solver: bitwuzla
SBY  0:06:19 [formal/codec/orbit_secded72_codec] engine_0.induction: ##   0:00:00  Trying induction in step 1..
SBY  0:06:19 [formal/codec/orbit_secded72_codec] engine_0.basecase: ##   0:00:01  Checking assumptions in step 0..
SBY  0:06:21 [formal/codec/orbit_secded72_codec] engine_0.basecase: ##   0:00:03  Checking assertions in step 0..
SBY  0:06:44 [formal/codec/orbit_secded72_codec] engine_0.basecase: ##   0:00:26  Status: passed
SBY  0:06:44 [formal/codec/orbit_secded72_codec] engine_0.basecase: finished (returncode=0)
SBY  0:06:44 [formal/codec/orbit_secded72_codec] engine_0.basecase: Status returned by engine for basecase: pass
SBY  0:06:58 [formal/codec/orbit_secded72_codec] engine_0.induction: ##   0:00:40  Temporal induction successful.
SBY  0:06:58 [formal/codec/orbit_secded72_codec] engine_0.induction: ##   0:00:40  Status: passed
SBY  0:06:58 [formal/codec/orbit_secded72_codec] engine_0.induction: finished (returncode=0)
SBY  0:06:58 [formal/codec/orbit_secded72_codec] engine_0.induction: Status returned by engine for induction: pass
SBY  0:06:58 [formal/codec/orbit_secded72_codec] summary: Elapsed clock time [H:MM:SS (secs)]: 0:00:40 (40)
SBY  0:06:58 [formal/codec/orbit_secded72_codec] summary: Elapsed process time [H:MM:SS (secs)]: 0:00:48 (48)
SBY  0:06:58 [formal/codec/orbit_secded72_codec] summary: engine_0 (smtbmc bitwuzla) returned pass for basecase
SBY  0:06:58 [formal/codec/orbit_secded72_codec] summary: engine_0 (smtbmc bitwuzla) returned pass for induction
SBY  0:06:58 [formal/codec/orbit_secded72_codec] summary: engine_0 did not produce any traces
SBY  0:06:58 [formal/codec/orbit_secded72_codec] summary: successful proof by k-induction.
SBY  0:06:58 [formal/codec/orbit_secded72_codec] DONE (PASS, rc=0)
