OpenROAD unknown 
Features included (+) or not (-): -GPU +GUI -Python
This program is licensed under the BSD-3 license. See the LICENSE file for details.
Components of this program may be licensed under more restrictive licenses which must be honored.
[INFO ORD-0030] Using 1 thread(s).
CORNER ss_100C_1v60 liberty sky130_fd_sc_hd__ss_100C_1v60.lib
=== reg2reg max ===
max_delay/setup group clk

                                     Required   Actual
Endpoint                                Delay    Delay    Slack
---------------------------------------------------------------
g_lane[0].u_lane.u_res_b/q[30]$_SDFFE_PN0P_/D (sky130_fd_sc_hd__dfxtp_1)    7.951   12.371   -4.420 (VIOLATED)

=== reg2reg min ===
min_delay/hold group clk

                                     Required   Actual
Endpoint                                Delay    Delay    Slack
---------------------------------------------------------------
u_thermal.phase$_SDFF_PN0_/D (sky130_fd_sc_hd__dfxtp_1)    1.007    1.899    0.891 (MET)

=== in2reg max ===
max_delay/setup group clk

                                     Required   Actual
Endpoint                                Delay    Delay    Slack
---------------------------------------------------------------
g_lane[1].u_lane.u_acc_a/q[31]$_SDFFE_PN0P_/D (sky130_fd_sc_hd__dfxtp_1)    8.144   14.275   -6.131 (VIOLATED)

=== in2reg min ===
min_delay/hold group clk

                                     Required   Actual
Endpoint                                Delay    Delay    Slack
---------------------------------------------------------------
out_valid_q$_SDFFE_PP0P_/D (sky130_fd_sc_hd__dfxtp_1)    1.011    2.422    1.411 (MET)

=== reg2out max ===
max_delay/setup group clk

                                     Required   Actual
Endpoint                                Delay    Delay    Slack
---------------------------------------------------------------
in_ready (output)                       5.760    9.902   -4.142 (VIOLATED)

=== reg2out min ===
min_delay/hold group clk

                                     Required   Actual
Endpoint                                Delay    Delay    Slack
---------------------------------------------------------------
out_data[6] (output)                   -1.440    2.547    3.987 (MET)

=== in2out max ===
max_delay/setup group clk

                                     Required   Actual
Endpoint                                Delay    Delay    Slack
---------------------------------------------------------------
in_ready (output)                       5.760    4.565    1.195 (MET)

=== in2out min ===
min_delay/hold group clk

                                     Required   Actual
Endpoint                                Delay    Delay    Slack
---------------------------------------------------------------
in_ready (output)                      -1.440    4.182    5.622 (MET)

=== drv ===
max slew

Pin                                     Limit     Slew    Slack
---------------------------------------------------------------
_6342_/Y                                1.492    2.004   -0.512 (VIOLATED)
_6353_/B                                1.500    2.004   -0.504 (VIOLATED)
_6576_/Y                                1.492    1.909   -0.417 (VIOLATED)
_6582_/C                                1.500    1.909   -0.409 (VIOLATED)
_6607_/Y                                1.468    1.829   -0.361 (VIOLATED)
_6717_/Y                                1.468    1.805   -0.337 (VIOLATED)
_6500_/Y                                1.492    1.826   -0.334 (VIOLATED)
_6619_/A                                1.500    1.829   -0.329 (VIOLATED)
_6512_/B                                1.500    1.826   -0.326 (VIOLATED)
_6517_/Y                                1.490    1.803   -0.312 (VIOLATED)
_6722_/C                                1.500    1.805   -0.305 (VIOLATED)
_6521_/A                                1.500    1.803   -0.303 (VIOLATED)
_6441_/Y                                1.486    1.722   -0.236 (VIOLATED)
_6443_/C1                               1.500    1.722   -0.222 (VIOLATED)
_5649_/Y                                1.473    1.668   -0.195 (VIOLATED)
g_lane[1].u_lane.u_acc_a/_130_/A1       1.500    1.668   -0.168 (VIOLATED)
g_lane[1].u_lane.u_res_a/_130_/A1       1.500    1.668   -0.168 (VIOLATED)
_6649_/Y                                1.492    1.657   -0.165 (VIOLATED)
_6650_/D                                1.500    1.657   -0.157 (VIOLATED)
_4670_/A                                1.500    1.552   -0.052 (VIOLATED)
_6034_/A3                               1.500    1.552   -0.052 (VIOLATED)
_6032_/D                                1.500    1.552   -0.052 (VIOLATED)
_6114_/B1                               1.500    1.552   -0.052 (VIOLATED)
_4819_/D                                1.500    1.552   -0.052 (VIOLATED)
_4821_/A3                               1.500    1.552   -0.052 (VIOLATED)
_6812_/A                                1.500    1.552   -0.052 (VIOLATED)
_6789_/A                                1.500    1.552   -0.052 (VIOLATED)
_6748_/A                                1.500    1.552   -0.052 (VIOLATED)
_4900_/B1                               1.500    1.552   -0.052 (VIOLATED)
_6809_/C1                               1.500    1.552   -0.052 (VIOLATED)
place1858/A                             1.500    1.552   -0.052 (VIOLATED)
_4662_/Y                                1.500    1.552   -0.052 (VIOLATED)
_6343_/X                                1.486    1.523   -0.037 (VIOLATED)
_6439_/Y                                1.486    1.513   -0.027 (VIOLATED)
_6347_/A                                1.500    1.523   -0.023 (VIOLATED)
_6440_/D1                               1.500    1.513   -0.013 (VIOLATED)
_6693_/Y                                1.492    1.492   -0.000 (VIOLATED)

max capacitance

Pin                                     Limit      Cap    Slack
---------------------------------------------------------------
_4662_/Y                                0.115    0.128   -0.013 (VIOLATED)

_6517_/Y                                0.040    0.051   -0.011 (VIOLATED)

_6342_/Y                                0.020    0.029   -0.009 (VIOLATED)

_6441_/Y                                0.049    0.057   -0.008 (VIOLATED)

_6576_/Y                                0.020    0.027   -0.007 (VIOLATED)

_6500_/Y                                0.020    0.026   -0.006 (VIOLATED)

_5649_/Y                                0.029    0.034   -0.005 (VIOLATED)

_6607_/Y                                0.010    0.014   -0.004 (VIOLATED)

_6717_/Y                                0.010    0.014   -0.003 (VIOLATED)

_6649_/Y                                0.020    0.023   -0.003 (VIOLATED)

_6343_/X                                0.046    0.048   -0.002 (VIOLATED)

_6439_/Y                                0.049    0.050   -0.001 (VIOLATED)

=== setup violating endpoints ===
max_delay/setup group clk

                                     Required   Actual
Endpoint                                Delay    Delay    Slack
---------------------------------------------------------------
g_lane[1].u_lane.u_acc_a/q[31]$_SDFFE_PN0P_/D (sky130_fd_sc_hd__dfxtp_1)    8.144   14.275   -6.131 (VIOLATED)
g_lane[1].u_lane.u_res_a/q[31]$_SDFFE_PN0P_/D (sky130_fd_sc_hd__dfxtp_1)    8.146   14.268   -6.121 (VIOLATED)
g_lane[0].u_lane.u_res_b/q[31]$_SDFFE_PN0P_/D (sky130_fd_sc_hd__dfxtp_1)    8.085   14.200   -6.115 (VIOLATED)
g_lane[0].u_lane.u_acc_b/q[31]$_SDFFE_PN0P_/D (sky130_fd_sc_hd__dfxtp_1)    8.085   14.187   -6.102 (VIOLATED)
g_lane[1].u_lane.u_res_a/q[26]$_SDFFE_PN0P_/D (sky130_fd_sc_hd__dfxtp_1)    8.017   14.013   -5.996 (VIOLATED)
g_lane[3].u_lane.u_acc_a/q[27]$_SDFFE_PN0P_/D (sky130_fd_sc_hd__dfxtp_1)    8.001   13.995   -5.994 (VIOLATED)
g_lane[2].u_lane.u_acc_a/q[29]$_SDFFE_PN0P_/D (sky130_fd_sc_hd__dfxtp_1)    8.030   14.002   -5.972 (VIOLATED)
g_lane[1].u_lane.u_acc_a/q[26]$_SDFFE_PN0P_/D (sky130_fd_sc_hd__dfxtp_1)    8.024   13.993   -5.968 (VIOLATED)
g_lane[1].u_lane.u_acc_a/q[30]$_SDFFE_PN0P_/D (sky130_fd_sc_hd__dfxtp_1)    8.024   13.974   -5.950 (VIOLATED)
g_lane[3].u_lane.u_res_a/q[27]$_SDFFE_PN0P_/D (sky130_fd_sc_hd__dfxtp_1)    8.003   13.953   -5.950 (VIOLATED)
g_lane[1].u_lane.u_acc_b/q[25]$_SDFFE_PN0P_/D (sky130_fd_sc_hd__dfxtp_1)    7.999   13.947   -5.948 (VIOLATED)
g_lane[1].u_lane.u_res_b/q[25]$_SDFFE_PN0P_/D (sky130_fd_sc_hd__dfxtp_1)    7.997   13.941   -5.944 (VIOLATED)
g_lane[2].u_lane.u_res_a/q[29]$_SDFFE_PN0P_/D (sky130_fd_sc_hd__dfxtp_1)    8.033   13.971   -5.938 (VIOLATED)
g_lane[1].u_lane.u_acc_b/q[23]$_SDFFE_PN0P_/D (sky130_fd_sc_hd__dfxtp_1)    7.994   13.930   -5.936 (VIOLATED)
g_lane[3].u_lane.u_res_a/q[29]$_SDFFE_PN0P_/D (sky130_fd_sc_hd__dfxtp_1)    8.124   14.059   -5.935 (VIOLATED)
g_lane[0].u_lane.u_acc_a/q[29]$_SDFFE_PN0P_/D (sky130_fd_sc_hd__dfxtp_1)    8.004   13.936   -5.932 (VIOLATED)
g_lane[1].u_lane.u_acc_a/q[28]$_SDFFE_PN0P_/D (sky130_fd_sc_hd__dfxtp_1)    8.028   13.958   -5.930 (VIOLATED)
g_lane[1].u_lane.u_res_a/q[28]$_SDFFE_PN0P_/D (sky130_fd_sc_hd__dfxtp_1)    8.145   14.072   -5.927 (VIOLATED)
g_lane[3].u_lane.u_acc_a/q[29]$_SDFFE_PN0P_/D (sky130_fd_sc_hd__dfxtp_1)    8.122   14.043   -5.921 (VIOLATED)
g_lane[3].u_lane.u_acc_a/q[26]$_SDFFE_PN0P_/D (sky130_fd_sc_hd__dfxtp_1)    7.999   13.917   -5.919 (VIOLATED)
g_lane[1].u_lane.u_acc_b/q[29]$_SDFFE_PN0P_/D (sky130_fd_sc_hd__dfxtp_1)    7.990   13.908   -5.918 (VIOLATED)
g_lane[1].u_lane.u_res_a/q[30]$_SDFFE_PN0P_/D (sky130_fd_sc_hd__dfxtp_1)    8.026   13.943   -5.918 (VIOLATED)
g_lane[3].u_lane.u_acc_a/q[30]$_SDFFE_PN0P_/D (sky130_fd_sc_hd__dfxtp_1)    7.998   13.915   -5.917 (VIOLATED)
g_lane[1].u_lane.u_res_b/q[23]$_SDFFE_PN0P_/D (sky130_fd_sc_hd__dfxtp_1)    7.998   13.912   -5.914 (VIOLATED)
g_lane[0].u_lane.u_res_a/q[29]$_SDFFE_PN0P_/D (sky130_fd_sc_hd__dfxtp_1)    8.006   13.912   -5.906 (VIOLATED)
g_lane[3].u_lane.u_res_a/q[26]$_SDFFE_PN0P_/D (sky130_fd_sc_hd__dfxtp_1)    8.001   13.904   -5.903 (VIOLATED)
g_lane[1].u_lane.u_res_a/q[24]$_SDFFE_PN0P_/D (sky130_fd_sc_hd__dfxtp_1)    8.143   14.040   -5.898 (VIOLATED)
g_lane[3].u_lane.u_acc_a/q[31]$_SDFFE_PN0P_/D (sky130_fd_sc_hd__dfxtp_1)    8.111   14.003   -5.891 (VIOLATED)
g_lane[3].u_lane.u_res_a/q[31]$_SDFFE_PN0P_/D (sky130_fd_sc_hd__dfxtp_1)    8.117   13.992   -5.874 (VIOLATED)
g_lane[1].u_lane.u_acc_b/q[28]$_SDFFE_PN0P_/D (sky130_fd_sc_hd__dfxtp_1)    7.992   13.865   -5.873 (VIOLATED)
g_lane[1].u_lane.u_acc_a/q[24]$_SDFFE_PN0P_/D (sky130_fd_sc_hd__dfxtp_1)    8.147   14.019   -5.873 (VIOLATED)
g_lane[3].u_lane.u_res_a/q[30]$_SDFFE_PN0P_/D (sky130_fd_sc_hd__dfxtp_1)    8.004   13.856   -5.852 (VIOLATED)
g_lane[1].u_lane.u_res_a/q[23]$_SDFFE_PN0P_/D (sky130_fd_sc_hd__dfxtp_1)    8.016   13.865   -5.849 (VIOLATED)
g_lane[1].u_lane.u_res_b/q[29]$_SDFFE_PN0P_/D (sky130_fd_sc_hd__dfxtp_1)    7.996   13.836   -5.840 (VIOLATED)
g_lane[1].u_lane.u_res_a/q[19]$_SDFFE_PN0P_/D (sky130_fd_sc_hd__dfxtp_1)    8.023   13.856   -5.832 (VIOLATED)
g_lane[3].u_lane.u_res_b/q[25]$_SDFFE_PN0P_/D (sky130_fd_sc_hd__dfxtp_1)    7.958   13.789   -5.831 (VIOLATED)
g_lane[3].u_lane.u_acc_b/q[17]$_SDFFE_PN0P_/D (sky130_fd_sc_hd__dfxtp_1)    8.080   13.911   -5.831 (VIOLATED)
g_lane[3].u_lane.u_res_b/q[17]$_SDFFE_PN0P_/D (sky130_fd_sc_hd__dfxtp_1)    8.083   13.913   -5.830 (VIOLATED)
g_lane[3].u_lane.u_acc_b/q[31]$_SDFFE_PN0P_/D (sky130_fd_sc_hd__dfxtp_1)    7.949   13.778   -5.829 (VIOLATED)
g_lane[2].u_lane.u_acc_b/q[30]$_SDFFE_PN0P_/D (sky130_fd_sc_hd__dfxtp_1)    7.989   13.807   -5.818 (VIOLATED)
g_lane[1].u_lane.u_acc_a/q[29]$_SDFFE_PN0P_/D (sky130_fd_sc_hd__dfxtp_1)    8.025   13.840   -5.815 (VIOLATED)
g_lane[1].u_lane.u_acc_a/q[23]$_SDFFE_PN0P_/D (sky130_fd_sc_hd__dfxtp_1)    8.019   13.832   -5.813 (VIOLATED)
g_lane[2].u_lane.u_acc_a/q[31]$_SDFFE_PN0P_/D (sky130_fd_sc_hd__dfxtp_1)    8.152   13.964   -5.812 (VIOLATED)
g_lane[1].u_lane.u_res_a/q[29]$_SDFFE_PN0P_/D (sky130_fd_sc_hd__dfxtp_1)    8.026   13.834   -5.808 (VIOLATED)
g_lane[1].u_lane.u_acc_a/q[27]$_SDFFE_PN0P_/D (sky130_fd_sc_hd__dfxtp_1)    8.126   13.933   -5.806 (VIOLATED)
g_lane[3].u_lane.u_res_b/q[31]$_SDFFE_PN0P_/D (sky130_fd_sc_hd__dfxtp_1)    7.950   13.756   -5.806 (VIOLATED)
g_lane[1].u_lane.u_res_b/q[28]$_SDFFE_PN0P_/D (sky130_fd_sc_hd__dfxtp_1)    7.995   13.800   -5.805 (VIOLATED)
g_lane[1].u_lane.u_acc_b/q[30]$_SDFFE_PN0P_/D (sky130_fd_sc_hd__dfxtp_1)    7.999   13.802   -5.802 (VIOLATED)
g_lane[1].u_lane.u_acc_b/q[21]$_SDFFE_PN0P_/D (sky130_fd_sc_hd__dfxtp_1)    8.128   13.926   -5.798 (VIOLATED)
g_lane[2].u_lane.u_res_a/q[31]$_SDFFE_PN0P_/D (sky130_fd_sc_hd__dfxtp_1)    8.154   13.951   -5.797 (VIOLATED)
g_lane[1].u_lane.u_res_a/q[20]$_SDFFE_PN0P_/D (sky130_fd_sc_hd__dfxtp_1)    8.146   13.943   -5.797 (VIOLATED)
g_lane[1].u_lane.u_res_b/q[21]$_SDFFE_PN0P_/D (sky130_fd_sc_hd__dfxtp_1)    8.125   13.921   -5.796 (VIOLATED)
g_lane[1].u_lane.u_acc_a/q[19]$_SDFFE_PN0P_/D (sky130_fd_sc_hd__dfxtp_1)    8.025   13.814   -5.788 (VIOLATED)
g_lane[3].u_lane.u_acc_b/q[25]$_SDFFE_PN0P_/D (sky130_fd_sc_hd__dfxtp_1)    7.962   13.749   -5.787 (VIOLATED)
g_lane[2].u_lane.u_res_b/q[30]$_SDFFE_PN0P_/D (sky130_fd_sc_hd__dfxtp_1)    7.991   13.770   -5.779 (VIOLATED)
g_lane[1].u_lane.u_res_b/q[30]$_SDFFE_PN0P_/D (sky130_fd_sc_hd__dfxtp_1)    7.997   13.775   -5.777 (VIOLATED)
g_lane[1].u_lane.u_acc_a/q[20]$_SDFFE_PN0P_/D (sky130_fd_sc_hd__dfxtp_1)    8.140   13.912   -5.772 (VIOLATED)
g_lane[1].u_lane.u_acc_a/q[22]$_SDFFE_PN0P_/D (sky130_fd_sc_hd__dfxtp_1)    8.019   13.790   -5.770 (VIOLATED)
g_lane[3].u_lane.u_acc_b/q[28]$_SDFFE_PN0P_/D (sky130_fd_sc_hd__dfxtp_1)    7.955   13.715   -5.761 (VIOLATED)
g_lane[3].u_lane.u_res_b/q[28]$_SDFFE_PN0P_/D (sky130_fd_sc_hd__dfxtp_1)    7.960   13.715   -5.755 (VIOLATED)
g_lane[3].u_lane.u_res_b/q[23]$_SDFFE_PN0P_/D (sky130_fd_sc_hd__dfxtp_1)    8.082   13.838   -5.755 (VIOLATED)
g_lane[1].u_lane.u_res_a/q[27]$_SDFFE_PN0P_/D (sky130_fd_sc_hd__dfxtp_1)    8.029   13.782   -5.753 (VIOLATED)
g_lane[1].u_lane.u_res_a/q[22]$_SDFFE_PN0P_/D (sky130_fd_sc_hd__dfxtp_1)    8.026   13.775   -5.750 (VIOLATED)
g_lane[3].u_lane.u_res_a/q[24]$_SDFFE_PN0P_/D (sky130_fd_sc_hd__dfxtp_1)    8.125   13.868   -5.743 (VIOLATED)
g_lane[1].u_lane.u_res_b/q[31]$_SDFFE_PN0P_/D (sky130_fd_sc_hd__dfxtp_1)    7.998   13.737   -5.739 (VIOLATED)
g_lane[3].u_lane.u_res_b/q[29]$_SDFFE_PN0P_/D (sky130_fd_sc_hd__dfxtp_1)    7.959   13.696   -5.738 (VIOLATED)
g_lane[3].u_lane.u_acc_b/q[23]$_SDFFE_PN0P_/D (sky130_fd_sc_hd__dfxtp_1)    8.081   13.815   -5.733 (VIOLATED)
g_lane[3].u_lane.u_acc_b/q[29]$_SDFFE_PN0P_/D (sky130_fd_sc_hd__dfxtp_1)    7.958   13.689   -5.731 (VIOLATED)
g_lane[3].u_lane.u_acc_a/q[24]$_SDFFE_PN0P_/D (sky130_fd_sc_hd__dfxtp_1)    8.133   13.863   -5.730 (VIOLATED)
g_lane[1].u_lane.u_acc_b/q[31]$_SDFFE_PN0P_/D (sky130_fd_sc_hd__dfxtp_1)    8.000   13.730   -5.730 (VIOLATED)
g_lane[1].u_lane.u_res_b/q[27]$_SDFFE_PN0P_/D (sky130_fd_sc_hd__dfxtp_1)    8.000   13.727   -5.727 (VIOLATED)
g_lane[1].u_lane.u_acc_a/q[25]$_SDFFE_PN0P_/D (sky130_fd_sc_hd__dfxtp_1)    8.015   13.738   -5.723 (VIOLATED)
g_lane[2].u_lane.u_acc_a/q[23]$_SDFFE_PN0P_/D (sky130_fd_sc_hd__dfxtp_1)    8.025   13.748   -5.722 (VIOLATED)
g_lane[2].u_lane.u_res_a/q[23]$_SDFFE_PN0P_/D (sky130_fd_sc_hd__dfxtp_1)    8.023   13.745   -5.721 (VIOLATED)
g_lane[2].u_lane.u_res_a/q[26]$_SDFFE_PN0P_/D (sky130_fd_sc_hd__dfxtp_1)    8.127   13.847   -5.719 (VIOLATED)
g_lane[2].u_lane.u_acc_a/q[30]$_SDFFE_PN0P_/D (sky130_fd_sc_hd__dfxtp_1)    8.022   13.739   -5.717 (VIOLATED)
g_lane[3].u_lane.u_acc_b/q[26]$_SDFFE_PN0P_/D (sky130_fd_sc_hd__dfxtp_1)    7.958   13.670   -5.712 (VIOLATED)
g_lane[2].u_lane.u_acc_b/q[27]$_SDFFE_PN0P_/D (sky130_fd_sc_hd__dfxtp_1)    8.117   13.827   -5.710 (VIOLATED)
g_lane[3].u_lane.u_res_a/q[28]$_SDFFE_PN0P_/D (sky130_fd_sc_hd__dfxtp_1)    8.004   13.713   -5.709 (VIOLATED)
g_lane[3].u_lane.u_res_b/q[26]$_SDFFE_PN0P_/D (sky130_fd_sc_hd__dfxtp_1)    7.960   13.669   -5.709 (VIOLATED)
g_lane[2].u_lane.u_acc_b/q[24]$_SDFFE_PN0P_/D (sky130_fd_sc_hd__dfxtp_1)    7.992   13.697   -5.706 (VIOLATED)
g_lane[3].u_lane.u_acc_a/q[28]$_SDFFE_PN0P_/D (sky130_fd_sc_hd__dfxtp_1)    8.014   13.717   -5.703 (VIOLATED)
g_lane[1].u_lane.u_acc_b/q[27]$_SDFFE_PN0P_/D (sky130_fd_sc_hd__dfxtp_1)    8.003   13.704   -5.701 (VIOLATED)
g_lane[0].u_lane.u_res_a/q[26]$_SDFFE_PN0P_/D (sky130_fd_sc_hd__dfxtp_1)    8.008   13.707   -5.699 (VIOLATED)
g_lane[0].u_lane.u_acc_a/q[27]$_SDFFE_PN0P_/D (sky130_fd_sc_hd__dfxtp_1)    8.014   13.712   -5.698 (VIOLATED)
g_lane[0].u_lane.u_res_a/q[27]$_SDFFE_PN0P_/D (sky130_fd_sc_hd__dfxtp_1)    8.014   13.711   -5.696 (VIOLATED)
g_lane[1].u_lane.u_acc_b/q[17]$_SDFFE_PN0P_/D (sky130_fd_sc_hd__dfxtp_1)    8.122   13.815   -5.693 (VIOLATED)
g_lane[3].u_lane.u_acc_a/q[25]$_SDFFE_PN0P_/D (sky130_fd_sc_hd__dfxtp_1)    8.125   13.817   -5.692 (VIOLATED)
g_lane[2].u_lane.u_res_b/q[27]$_SDFFE_PN0P_/D (sky130_fd_sc_hd__dfxtp_1)    8.124   13.813   -5.688 (VIOLATED)
g_lane[0].u_lane.u_res_b/q[30]$_SDFFE_PN0P_/D (sky130_fd_sc_hd__dfxtp_1)    7.951   13.636   -5.686 (VIOLATED)
g_lane[3].u_lane.u_acc_a/q[23]$_SDFFE_PN0P_/D (sky130_fd_sc_hd__dfxtp_1)    8.115   13.799   -5.684 (VIOLATED)
g_lane[3].u_lane.u_acc_b/q[27]$_SDFFE_PN0P_/D (sky130_fd_sc_hd__dfxtp_1)    8.080   13.762   -5.683 (VIOLATED)
g_lane[3].u_lane.u_acc_b/q[30]$_SDFFE_PN0P_/D (sky130_fd_sc_hd__dfxtp_1)    7.959   13.640   -5.682 (VIOLATED)
g_lane[3].u_lane.u_res_b/q[27]$_SDFFE_PN0P_/D (sky130_fd_sc_hd__dfxtp_1)    8.081   13.756   -5.675 (VIOLATED)
g_lane[3].u_lane.u_res_b/q[30]$_SDFFE_PN0P_/D (sky130_fd_sc_hd__dfxtp_1)    7.958   13.632   -5.674 (VIOLATED)
g_lane[0].u_lane.u_acc_a/q[26]$_SDFFE_PN0P_/D (sky130_fd_sc_hd__dfxtp_1)    8.010   13.682   -5.672 (VIOLATED)
g_lane[2].u_lane.u_acc_a/q[26]$_SDFFE_PN0P_/D (sky130_fd_sc_hd__dfxtp_1)    8.151   13.822   -5.671 (VIOLATED)
g_lane[3].u_lane.u_res_a/q[25]$_SDFFE_PN0P_/D (sky130_fd_sc_hd__dfxtp_1)    8.127   13.795   -5.668 (VIOLATED)
g_lane[2].u_lane.u_res_b/q[24]$_SDFFE_PN0P_/D (sky130_fd_sc_hd__dfxtp_1)    7.995   13.662   -5.667 (VIOLATED)
g_lane[3].u_lane.u_res_a/q[23]$_SDFFE_PN0P_/D (sky130_fd_sc_hd__dfxtp_1)    8.125   13.791   -5.666 (VIOLATED)
g_lane[0].u_lane.u_acc_a/q[28]$_SDFFE_PN0P_/D (sky130_fd_sc_hd__dfxtp_1)    8.007   13.667   -5.660 (VIOLATED)
g_lane[2].u_lane.u_acc_a/q[27]$_SDFFE_PN0P_/D (sky130_fd_sc_hd__dfxtp_1)    8.027   13.671   -5.644 (VIOLATED)
g_lane[2].u_lane.u_res_a/q[30]$_SDFFE_PN0P_/D (sky130_fd_sc_hd__dfxtp_1)    8.026   13.670   -5.644 (VIOLATED)
g_lane[1].u_lane.u_res_b/q[17]$_SDFFE_PN0P_/D (sky130_fd_sc_hd__dfxtp_1)    8.123   13.765   -5.642 (VIOLATED)
g_lane[1].u_lane.u_res_a/q[25]$_SDFFE_PN0P_/D (sky130_fd_sc_hd__dfxtp_1)    8.031   13.670   -5.640 (VIOLATED)
g_lane[2].u_lane.u_res_a/q[27]$_SDFFE_PN0P_/D (sky130_fd_sc_hd__dfxtp_1)    8.032   13.668   -5.636 (VIOLATED)
g_lane[2].u_lane.u_res_b/q[31]$_SDFFE_PN0P_/D (sky130_fd_sc_hd__dfxtp_1)    8.120   13.755   -5.636 (VIOLATED)
g_lane[0].u_lane.u_res_b/q[29]$_SDFFE_PN0P_/D (sky130_fd_sc_hd__dfxtp_1)    7.951   13.584   -5.633 (VIOLATED)
g_lane[0].u_lane.u_acc_b/q[30]$_SDFFE_PN0P_/D (sky130_fd_sc_hd__dfxtp_1)    7.956   13.583   -5.627 (VIOLATED)
g_lane[0].u_lane.u_acc_a/q[21]$_SDFFE_PN0P_/D (sky130_fd_sc_hd__dfxtp_1)    8.006   13.632   -5.627 (VIOLATED)
g_lane[2].u_lane.u_acc_b/q[31]$_SDFFE_PN0P_/D (sky130_fd_sc_hd__dfxtp_1)    8.124   13.747   -5.623 (VIOLATED)
g_lane[2].u_lane.u_acc_a/q[28]$_SDFFE_PN0P_/D (sky130_fd_sc_hd__dfxtp_1)    8.027   13.646   -5.619 (VIOLATED)
g_lane[1].u_lane.u_acc_b/q[24]$_SDFFE_PN0P_/D (sky130_fd_sc_hd__dfxtp_1)    8.109   13.728   -5.619 (VIOLATED)
g_lane[2].u_lane.u_res_b/q[29]$_SDFFE_PN0P_/D (sky130_fd_sc_hd__dfxtp_1)    8.000   13.617   -5.617 (VIOLATED)
g_lane[2].u_lane.u_acc_b/q[29]$_SDFFE_PN0P_/D (sky130_fd_sc_hd__dfxtp_1)    8.002   13.618   -5.615 (VIOLATED)
g_lane[0].u_lane.u_res_a/q[21]$_SDFFE_PN0P_/D (sky130_fd_sc_hd__dfxtp_1)    8.006   13.621   -5.615 (VIOLATED)
g_lane[1].u_lane.u_res_b/q[19]$_SDFFE_PN0P_/D (sky130_fd_sc_hd__dfxtp_1)    8.103   13.717   -5.614 (VIOLATED)
g_lane[1].u_lane.u_res_a/q[17]$_SDFFE_PN0P_/D (sky130_fd_sc_hd__dfxtp_1)    8.017   13.626   -5.609 (VIOLATED)
g_lane[2].u_lane.u_res_a/q[28]$_SDFFE_PN0P_/D (sky130_fd_sc_hd__dfxtp_1)    8.027   13.620   -5.593 (VIOLATED)
g_lane[2].u_lane.u_res_b/q[23]$_SDFFE_PN0P_/D (sky130_fd_sc_hd__dfxtp_1)    7.961   13.552   -5.591 (VIOLATED)
g_lane[2].u_lane.u_res_a/q[25]$_SDFFE_PN0P_/D (sky130_fd_sc_hd__dfxtp_1)    8.017   13.607   -5.591 (VIOLATED)
g_lane[0].u_lane.u_acc_a/q[30]$_SDFFE_PN0P_/D (sky130_fd_sc_hd__dfxtp_1)    8.013   13.601   -5.588 (VIOLATED)
g_lane[2].u_lane.u_acc_b/q[22]$_SDFFE_PN0P_/D (sky130_fd_sc_hd__dfxtp_1)    8.004   13.592   -5.588 (VIOLATED)
g_lane[0].u_lane.u_acc_a/q[23]$_SDFFE_PN0P_/D (sky130_fd_sc_hd__dfxtp_1)    7.997   13.584   -5.587 (VIOLATED)
g_lane[1].u_lane.u_acc_a/q[17]$_SDFFE_PN0P_/D (sky130_fd_sc_hd__dfxtp_1)    8.017   13.604   -5.587 (VIOLATED)
g_lane[0].u_lane.u_acc_b/q[28]$_SDFFE_PN0P_/D (sky130_fd_sc_hd__dfxtp_1)    7.954   13.541   -5.587 (VIOLATED)
g_lane[0].u_lane.u_res_a/q[28]$_SDFFE_PN0P_/D (sky130_fd_sc_hd__dfxtp_1)    8.015   13.599   -5.584 (VIOLATED)
g_lane[0].u_lane.u_res_a/q[23]$_SDFFE_PN0P_/D (sky130_fd_sc_hd__dfxtp_1)    8.002   13.584   -5.582 (VIOLATED)
g_lane[2].u_lane.u_res_b/q[22]$_SDFFE_PN0P_/D (sky130_fd_sc_hd__dfxtp_1)    8.005   13.583   -5.579 (VIOLATED)
g_lane[2].u_lane.u_res_b/q[26]$_SDFFE_PN0P_/D (sky130_fd_sc_hd__dfxtp_1)    7.997   13.573   -5.576 (VIOLATED)
g_lane[0].u_lane.u_acc_b/q[29]$_SDFFE_PN0P_/D (sky130_fd_sc_hd__dfxtp_1)    7.960   13.534   -5.573 (VIOLATED)
g_lane[0].u_lane.u_acc_a/q[31]$_SDFFE_PN0P_/D (sky130_fd_sc_hd__dfxtp_1)    8.005   13.578   -5.573 (VIOLATED)
g_lane[0].u_lane.u_acc_a/q[25]$_SDFFE_PN0P_/D (sky130_fd_sc_hd__dfxtp_1)    8.004   13.575   -5.571 (VIOLATED)
g_lane[2].u_lane.u_acc_b/q[15]$_SDFFE_PN0P_/D (sky130_fd_sc_hd__dfxtp_1)    8.113   13.684   -5.570 (VIOLATED)
g_lane[2].u_lane.u_acc_b/q[26]$_SDFFE_PN0P_/D (sky130_fd_sc_hd__dfxtp_1)    7.997   13.567   -5.570 (VIOLATED)
g_lane[0].u_lane.u_res_a/q[30]$_SDFFE_PN0P_/D (sky130_fd_sc_hd__dfxtp_1)    8.013   13.582   -5.569 (VIOLATED)
g_lane[1].u_lane.u_res_b/q[24]$_SDFFE_PN0P_/D (sky130_fd_sc_hd__dfxtp_1)    8.120   13.684   -5.564 (VIOLATED)
g_lane[0].u_lane.u_res_b/q[28]$_SDFFE_PN0P_/D (sky130_fd_sc_hd__dfxtp_1)    7.954   13.514   -5.559 (VIOLATED)
g_lane[3].u_lane.u_acc_b/q[21]$_SDFFE_PN0P_/D (sky130_fd_sc_hd__dfxtp_1)    7.960   13.518   -5.558 (VIOLATED)
g_lane[0].u_lane.u_res_a/q[31]$_SDFFE_PN0P_/D (sky130_fd_sc_hd__dfxtp_1)    8.005   13.558   -5.553 (VIOLATED)
g_lane[0].u_lane.u_acc_b/q[26]$_SDFFE_PN0P_/D (sky130_fd_sc_hd__dfxtp_1)    7.965   13.509   -5.544 (VIOLATED)
g_lane[0].u_lane.u_res_b/q[26]$_SDFFE_PN0P_/D (sky130_fd_sc_hd__dfxtp_1)    7.965   13.509   -5.544 (VIOLATED)
g_lane[2].u_lane.u_acc_a/q[25]$_SDFFE_PN0P_/D (sky130_fd_sc_hd__dfxtp_1)    8.027   13.570   -5.543 (VIOLATED)
g_lane[2].u_lane.u_acc_b/q[28]$_SDFFE_PN0P_/D (sky130_fd_sc_hd__dfxtp_1)    8.119   13.660   -5.541 (VIOLATED)
g_lane[0].u_lane.u_res_a/q[25]$_SDFFE_PN0P_/D (sky130_fd_sc_hd__dfxtp_1)    8.004   13.543   -5.539 (VIOLATED)
g_lane[3].u_lane.u_res_b/q[21]$_SDFFE_PN0P_/D (sky130_fd_sc_hd__dfxtp_1)    7.959   13.498   -5.539 (VIOLATED)
g_lane[2].u_lane.u_acc_b/q[23]$_SDFFE_PN0P_/D (sky130_fd_sc_hd__dfxtp_1)    8.014   13.551   -5.537 (VIOLATED)
g_lane[0].u_lane.u_acc_b/q[27]$_SDFFE_PN0P_/D (sky130_fd_sc_hd__dfxtp_1)    8.079   13.616   -5.537 (VIOLATED)
g_lane[3].u_lane.u_acc_a/q[22]$_SDFFE_PN0P_/D (sky130_fd_sc_hd__dfxtp_1)    8.011   13.547   -5.536 (VIOLATED)
g_lane[2].u_lane.u_res_b/q[15]$_SDFFE_PN0P_/D (sky130_fd_sc_hd__dfxtp_1)    8.120   13.654   -5.534 (VIOLATED)
g_lane[1].u_lane.u_acc_b/q[19]$_SDFFE_PN0P_/D (sky130_fd_sc_hd__dfxtp_1)    8.130   13.663   -5.533 (VIOLATED)
g_lane[3].u_lane.u_res_a/q[22]$_SDFFE_PN0P_/D (sky130_fd_sc_hd__dfxtp_1)    8.013   13.539   -5.527 (VIOLATED)
g_lane[0].u_lane.u_acc_a/q[24]$_SDFFE_PN0P_/D (sky130_fd_sc_hd__dfxtp_1)    8.014   13.536   -5.522 (VIOLATED)
g_lane[1].u_lane.u_res_a/q[18]$_SDFFE_PN0P_/D (sky130_fd_sc_hd__dfxtp_1)    8.142   13.657   -5.515 (VIOLATED)
g_lane[2].u_lane.u_res_b/q[17]$_SDFFE_PN0P_/D (sky130_fd_sc_hd__dfxtp_1)    8.113   13.627   -5.514 (VIOLATED)
g_lane[1].u_lane.u_res_b/q[26]$_SDFFE_PN0P_/D (sky130_fd_sc_hd__dfxtp_1)    8.002   13.516   -5.514 (VIOLATED)
g_lane[1].u_lane.u_acc_b/q[26]$_SDFFE_PN0P_/D (sky130_fd_sc_hd__dfxtp_1)    8.002   13.514   -5.512 (VIOLATED)
g_lane[2].u_lane.u_res_b/q[28]$_SDFFE_PN0P_/D (sky130_fd_sc_hd__dfxtp_1)    8.120   13.624   -5.505 (VIOLATED)
g_lane[2].u_lane.u_acc_b/q[17]$_SDFFE_PN0P_/D (sky130_fd_sc_hd__dfxtp_1)    8.106   13.607   -5.501 (VIOLATED)
g_lane[0].u_lane.u_res_b/q[27]$_SDFFE_PN0P_/D (sky130_fd_sc_hd__dfxtp_1)    8.090   13.589   -5.500 (VIOLATED)
g_lane[0].u_lane.u_res_b/q[25]$_SDFFE_PN0P_/D (sky130_fd_sc_hd__dfxtp_1)    8.091   13.580   -5.489 (VIOLATED)
g_lane[0].u_lane.u_res_a/q[24]$_SDFFE_PN0P_/D (sky130_fd_sc_hd__dfxtp_1)    8.015   13.502   -5.487 (VIOLATED)
g_lane[0].u_lane.u_acc_b/q[25]$_SDFFE_PN0P_/D (sky130_fd_sc_hd__dfxtp_1)    8.091   13.574   -5.483 (VIOLATED)
g_lane[1].u_lane.u_acc_a/q[18]$_SDFFE_PN0P_/D (sky130_fd_sc_hd__dfxtp_1)    8.145   13.627   -5.483 (VIOLATED)
g_lane[2].u_lane.u_acc_b/q[25]$_SDFFE_PN0P_/D (sky130_fd_sc_hd__dfxtp_1)    8.013   13.476   -5.463 (VIOLATED)
g_lane[3].u_lane.u_acc_a/q[20]$_SDFFE_PN0P_/D (sky130_fd_sc_hd__dfxtp_1)    8.000   13.463   -5.462 (VIOLATED)
g_lane[0].u_lane.u_res_b/q[24]$_SDFFE_PN0P_/D (sky130_fd_sc_hd__dfxtp_1)    7.961   13.421   -5.459 (VIOLATED)
g_lane[2].u_lane.u_res_a/q[21]$_SDFFE_PN0P_/D (sky130_fd_sc_hd__dfxtp_1)    8.145   13.600   -5.455 (VIOLATED)
g_lane[1].u_lane.u_res_a/q[21]$_SDFFE_PN0P_/D (sky130_fd_sc_hd__dfxtp_1)    8.141   13.589   -5.448 (VIOLATED)
g_lane[2].u_lane.u_acc_a/q[20]$_SDFFE_PN0P_/D (sky130_fd_sc_hd__dfxtp_1)    8.021   13.468   -5.446 (VIOLATED)
g_lane[2].u_lane.u_res_a/q[20]$_SDFFE_PN0P_/D (sky130_fd_sc_hd__dfxtp_1)    8.026   13.462   -5.437 (VIOLATED)
g_lane[2].u_lane.u_acc_a/q[21]$_SDFFE_PN0P_/D (sky130_fd_sc_hd__dfxtp_1)    8.146   13.582   -5.436 (VIOLATED)
g_lane[3].u_lane.u_res_a/q[20]$_SDFFE_PN0P_/D (sky130_fd_sc_hd__dfxtp_1)    8.002   13.436   -5.434 (VIOLATED)
g_lane[0].u_lane.u_acc_b/q[24]$_SDFFE_PN0P_/D (sky130_fd_sc_hd__dfxtp_1)    7.966   13.396   -5.430 (VIOLATED)
g_lane[3].u_lane.u_acc_b/q[19]$_SDFFE_PN0P_/D (sky130_fd_sc_hd__dfxtp_1)    8.078   13.503   -5.425 (VIOLATED)
g_lane[1].u_lane.u_acc_a/q[21]$_SDFFE_PN0P_/D (sky130_fd_sc_hd__dfxtp_1)    8.167   13.589   -5.423 (VIOLATED)
g_lane[3].u_lane.u_res_b/q[19]$_SDFFE_PN0P_/D (sky130_fd_sc_hd__dfxtp_1)    8.080   13.496   -5.415 (VIOLATED)
g_lane[3].u_lane.u_res_b/q[24]$_SDFFE_PN0P_/D (sky130_fd_sc_hd__dfxtp_1)    7.952   13.365   -5.413 (VIOLATED)
g_lane[0].u_lane.u_res_b/q[14]$_SDFFE_PN0P_/D (sky130_fd_sc_hd__dfxtp_1)    8.082   13.493   -5.411 (VIOLATED)
g_lane[2].u_lane.u_acc_a/q[24]$_SDFFE_PN0P_/D (sky130_fd_sc_hd__dfxtp_1)    8.024   13.435   -5.411 (VIOLATED)
g_lane[2].u_lane.u_res_b/q[25]$_SDFFE_PN0P_/D (sky130_fd_sc_hd__dfxtp_1)    8.016   13.423   -5.407 (VIOLATED)
g_lane[3].u_lane.u_acc_b/q[24]$_SDFFE_PN0P_/D (sky130_fd_sc_hd__dfxtp_1)    7.954   13.337   -5.383 (VIOLATED)
g_lane[0].u_lane.u_acc_b/q[14]$_SDFFE_PN0P_/D (sky130_fd_sc_hd__dfxtp_1)    8.080   13.459   -5.378 (VIOLATED)
g_lane[3].u_lane.u_res_a/q[21]$_SDFFE_PN0P_/D (sky130_fd_sc_hd__dfxtp_1)    8.129   13.498   -5.369 (VIOLATED)
g_lane[3].u_lane.u_acc_a/q[21]$_SDFFE_PN0P_/D (sky130_fd_sc_hd__dfxtp_1)    8.132   13.484   -5.352 (VIOLATED)
g_lane[0].u_lane.u_res_b/q[23]$_SDFFE_PN0P_/D (sky130_fd_sc_hd__dfxtp_1)    8.082   13.417   -5.334 (VIOLATED)
g_lane[2].u_lane.u_res_a/q[24]$_SDFFE_PN0P_/D (sky130_fd_sc_hd__dfxtp_1)    8.009   13.342   -5.333 (VIOLATED)
g_lane[2].u_lane.u_res_b/q[20]$_SDFFE_PN0P_/D (sky130_fd_sc_hd__dfxtp_1)    7.996   13.325   -5.329 (VIOLATED)
g_lane[2].u_lane.u_acc_b/q[19]$_SDFFE_PN0P_/D (sky130_fd_sc_hd__dfxtp_1)    7.991   13.320   -5.329 (VIOLATED)
g_lane[2].u_lane.u_acc_b/q[20]$_SDFFE_PN0P_/D (sky130_fd_sc_hd__dfxtp_1)    8.001   13.325   -5.324 (VIOLATED)
g_lane[3].u_lane.u_acc_b/q[20]$_SDFFE_PN0P_/D (sky130_fd_sc_hd__dfxtp_1)    8.080   13.400   -5.320 (VIOLATED)
g_lane[0].u_lane.u_acc_b/q[23]$_SDFFE_PN0P_/D (sky130_fd_sc_hd__dfxtp_1)    8.085   13.403   -5.318 (VIOLATED)
g_lane[3].u_lane.u_res_b/q[20]$_SDFFE_PN0P_/D (sky130_fd_sc_hd__dfxtp_1)    8.075   13.388   -5.312 (VIOLATED)
g_lane[3].u_lane.u_acc_b/q[22]$_SDFFE_PN0P_/D (sky130_fd_sc_hd__dfxtp_1)    7.960   13.261   -5.300 (VIOLATED)
g_lane[0].u_lane.u_res_a/q[17]$_SDFFE_PN0P_/D (sky130_fd_sc_hd__dfxtp_1)    8.007   13.302   -5.295 (VIOLATED)
g_lane[3].u_lane.u_res_b/q[22]$_SDFFE_PN0P_/D (sky130_fd_sc_hd__dfxtp_1)    7.961   13.256   -5.295 (VIOLATED)
g_lane[2].u_lane.u_res_b/q[19]$_SDFFE_PN0P_/D (sky130_fd_sc_hd__dfxtp_1)    7.994   13.283   -5.289 (VIOLATED)
g_lane[1].u_lane.u_res_b/q[22]$_SDFFE_PN0P_/D (sky130_fd_sc_hd__dfxtp_1)    7.999   13.278   -5.279 (VIOLATED)
g_lane[0].u_lane.u_acc_a/q[17]$_SDFFE_PN0P_/D (sky130_fd_sc_hd__dfxtp_1)    8.007   13.271   -5.264 (VIOLATED)
g_lane[2].u_lane.u_acc_a/q[17]$_SDFFE_PN0P_/D (sky130_fd_sc_hd__dfxtp_1)    8.018   13.277   -5.259 (VIOLATED)
g_lane[1].u_lane.u_acc_b/q[22]$_SDFFE_PN0P_/D (sky130_fd_sc_hd__dfxtp_1)    8.010   13.267   -5.257 (VIOLATED)
g_lane[2].u_lane.u_res_a/q[17]$_SDFFE_PN0P_/D (sky130_fd_sc_hd__dfxtp_1)    8.027   13.272   -5.244 (VIOLATED)
g_lane[1].u_lane.u_res_b/q[20]$_SDFFE_PN0P_/D (sky130_fd_sc_hd__dfxtp_1)    8.124   13.364   -5.240 (VIOLATED)
g_lane[1].u_lane.u_acc_b/q[20]$_SDFFE_PN0P_/D (sky130_fd_sc_hd__dfxtp_1)    8.122   13.336   -5.214 (VIOLATED)
g_lane[0].u_lane.u_res_b/q[21]$_SDFFE_PN0P_/D (sky130_fd_sc_hd__dfxtp_1)    8.086   13.291   -5.206 (VIOLATED)
g_lane[2].u_lane.u_res_b/q[21]$_SDFFE_PN0P_/D (sky130_fd_sc_hd__dfxtp_1)    8.118   13.323   -5.205 (VIOLATED)
g_lane[0].u_lane.u_res_a/q[22]$_SDFFE_PN0P_/D (sky130_fd_sc_hd__dfxtp_1)    8.009   13.212   -5.203 (VIOLATED)
g_lane[0].u_lane.u_res_a/q[20]$_SDFFE_PN0P_/D (sky130_fd_sc_hd__dfxtp_1)    8.011   13.211   -5.200 (VIOLATED)
g_lane[2].u_lane.u_acc_b/q[21]$_SDFFE_PN0P_/D (sky130_fd_sc_hd__dfxtp_1)    8.125   13.309   -5.184 (VIOLATED)
g_lane[0].u_lane.u_res_b/q[17]$_SDFFE_PN0P_/D (sky130_fd_sc_hd__dfxtp_1)    8.081   13.257   -5.176 (VIOLATED)
g_lane[0].u_lane.u_res_b/q[22]$_SDFFE_PN0P_/D (sky130_fd_sc_hd__dfxtp_1)    8.081   13.256   -5.175 (VIOLATED)
g_lane[3].u_lane.u_acc_a/q[17]$_SDFFE_PN0P_/D (sky130_fd_sc_hd__dfxtp_1)    8.007   13.180   -5.173 (VIOLATED)
g_lane[0].u_lane.u_acc_b/q[21]$_SDFFE_PN0P_/D (sky130_fd_sc_hd__dfxtp_1)    8.087   13.256   -5.169 (VIOLATED)
g_lane[3].u_lane.u_res_a/q[18]$_SDFFE_PN0P_/D (sky130_fd_sc_hd__dfxtp_1)    8.007   13.168   -5.161 (VIOLATED)
g_lane[0].u_lane.u_acc_b/q[22]$_SDFFE_PN0P_/D (sky130_fd_sc_hd__dfxtp_1)    8.087   13.244   -5.158 (VIOLATED)
g_lane[0].u_lane.u_acc_a/q[20]$_SDFFE_PN0P_/D (sky130_fd_sc_hd__dfxtp_1)    8.013   13.170   -5.157 (VIOLATED)
g_lane[1].u_lane.u_res_a/q[16]$_SDFFE_PN0P_/D (sky130_fd_sc_hd__dfxtp_1)    8.024   13.178   -5.154 (VIOLATED)
g_lane[1].u_lane.u_acc_a/q[16]$_SDFFE_PN0P_/D (sky130_fd_sc_hd__dfxtp_1)    8.021   13.167   -5.146 (VIOLATED)
g_lane[0].u_lane.u_acc_b/q[17]$_SDFFE_PN0P_/D (sky130_fd_sc_hd__dfxtp_1)    8.084   13.228   -5.144 (VIOLATED)
g_lane[3].u_lane.u_acc_a/q[18]$_SDFFE_PN0P_/D (sky130_fd_sc_hd__dfxtp_1)    8.010   13.155   -5.144 (VIOLATED)
g_lane[3].u_lane.u_res_a/q[17]$_SDFFE_PN0P_/D (sky130_fd_sc_hd__dfxtp_1)    8.008   13.149   -5.141 (VIOLATED)
g_lane[0].u_lane.u_acc_a/q[22]$_SDFFE_PN0P_/D (sky130_fd_sc_hd__dfxtp_1)    8.015   13.135   -5.120 (VIOLATED)
g_lane[1].u_lane.u_acc_b/q[18]$_SDFFE_PN0P_/D (sky130_fd_sc_hd__dfxtp_1)    7.998   13.110   -5.112 (VIOLATED)
g_lane[1].u_lane.u_res_b/q[18]$_SDFFE_PN0P_/D (sky130_fd_sc_hd__dfxtp_1)    8.003   13.102   -5.099 (VIOLATED)
g_lane[0].u_lane.u_acc_a/q[19]$_SDFFE_PN0P_/D (sky130_fd_sc_hd__dfxtp_1)    8.009   13.097   -5.088 (VIOLATED)
g_lane[0].u_lane.u_res_a/q[19]$_SDFFE_PN0P_/D (sky130_fd_sc_hd__dfxtp_1)    8.010   13.092   -5.083 (VIOLATED)
g_lane[0].u_lane.u_res_a/q[14]$_SDFFE_PN0P_/D (sky130_fd_sc_hd__dfxtp_1)    8.008   13.051   -5.043 (VIOLATED)
g_lane[2].u_lane.u_acc_b/q[18]$_SDFFE_PN0P_/D (sky130_fd_sc_hd__dfxtp_1)    8.122   13.151   -5.029 (VIOLATED)
g_lane[1].u_lane.u_acc_b/q[15]$_SDFFE_PN0P_/D (sky130_fd_sc_hd__dfxtp_1)    7.998   13.026   -5.028 (VIOLATED)
g_lane[2].u_lane.u_res_b/q[14]$_SDFFE_PN0P_/D (sky130_fd_sc_hd__dfxtp_1)    8.011   13.038   -5.027 (VIOLATED)
g_lane[2].u_lane.u_acc_b/q[14]$_SDFFE_PN0P_/D (sky130_fd_sc_hd__dfxtp_1)    7.995   13.011   -5.016 (VIOLATED)
g_lane[0].u_lane.u_acc_b/q[15]$_SDFFE_PN0P_/D (sky130_fd_sc_hd__dfxtp_1)    7.954   12.968   -5.014 (VIOLATED)
g_lane[0].u_lane.u_acc_b/q[20]$_SDFFE_PN0P_/D (sky130_fd_sc_hd__dfxtp_1)    7.962   12.973   -5.011 (VIOLATED)
g_lane[2].u_lane.u_res_a/q[22]$_SDFFE_PN0P_/D (sky130_fd_sc_hd__dfxtp_1)    8.017   13.026   -5.009 (VIOLATED)
g_lane[0].u_lane.u_res_b/q[15]$_SDFFE_PN0P_/D (sky130_fd_sc_hd__dfxtp_1)    7.955   12.962   -5.007 (VIOLATED)
g_lane[0].u_lane.u_res_b/q[20]$_SDFFE_PN0P_/D (sky130_fd_sc_hd__dfxtp_1)    7.962   12.968   -5.005 (VIOLATED)
g_lane[2].u_lane.u_res_b/q[18]$_SDFFE_PN0P_/D (sky130_fd_sc_hd__dfxtp_1)    8.121   13.121   -5.000 (VIOLATED)
g_lane[0].u_lane.u_res_b/q[18]$_SDFFE_PN0P_/D (sky130_fd_sc_hd__dfxtp_1)    7.954   12.950   -4.996 (VIOLATED)
g_lane[1].u_lane.u_res_b/q[15]$_SDFFE_PN0P_/D (sky130_fd_sc_hd__dfxtp_1)    8.009   13.003   -4.994 (VIOLATED)
g_lane[2].u_lane.u_res_b/q[13]$_SDFFE_PN0P_/D (sky130_fd_sc_hd__dfxtp_1)    7.996   12.984   -4.987 (VIOLATED)
g_lane[2].u_lane.u_acc_a/q[22]$_SDFFE_PN0P_/D (sky130_fd_sc_hd__dfxtp_1)    8.028   13.014   -4.986 (VIOLATED)
g_lane[0].u_lane.u_acc_b/q[16]$_SDFFE_PN0P_/D (sky130_fd_sc_hd__dfxtp_1)    7.958   12.942   -4.984 (VIOLATED)
g_lane[2].u_lane.u_acc_b/q[13]$_SDFFE_PN0P_/D (sky130_fd_sc_hd__dfxtp_1)    8.012   12.994   -4.982 (VIOLATED)
g_lane[0].u_lane.u_res_b/q[16]$_SDFFE_PN0P_/D (sky130_fd_sc_hd__dfxtp_1)    7.958   12.926   -4.968 (VIOLATED)
g_lane[0].u_lane.u_acc_b/q[18]$_SDFFE_PN0P_/D (sky130_fd_sc_hd__dfxtp_1)    7.957   12.923   -4.966 (VIOLATED)
g_lane[0].u_lane.u_acc_b/q[19]$_SDFFE_PN0P_/D (sky130_fd_sc_hd__dfxtp_1)    8.082   13.046   -4.963 (VIOLATED)
g_lane[0].u_lane.u_res_a/q[18]$_SDFFE_PN0P_/D (sky130_fd_sc_hd__dfxtp_1)    8.010   12.972   -4.961 (VIOLATED)
g_lane[0].u_lane.u_acc_a/q[14]$_SDFFE_PN0P_/D (sky130_fd_sc_hd__dfxtp_1)    8.041   12.999   -4.958 (VIOLATED)
g_lane[0].u_lane.u_res_b/q[19]$_SDFFE_PN0P_/D (sky130_fd_sc_hd__dfxtp_1)    8.081   13.029   -4.948 (VIOLATED)
g_lane[0].u_lane.u_acc_a/q[18]$_SDFFE_PN0P_/D (sky130_fd_sc_hd__dfxtp_1)    8.009   12.952   -4.943 (VIOLATED)
g_lane[3].u_lane.u_res_b/q[18]$_SDFFE_PN0P_/D (sky130_fd_sc_hd__dfxtp_1)    7.954   12.848   -4.894 (VIOLATED)
g_lane[2].u_lane.u_acc_a/q[19]$_SDFFE_PN0P_/D (sky130_fd_sc_hd__dfxtp_1)    8.024   12.912   -4.888 (VIOLATED)
g_lane[3].u_lane.u_res_a/q[15]$_SDFFE_PN0P_/D (sky130_fd_sc_hd__dfxtp_1)    8.007   12.888   -4.880 (VIOLATED)
g_lane[1].u_lane.u_acc_b/q[16]$_SDFFE_PN0P_/D (sky130_fd_sc_hd__dfxtp_1)    8.004   12.865   -4.861 (VIOLATED)
g_lane[1].u_lane.u_res_b/q[16]$_SDFFE_PN0P_/D (sky130_fd_sc_hd__dfxtp_1)    8.006   12.859   -4.853 (VIOLATED)
g_lane[3].u_lane.u_acc_a/q[15]$_SDFFE_PN0P_/D (sky130_fd_sc_hd__dfxtp_1)    8.008   12.856   -4.848 (VIOLATED)
g_lane[3].u_lane.u_acc_b/q[14]$_SDFFE_PN0P_/D (sky130_fd_sc_hd__dfxtp_1)    7.952   12.799   -4.847 (VIOLATED)
g_lane[2].u_lane.u_res_a/q[19]$_SDFFE_PN0P_/D (sky130_fd_sc_hd__dfxtp_1)    8.145   12.987   -4.842 (VIOLATED)
g_lane[2].u_lane.u_acc_a/q[14]$_SDFFE_PN0P_/D (sky130_fd_sc_hd__dfxtp_1)    8.017   12.846   -4.829 (VIOLATED)
g_lane[3].u_lane.u_acc_b/q[18]$_SDFFE_PN0P_/D (sky130_fd_sc_hd__dfxtp_1)    7.959   12.786   -4.827 (VIOLATED)
g_lane[3].u_lane.u_acc_a/q[16]$_SDFFE_PN0P_/D (sky130_fd_sc_hd__dfxtp_1)    7.993   12.806   -4.813 (VIOLATED)
g_lane[3].u_lane.u_res_a/q[16]$_SDFFE_PN0P_/D (sky130_fd_sc_hd__dfxtp_1)    8.008   12.820   -4.811 (VIOLATED)
g_lane[2].u_lane.u_acc_b/q[16]$_SDFFE_PN0P_/D (sky130_fd_sc_hd__dfxtp_1)    8.004   12.809   -4.805 (VIOLATED)
g_lane[2].u_lane.u_res_a/q[14]$_SDFFE_PN0P_/D (sky130_fd_sc_hd__dfxtp_1)    8.027   12.827   -4.800 (VIOLATED)
g_lane[3].u_lane.u_res_a/q[19]$_SDFFE_PN0P_/D (sky130_fd_sc_hd__dfxtp_1)    8.012   12.808   -4.796 (VIOLATED)
g_lane[2].u_lane.u_acc_a/q[15]$_SDFFE_PN0P_/D (sky130_fd_sc_hd__dfxtp_1)    8.027   12.816   -4.789 (VIOLATED)
g_lane[2].u_lane.u_res_a/q[15]$_SDFFE_PN0P_/D (sky130_fd_sc_hd__dfxtp_1)    8.027   12.810   -4.783 (VIOLATED)
g_lane[3].u_lane.u_res_b/q[14]$_SDFFE_PN0P_/D (sky130_fd_sc_hd__dfxtp_1)    7.958   12.737   -4.779 (VIOLATED)
g_lane[2].u_lane.u_res_b/q[16]$_SDFFE_PN0P_/D (sky130_fd_sc_hd__dfxtp_1)    8.005   12.783   -4.779 (VIOLATED)
g_lane[1].u_lane.u_acc_b/q[11]$_SDFFE_PN0P_/D (sky130_fd_sc_hd__dfxtp_1)    8.008   12.772   -4.764 (VIOLATED)
g_lane[1].u_lane.u_res_b/q[11]$_SDFFE_PN0P_/D (sky130_fd_sc_hd__dfxtp_1)    8.007   12.770   -4.764 (VIOLATED)
g_lane[3].u_lane.u_acc_a/q[19]$_SDFFE_PN0P_/D (sky130_fd_sc_hd__dfxtp_1)    8.013   12.773   -4.760 (VIOLATED)
g_lane[1].u_lane.u_acc_b/q[14]$_SDFFE_PN0P_/D (sky130_fd_sc_hd__dfxtp_1)    8.120   12.865   -4.745 (VIOLATED)
g_lane[3].u_lane.u_res_b/q[15]$_SDFFE_PN0P_/D (sky130_fd_sc_hd__dfxtp_1)    7.956   12.697   -4.741 (VIOLATED)
g_lane[3].u_lane.u_acc_b/q[15]$_SDFFE_PN0P_/D (sky130_fd_sc_hd__dfxtp_1)    7.955   12.681   -4.726 (VIOLATED)
g_lane[1].u_lane.u_res_b/q[13]$_SDFFE_PN0P_/D (sky130_fd_sc_hd__dfxtp_1)    8.005   12.730   -4.725 (VIOLATED)
g_lane[1].u_lane.u_res_b/q[14]$_SDFFE_PN0P_/D (sky130_fd_sc_hd__dfxtp_1)    8.003   12.728   -4.725 (VIOLATED)
g_lane[0].u_lane.u_res_a/q[16]$_SDFFE_PN0P_/D (sky130_fd_sc_hd__dfxtp_1)    8.011   12.732   -4.722 (VIOLATED)
g_lane[0].u_lane.u_acc_a/q[15]$_SDFFE_PN0P_/D (sky130_fd_sc_hd__dfxtp_1)    8.013   12.726   -4.713 (VIOLATED)
g_lane[0].u_lane.u_acc_a/q[16]$_SDFFE_PN0P_/D (sky130_fd_sc_hd__dfxtp_1)    8.010   12.721   -4.711 (VIOLATED)
g_lane[0].u_lane.u_res_a/q[15]$_SDFFE_PN0P_/D (sky130_fd_sc_hd__dfxtp_1)    8.011   12.715   -4.704 (VIOLATED)
g_lane[0].u_lane.u_acc_a/q[12]$_SDFFE_PN0P_/D (sky130_fd_sc_hd__dfxtp_1)    8.131   12.825   -4.694 (VIOLATED)
g_lane[1].u_lane.u_acc_b/q[13]$_SDFFE_PN0P_/D (sky130_fd_sc_hd__dfxtp_1)    8.009   12.685   -4.676 (VIOLATED)
g_lane[0].u_lane.u_res_a/q[12]$_SDFFE_PN0P_/D (sky130_fd_sc_hd__dfxtp_1)    8.135   12.808   -4.673 (VIOLATED)
g_lane[1].u_lane.u_res_a/q[15]$_SDFFE_PN0P_/D (sky130_fd_sc_hd__dfxtp_1)    8.144   12.801   -4.657 (VIOLATED)
g_lane[1].u_lane.u_acc_a/q[15]$_SDFFE_PN0P_/D (sky130_fd_sc_hd__dfxtp_1)    8.145   12.790   -4.645 (VIOLATED)
g_lane[2].u_lane.u_acc_b/q[11]$_SDFFE_PN0P_/D (sky130_fd_sc_hd__dfxtp_1)    7.999   12.606   -4.607 (VIOLATED)
g_lane[0].u_lane.u_acc_b/q[11]$_SDFFE_PN0P_/D (sky130_fd_sc_hd__dfxtp_1)    8.065   12.663   -4.598 (VIOLATED)
g_lane[2].u_lane.u_res_b/q[11]$_SDFFE_PN0P_/D (sky130_fd_sc_hd__dfxtp_1)    8.000   12.586   -4.586 (VIOLATED)
g_lane[0].u_lane.u_acc_b/q[13]$_SDFFE_PN0P_/D (sky130_fd_sc_hd__dfxtp_1)    7.958   12.544   -4.586 (VIOLATED)
g_lane[0].u_lane.u_res_b/q[13]$_SDFFE_PN0P_/D (sky130_fd_sc_hd__dfxtp_1)    7.960   12.542   -4.582 (VIOLATED)
g_lane[1].u_lane.u_acc_a/q[14]$_SDFFE_PN0P_/D (sky130_fd_sc_hd__dfxtp_1)    8.017   12.582   -4.565 (VIOLATED)
g_lane[3].u_lane.u_res_b/q[16]$_SDFFE_PN0P_/D (sky130_fd_sc_hd__dfxtp_1)    8.080   12.644   -4.564 (VIOLATED)
g_lane[0].u_lane.u_res_b/q[12]$_SDFFE_PN0P_/D (sky130_fd_sc_hd__dfxtp_1)    8.086   12.642   -4.556 (VIOLATED)
g_lane[2].u_lane.u_acc_a/q[13]$_SDFFE_PN0P_/D (sky130_fd_sc_hd__dfxtp_1)    8.025   12.579   -4.554 (VIOLATED)
g_lane[0].u_lane.u_acc_b/q[12]$_SDFFE_PN0P_/D (sky130_fd_sc_hd__dfxtp_1)    8.082   12.632   -4.550 (VIOLATED)
g_lane[3].u_lane.u_acc_b/q[16]$_SDFFE_PN0P_/D (sky130_fd_sc_hd__dfxtp_1)    8.079   12.621   -4.542 (VIOLATED)
g_lane[2].u_lane.u_res_a/q[13]$_SDFFE_PN0P_/D (sky130_fd_sc_hd__dfxtp_1)    8.026   12.565   -4.538 (VIOLATED)
g_lane[0].u_lane.u_res_b/q[11]$_SDFFE_PN0P_/D (sky130_fd_sc_hd__dfxtp_1)    8.086   12.609   -4.523 (VIOLATED)
g_lane[1].u_lane.u_res_a/q[14]$_SDFFE_PN0P_/D (sky130_fd_sc_hd__dfxtp_1)    8.023   12.539   -4.516 (VIOLATED)
g_lane[2].u_lane.u_res_a/q[18]$_SDFFE_PN0P_/D (sky130_fd_sc_hd__dfxtp_1)    8.017   12.520   -4.503 (VIOLATED)
g_lane[0].u_lane.u_acc_a/q[11]$_SDFFE_PN0P_/D (sky130_fd_sc_hd__dfxtp_1)    8.118   12.620   -4.502 (VIOLATED)
g_lane[2].u_lane.u_acc_a/q[12]$_SDFFE_PN0P_/D (sky130_fd_sc_hd__dfxtp_1)    8.146   12.621   -4.476 (VIOLATED)
g_lane[2].u_lane.u_acc_a/q[18]$_SDFFE_PN0P_/D (sky130_fd_sc_hd__dfxtp_1)    8.138   12.609   -4.471 (VIOLATED)
g_lane[2].u_lane.u_res_a/q[12]$_SDFFE_PN0P_/D (sky130_fd_sc_hd__dfxtp_1)    8.145   12.603   -4.458 (VIOLATED)
g_lane[1].u_lane.u_res_a/q[13]$_SDFFE_PN0P_/D (sky130_fd_sc_hd__dfxtp_1)    8.023   12.459   -4.436 (VIOLATED)
g_lane[1].u_lane.u_acc_a/q[13]$_SDFFE_PN0P_/D (sky130_fd_sc_hd__dfxtp_1)    8.026   12.441   -4.416 (VIOLATED)
g_lane[0].u_lane.u_res_a/q[11]$_SDFFE_PN0P_/D (sky130_fd_sc_hd__dfxtp_1)    8.132   12.540   -4.408 (VIOLATED)
g_lane[1].u_lane.u_acc_a/q[12]$_SDFFE_PN0P_/D (sky130_fd_sc_hd__dfxtp_1)    8.025   12.430   -4.405 (VIOLATED)
g_lane[1].u_lane.u_res_a/q[12]$_SDFFE_PN0P_/D (sky130_fd_sc_hd__dfxtp_1)    8.026   12.424   -4.398 (VIOLATED)
g_lane[3].u_lane.u_acc_a/q[14]$_SDFFE_PN0P_/D (sky130_fd_sc_hd__dfxtp_1)    8.008   12.403   -4.395 (VIOLATED)
g_lane[3].u_lane.u_res_a/q[14]$_SDFFE_PN0P_/D (sky130_fd_sc_hd__dfxtp_1)    8.008   12.397   -4.389 (VIOLATED)
g_lane[0].u_lane.u_res_b/q[7]$_SDFFE_PN0P_/D (sky130_fd_sc_hd__dfxtp_1)    7.964   12.353   -4.388 (VIOLATED)
g_lane[1].u_lane.u_acc_b/q[12]$_SDFFE_PN0P_/D (sky130_fd_sc_hd__dfxtp_1)    8.118   12.502   -4.384 (VIOLATED)
g_lane[0].u_lane.u_res_b/q[8]$_SDFFE_PN0P_/D (sky130_fd_sc_hd__dfxtp_1)    7.960   12.337   -4.378 (VIOLATED)
g_lane[0].u_lane.u_res_b/q[9]$_SDFFE_PN0P_/D (sky130_fd_sc_hd__dfxtp_1)    7.964   12.328   -4.364 (VIOLATED)
g_lane[0].u_lane.u_res_b/q[5]$_SDFFE_PN0P_/D (sky130_fd_sc_hd__dfxtp_1)    7.965   12.321   -4.355 (VIOLATED)
g_lane[1].u_lane.u_res_b/q[12]$_SDFFE_PN0P_/D (sky130_fd_sc_hd__dfxtp_1)    8.123   12.477   -4.354 (VIOLATED)
g_lane[0].u_lane.u_res_b/q[3]$_SDFFE_PN0P_/D (sky130_fd_sc_hd__dfxtp_1)    7.961   12.309   -4.349 (VIOLATED)
g_lane[0].u_lane.u_res_b/q[4]$_SDFFE_PN0P_/D (sky130_fd_sc_hd__dfxtp_1)    7.962   12.309   -4.347 (VIOLATED)
g_lane[0].u_lane.u_res_b/q[10]$_SDFFE_PN0P_/D (sky130_fd_sc_hd__dfxtp_1)    7.959   12.302   -4.343 (VIOLATED)
g_lane[0].u_lane.u_res_a/q[6]$_SDFFE_PN0P_/D (sky130_fd_sc_hd__dfxtp_1)    8.005   12.346   -4.341 (VIOLATED)
g_lane[0].u_lane.u_acc_a/q[13]$_SDFFE_PN0P_/D (sky130_fd_sc_hd__dfxtp_1)    8.010   12.346   -4.337 (VIOLATED)
g_lane[0].u_lane.u_res_b/q[0]$_SDFFE_PN0P_/D (sky130_fd_sc_hd__dfxtp_1)    7.961   12.298   -4.336 (VIOLATED)
g_lane[0].u_lane.u_res_a/q[13]$_SDFFE_PN0P_/D (sky130_fd_sc_hd__dfxtp_1)    8.009   12.345   -4.336 (VIOLATED)
g_lane[0].u_lane.u_res_a/q[0]$_SDFFE_PN0P_/D (sky130_fd_sc_hd__dfxtp_1)    8.000   12.335   -4.335 (VIOLATED)
g_lane[3].u_lane.u_res_a/q[13]$_SDFFE_PN0P_/D (sky130_fd_sc_hd__dfxtp_1)    8.129   12.464   -4.334 (VIOLATED)
g_lane[0].u_lane.u_res_b/q[1]$_SDFFE_PN0P_/D (sky130_fd_sc_hd__dfxtp_1)    7.958   12.292   -4.334 (VIOLATED)
g_lane[0].u_lane.u_res_b/q[2]$_SDFFE_PN0P_/D (sky130_fd_sc_hd__dfxtp_1)    7.959   12.293   -4.334 (VIOLATED)
g_lane[0].u_lane.u_res_b/q[6]$_SDFFE_PN0P_/D (sky130_fd_sc_hd__dfxtp_1)    7.963   12.292   -4.329 (VIOLATED)
g_lane[3].u_lane.u_res_a/q[12]$_SDFFE_PN0P_/D (sky130_fd_sc_hd__dfxtp_1)    8.128   12.454   -4.326 (VIOLATED)
g_lane[0].u_lane.u_res_a/q[8]$_SDFFE_PN0P_/D (sky130_fd_sc_hd__dfxtp_1)    8.008   12.332   -4.324 (VIOLATED)
g_lane[0].u_lane.u_res_a/q[5]$_SDFFE_PN0P_/D (sky130_fd_sc_hd__dfxtp_1)    8.012   12.335   -4.323 (VIOLATED)
g_lane[3].u_lane.u_acc_a/q[13]$_SDFFE_PN0P_/D (sky130_fd_sc_hd__dfxtp_1)    8.128   12.440   -4.312 (VIOLATED)
g_lane[2].u_lane.u_res_b/q[10]$_SDFFE_PN0P_/D (sky130_fd_sc_hd__dfxtp_1)    8.078   12.387   -4.309 (VIOLATED)
g_lane[0].u_lane.u_res_a/q[7]$_SDFFE_PN0P_/D (sky130_fd_sc_hd__dfxtp_1)    8.009   12.315   -4.306 (VIOLATED)
g_lane[2].u_lane.u_res_b/q[12]$_SDFFE_PN0P_/D (sky130_fd_sc_hd__dfxtp_1)    7.990   12.296   -4.306 (VIOLATED)
g_lane[1].u_lane.u_res_a/q[11]$_SDFFE_PN0P_/D (sky130_fd_sc_hd__dfxtp_1)    8.024   12.327   -4.303 (VIOLATED)
g_lane[0].u_lane.u_res_a/q[4]$_SDFFE_PN0P_/D (sky130_fd_sc_hd__dfxtp_1)    8.008   12.309   -4.301 (VIOLATED)
g_lane[3].u_lane.u_acc_a/q[12]$_SDFFE_PN0P_/D (sky130_fd_sc_hd__dfxtp_1)    8.131   12.429   -4.299 (VIOLATED)
g_lane[0].u_lane.u_res_a/q[3]$_SDFFE_PN0P_/D (sky130_fd_sc_hd__dfxtp_1)    8.011   12.304   -4.293 (VIOLATED)
g_lane[0].u_lane.u_res_a/q[9]$_SDFFE_PN0P_/D (sky130_fd_sc_hd__dfxtp_1)    8.008   12.299   -4.291 (VIOLATED)
g_lane[0].u_lane.u_res_a/q[10]$_SDFFE_PN0P_/D (sky130_fd_sc_hd__dfxtp_1)    8.010   12.300   -4.290 (VIOLATED)
g_lane[0].u_lane.u_res_a/q[1]$_SDFFE_PN0P_/D (sky130_fd_sc_hd__dfxtp_1)    8.002   12.287   -4.285 (VIOLATED)
g_lane[1].u_lane.u_acc_a/q[11]$_SDFFE_PN0P_/D (sky130_fd_sc_hd__dfxtp_1)    8.026   12.303   -4.277 (VIOLATED)
g_lane[0].u_lane.u_res_a/q[2]$_SDFFE_PN0P_/D (sky130_fd_sc_hd__dfxtp_1)    8.015   12.285   -4.270 (VIOLATED)
g_lane[3].u_lane.u_res_a/q[0]$_SDFFE_PN0P_/D (sky130_fd_sc_hd__dfxtp_1)    8.013   12.278   -4.265 (VIOLATED)
g_lane[2].u_lane.u_acc_b/q[12]$_SDFFE_PN0P_/D (sky130_fd_sc_hd__dfxtp_1)    7.995   12.258   -4.263 (VIOLATED)
g_lane[2].u_lane.u_res_a/q[16]$_SDFFE_PN0P_/D (sky130_fd_sc_hd__dfxtp_1)    8.139   12.398   -4.259 (VIOLATED)
g_lane[2].u_lane.u_acc_b/q[10]$_SDFFE_PN0P_/D (sky130_fd_sc_hd__dfxtp_1)    8.134   12.388   -4.254 (VIOLATED)
g_lane[2].u_lane.u_acc_a/q[16]$_SDFFE_PN0P_/D (sky130_fd_sc_hd__dfxtp_1)    8.141   12.394   -4.252 (VIOLATED)
g_lane[3].u_lane.u_res_a/q[8]$_SDFFE_PN0P_/D (sky130_fd_sc_hd__dfxtp_1)    8.009   12.261   -4.252 (VIOLATED)
g_lane[3].u_lane.u_res_b/q[12]$_SDFFE_PN0P_/D (sky130_fd_sc_hd__dfxtp_1)    8.082   12.326   -4.244 (VIOLATED)
g_lane[1].u_lane.u_acc_a/q[10]$_SDFFE_PN0P_/D (sky130_fd_sc_hd__dfxtp_1)    8.142   12.381   -4.239 (VIOLATED)
g_lane[1].u_lane.u_res_b/q[2]$_SDFFE_PN0P_/D (sky130_fd_sc_hd__dfxtp_1)    8.000   12.235   -4.236 (VIOLATED)
g_lane[2].u_lane.u_acc_a/q[11]$_SDFFE_PN0P_/D (sky130_fd_sc_hd__dfxtp_1)    8.025   12.260   -4.236 (VIOLATED)
g_lane[3].u_lane.u_acc_b/q[12]$_SDFFE_PN0P_/D (sky130_fd_sc_hd__dfxtp_1)    8.083   12.317   -4.234 (VIOLATED)
g_lane[2].u_lane.u_acc_a/q[10]$_SDFFE_PN0P_/D (sky130_fd_sc_hd__dfxtp_1)    8.026   12.254   -4.228 (VIOLATED)
g_lane[1].u_lane.u_res_a/q[10]$_SDFFE_PN0P_/D (sky130_fd_sc_hd__dfxtp_1)    8.139   12.365   -4.226 (VIOLATED)
g_lane[1].u_lane.u_res_b/q[10]$_SDFFE_PN0P_/D (sky130_fd_sc_hd__dfxtp_1)    8.005   12.231   -4.226 (VIOLATED)
g_lane[1].u_lane.u_res_b/q[1]$_SDFFE_PN0P_/D (sky130_fd_sc_hd__dfxtp_1)    7.995   12.217   -4.222 (VIOLATED)
g_lane[2].u_lane.u_res_a/q[11]$_SDFFE_PN0P_/D (sky130_fd_sc_hd__dfxtp_1)    8.025   12.230   -4.206 (VIOLATED)
g_lane[1].u_lane.u_res_b/q[7]$_SDFFE_PN0P_/D (sky130_fd_sc_hd__dfxtp_1)    8.002   12.206   -4.204 (VIOLATED)
g_lane[1].u_lane.u_res_b/q[3]$_SDFFE_PN0P_/D (sky130_fd_sc_hd__dfxtp_1)    8.005   12.208   -4.202 (VIOLATED)
g_lane[1].u_lane.u_res_b/q[5]$_SDFFE_PN0P_/D (sky130_fd_sc_hd__dfxtp_1)    8.001   12.203   -4.202 (VIOLATED)
g_lane[1].u_lane.u_res_b/q[8]$_SDFFE_PN0P_/D (sky130_fd_sc_hd__dfxtp_1)    8.000   12.198   -4.198 (VIOLATED)
g_lane[2].u_lane.u_res_a/q[10]$_SDFFE_PN0P_/D (sky130_fd_sc_hd__dfxtp_1)    8.034   12.229   -4.195 (VIOLATED)
g_lane[1].u_lane.u_res_b/q[0]$_SDFFE_PN0P_/D (sky130_fd_sc_hd__dfxtp_1)    8.005   12.194   -4.190 (VIOLATED)
g_lane[0].u_lane.u_acc_b/q[10]$_SDFFE_PN0P_/D (sky130_fd_sc_hd__dfxtp_1)    7.956   12.146   -4.190 (VIOLATED)
g_lane[1].u_lane.u_res_b/q[6]$_SDFFE_PN0P_/D (sky130_fd_sc_hd__dfxtp_1)    8.000   12.175   -4.175 (VIOLATED)
g_lane[2].u_lane.u_res_b/q[9]$_SDFFE_PN0P_/D (sky130_fd_sc_hd__dfxtp_1)    8.002   12.175   -4.173 (VIOLATED)
g_lane[0].u_lane.u_acc_a/q[6]$_SDFFE_PN0P_/D (sky130_fd_sc_hd__dfxtp_1)    8.002   12.172   -4.170 (VIOLATED)
g_lane[1].u_lane.u_res_b/q[9]$_SDFFE_PN0P_/D (sky130_fd_sc_hd__dfxtp_1)    8.003   12.171   -4.168 (VIOLATED)
g_lane[1].u_lane.u_res_b/q[4]$_SDFFE_PN0P_/D (sky130_fd_sc_hd__dfxtp_1)    8.007   12.172   -4.164 (VIOLATED)
g_lane[0].u_lane.u_acc_a/q[8]$_SDFFE_PN0P_/D (sky130_fd_sc_hd__dfxtp_1)    8.007   12.171   -4.164 (VIOLATED)
g_lane[0].u_lane.u_acc_a/q[10]$_SDFFE_PN0P_/D (sky130_fd_sc_hd__dfxtp_1)    8.010   12.153   -4.143 (VIOLATED)
in_ready (output)                       5.760    9.902   -4.142 (VIOLATED)
g_lane[0].u_lane.u_acc_a/q[9]$_SDFFE_PN0P_/D (sky130_fd_sc_hd__dfxtp_1)    8.010   12.141   -4.131 (VIOLATED)
g_lane[1].u_lane.u_acc_b/q[9]$_SDFFE_PN0P_/D (sky130_fd_sc_hd__dfxtp_1)    8.126   12.253   -4.127 (VIOLATED)
g_lane[0].u_lane.u_acc_a/q[0]$_SDFFE_PN0P_/D (sky130_fd_sc_hd__dfxtp_1)    8.003   12.127   -4.123 (VIOLATED)
g_lane[1].u_lane.u_res_a/q[8]$_SDFFE_PN0P_/D (sky130_fd_sc_hd__dfxtp_1)    8.021   12.126   -4.106 (VIOLATED)
g_lane[1].u_lane.u_res_a/q[1]$_SDFFE_PN0P_/D (sky130_fd_sc_hd__dfxtp_1)    8.023   12.128   -4.104 (VIOLATED)
g_lane[1].u_lane.u_res_a/q[7]$_SDFFE_PN0P_/D (sky130_fd_sc_hd__dfxtp_1)    8.021   12.124   -4.103 (VIOLATED)
g_lane[1].u_lane.u_acc_a/q[4]$_SDFFE_PN0P_/D (sky130_fd_sc_hd__dfxtp_1)    8.022   12.111   -4.088 (VIOLATED)
g_lane[2].u_lane.u_res_a/q[9]$_SDFFE_PN0P_/D (sky130_fd_sc_hd__dfxtp_1)    8.026   12.111   -4.085 (VIOLATED)
g_lane[1].u_lane.u_res_a/q[4]$_SDFFE_PN0P_/D (sky130_fd_sc_hd__dfxtp_1)    8.021   12.104   -4.083 (VIOLATED)
g_lane[2].u_lane.u_res_a/q[6]$_SDFFE_PN0P_/D (sky130_fd_sc_hd__dfxtp_1)    8.027   12.106   -4.079 (VIOLATED)
g_lane[1].u_lane.u_res_a/q[0]$_SDFFE_PN0P_/D (sky130_fd_sc_hd__dfxtp_1)    8.024   12.097   -4.073 (VIOLATED)
g_lane[1].u_lane.u_res_a/q[5]$_SDFFE_PN0P_/D (sky130_fd_sc_hd__dfxtp_1)    8.023   12.095   -4.073 (VIOLATED)
g_lane[1].u_lane.u_acc_a/q[2]$_SDFFE_PN0P_/D (sky130_fd_sc_hd__dfxtp_1)    8.025   12.098   -4.073 (VIOLATED)
g_lane[1].u_lane.u_res_a/q[3]$_SDFFE_PN0P_/D (sky130_fd_sc_hd__dfxtp_1)    8.024   12.094   -4.070 (VIOLATED)
g_lane[2].u_lane.u_res_a/q[8]$_SDFFE_PN0P_/D (sky130_fd_sc_hd__dfxtp_1)    8.014   12.083   -4.069 (VIOLATED)
g_lane[1].u_lane.u_res_a/q[6]$_SDFFE_PN0P_/D (sky130_fd_sc_hd__dfxtp_1)    8.024   12.086   -4.061 (VIOLATED)
g_lane[2].u_lane.u_res_a/q[4]$_SDFFE_PN0P_/D (sky130_fd_sc_hd__dfxtp_1)    8.017   12.078   -4.061 (VIOLATED)
g_lane[3].u_lane.u_acc_b/q[13]$_SDFFE_PN0P_/D (sky130_fd_sc_hd__dfxtp_1)    7.955   12.011   -4.056 (VIOLATED)
g_lane[1].u_lane.u_res_a/q[2]$_SDFFE_PN0P_/D (sky130_fd_sc_hd__dfxtp_1)    8.025   12.079   -4.054 (VIOLATED)
g_lane[1].u_lane.u_acc_a/q[5]$_SDFFE_PN0P_/D (sky130_fd_sc_hd__dfxtp_1)    8.029   12.082   -4.053 (VIOLATED)
g_lane[0].u_lane.u_acc_b/q[3]$_SDFFE_PN0P_/D (sky130_fd_sc_hd__dfxtp_1)    7.959   12.012   -4.053 (VIOLATED)
g_lane[0].u_lane.u_acc_b/q[2]$_SDFFE_PN0P_/D (sky130_fd_sc_hd__dfxtp_1)    7.951   11.998   -4.047 (VIOLATED)
g_lane[0].u_lane.u_acc_b/q[9]$_SDFFE_PN0P_/D (sky130_fd_sc_hd__dfxtp_1)    7.967   12.010   -4.044 (VIOLATED)
g_lane[1].u_lane.u_res_a/q[9]$_SDFFE_PN0P_/D (sky130_fd_sc_hd__dfxtp_1)    8.031   12.072   -4.041 (VIOLATED)
g_lane[0].u_lane.u_acc_b/q[1]$_SDFFE_PN0P_/D (sky130_fd_sc_hd__dfxtp_1)    7.958   11.998   -4.040 (VIOLATED)
g_lane[0].u_lane.u_acc_b/q[7]$_SDFFE_PN0P_/D (sky130_fd_sc_hd__dfxtp_1)    7.965   12.004   -4.039 (VIOLATED)
g_lane[0].u_lane.u_acc_b/q[8]$_SDFFE_PN0P_/D (sky130_fd_sc_hd__dfxtp_1)    7.963   11.995   -4.032 (VIOLATED)
g_lane[0].u_lane.u_acc_b/q[6]$_SDFFE_PN0P_/D (sky130_fd_sc_hd__dfxtp_1)    7.965   11.996   -4.031 (VIOLATED)
g_lane[0].u_lane.u_acc_b/q[4]$_SDFFE_PN0P_/D (sky130_fd_sc_hd__dfxtp_1)    7.962   11.993   -4.030 (VIOLATED)
g_lane[0].u_lane.u_acc_b/q[0]$_SDFFE_PN0P_/D (sky130_fd_sc_hd__dfxtp_1)    7.963   11.993   -4.030 (VIOLATED)
g_lane[3].u_lane.u_res_b/q[13]$_SDFFE_PN0P_/D (sky130_fd_sc_hd__dfxtp_1)    7.958   11.987   -4.028 (VIOLATED)
g_lane[0].u_lane.u_acc_b/q[5]$_SDFFE_PN0P_/D (sky130_fd_sc_hd__dfxtp_1)    7.958   11.983   -4.025 (VIOLATED)
g_lane[3].u_lane.u_acc_b/q[0]$_SDFFE_PN0P_/D (sky130_fd_sc_hd__dfxtp_1)    7.955   11.978   -4.023 (VIOLATED)
g_lane[2].u_lane.u_acc_b/q[3]$_SDFFE_PN0P_/D (sky130_fd_sc_hd__dfxtp_1)    7.960   11.962   -4.002 (VIOLATED)
g_lane[1].u_lane.u_acc_b/q[6]$_SDFFE_PN0P_/D (sky130_fd_sc_hd__dfxtp_1)    7.997   11.994   -3.997 (VIOLATED)
g_lane[3].u_lane.u_res_a/q[11]$_SDFFE_PN0P_/D (sky130_fd_sc_hd__dfxtp_1)    8.128   12.122   -3.993 (VIOLATED)
g_lane[3].u_lane.u_acc_a/q[11]$_SDFFE_PN0P_/D (sky130_fd_sc_hd__dfxtp_1)    8.113   12.094   -3.982 (VIOLATED)
g_lane[3].u_lane.u_acc_b/q[4]$_SDFFE_PN0P_/D (sky130_fd_sc_hd__dfxtp_1)    7.994   11.974   -3.980 (VIOLATED)
g_lane[3].u_lane.u_acc_b/q[6]$_SDFFE_PN0P_/D (sky130_fd_sc_hd__dfxtp_1)    7.961   11.940   -3.979 (VIOLATED)
g_lane[2].u_lane.u_acc_b/q[6]$_SDFFE_PN0P_/D (sky130_fd_sc_hd__dfxtp_1)    8.011   11.989   -3.978 (VIOLATED)
g_lane[1].u_lane.u_acc_b/q[3]$_SDFFE_PN0P_/D (sky130_fd_sc_hd__dfxtp_1)    8.003   11.979   -3.976 (VIOLATED)
g_lane[1].u_lane.u_acc_b/q[7]$_SDFFE_PN0P_/D (sky130_fd_sc_hd__dfxtp_1)    8.004   11.976   -3.972 (VIOLATED)
g_lane[1].u_lane.u_acc_b/q[1]$_SDFFE_PN0P_/D (sky130_fd_sc_hd__dfxtp_1)    7.998   11.968   -3.970 (VIOLATED)
g_lane[2].u_lane.u_acc_b/q[5]$_SDFFE_PN0P_/D (sky130_fd_sc_hd__dfxtp_1)    7.998   11.968   -3.969 (VIOLATED)
g_lane[1].u_lane.u_acc_b/q[2]$_SDFFE_PN0P_/D (sky130_fd_sc_hd__dfxtp_1)    8.003   11.968   -3.965 (VIOLATED)
g_lane[1].u_lane.u_acc_b/q[5]$_SDFFE_PN0P_/D (sky130_fd_sc_hd__dfxtp_1)    8.002   11.964   -3.962 (VIOLATED)
g_lane[3].u_lane.u_acc_b/q[2]$_SDFFE_PN0P_/D (sky130_fd_sc_hd__dfxtp_1)    7.997   11.955   -3.958 (VIOLATED)
g_lane[2].u_lane.u_acc_b/q[2]$_SDFFE_PN0P_/D (sky130_fd_sc_hd__dfxtp_1)    8.001   11.959   -3.957 (VIOLATED)
g_lane[1].u_lane.u_acc_b/q[10]$_SDFFE_PN0P_/D (sky130_fd_sc_hd__dfxtp_1)    8.009   11.964   -3.955 (VIOLATED)
g_lane[1].u_lane.u_acc_b/q[8]$_SDFFE_PN0P_/D (sky130_fd_sc_hd__dfxtp_1)    8.003   11.957   -3.954 (VIOLATED)
g_lane[2].u_lane.u_acc_b/q[1]$_SDFFE_PN0P_/D (sky130_fd_sc_hd__dfxtp_1)    8.002   11.954   -3.952 (VIOLATED)
g_lane[3].u_lane.u_acc_a/q[8]$_SDFFE_PN0P_/D (sky130_fd_sc_hd__dfxtp_1)    8.010   11.960   -3.950 (VIOLATED)
g_lane[1].u_lane.u_acc_b/q[4]$_SDFFE_PN0P_/D (sky130_fd_sc_hd__dfxtp_1)    8.005   11.955   -3.950 (VIOLATED)
g_lane[1].u_lane.u_acc_b/q[0]$_SDFFE_PN0P_/D (sky130_fd_sc_hd__dfxtp_1)    8.006   11.948   -3.942 (VIOLATED)
g_lane[2].u_lane.u_acc_b/q[8]$_SDFFE_PN0P_/D (sky130_fd_sc_hd__dfxtp_1)    8.004   11.944   -3.940 (VIOLATED)
g_lane[2].u_lane.u_acc_b/q[4]$_SDFFE_PN0P_/D (sky130_fd_sc_hd__dfxtp_1)    8.004   11.942   -3.938 (VIOLATED)
g_lane[2].u_lane.u_acc_b/q[0]$_SDFFE_PN0P_/D (sky130_fd_sc_hd__dfxtp_1)    8.003   11.934   -3.931 (VIOLATED)
g_lane[2].u_lane.u_acc_b/q[9]$_SDFFE_PN0P_/D (sky130_fd_sc_hd__dfxtp_1)    8.013   11.934   -3.920 (VIOLATED)
out_valid (output)                      5.760    9.598   -3.838 (VIOLATED)
g_lane[2].u_lane.u_res_a/q[1]$_SDFFE_PN0P_/D (sky130_fd_sc_hd__dfxtp_1)    8.026   11.856   -3.830 (VIOLATED)
g_lane[2].u_lane.u_res_a/q[0]$_SDFFE_PN0P_/D (sky130_fd_sc_hd__dfxtp_1)    8.029   11.832   -3.803 (VIOLATED)
g_lane[2].u_lane.u_res_a/q[7]$_SDFFE_PN0P_/D (sky130_fd_sc_hd__dfxtp_1)    8.030   11.824   -3.795 (VIOLATED)
g_lane[2].u_lane.u_acc_a/q[9]$_SDFFE_PN0P_/D (sky130_fd_sc_hd__dfxtp_1)    8.142   11.893   -3.751 (VIOLATED)
g_lane[3].u_lane.u_res_b/q[9]$_SDFFE_PN0P_/D (sky130_fd_sc_hd__dfxtp_1)    7.954   11.699   -3.745 (VIOLATED)
g_lane[3].u_lane.u_res_a/q[9]$_SDFFE_PN0P_/D (sky130_fd_sc_hd__dfxtp_1)    8.121   11.864   -3.743 (VIOLATED)
g_lane[3].u_lane.u_acc_b/q[7]$_SDFFE_PN0P_/D (sky130_fd_sc_hd__dfxtp_1)    7.954   11.687   -3.734 (VIOLATED)
g_lane[3].u_lane.u_res_b/q[10]$_SDFFE_PN0P_/D (sky130_fd_sc_hd__dfxtp_1)    7.956   11.689   -3.732 (VIOLATED)
g_lane[3].u_lane.u_res_b/q[0]$_SDFFE_PN0P_/D (sky130_fd_sc_hd__dfxtp_1)    7.957   11.685   -3.728 (VIOLATED)
g_lane[3].u_lane.u_acc_a/q[9]$_SDFFE_PN0P_/D (sky130_fd_sc_hd__dfxtp_1)    8.128   11.853   -3.725 (VIOLATED)
g_lane[3].u_lane.u_res_b/q[1]$_SDFFE_PN0P_/D (sky130_fd_sc_hd__dfxtp_1)    7.957   11.681   -3.724 (VIOLATED)
g_lane[3].u_lane.u_res_b/q[11]$_SDFFE_PN0P_/D (sky130_fd_sc_hd__dfxtp_1)    7.956   11.677   -3.721 (VIOLATED)
g_lane[1].u_lane.u_acc_a/q[9]$_SDFFE_PN0P_/D (sky130_fd_sc_hd__dfxtp_1)    8.028   11.739   -3.711 (VIOLATED)
g_lane[3].u_lane.u_res_b/q[7]$_SDFFE_PN0P_/D (sky130_fd_sc_hd__dfxtp_1)    7.958   11.669   -3.711 (VIOLATED)
g_lane[3].u_lane.u_res_b/q[8]$_SDFFE_PN0P_/D (sky130_fd_sc_hd__dfxtp_1)    7.959   11.665   -3.706 (VIOLATED)
g_lane[3].u_lane.u_acc_b/q[3]$_SDFFE_PN0P_/D (sky130_fd_sc_hd__dfxtp_1)    7.960   11.654   -3.694 (VIOLATED)
g_lane[3].u_lane.u_acc_b/q[5]$_SDFFE_PN0P_/D (sky130_fd_sc_hd__dfxtp_1)    7.959   11.644   -3.686 (VIOLATED)
g_lane[3].u_lane.u_acc_b/q[8]$_SDFFE_PN0P_/D (sky130_fd_sc_hd__dfxtp_1)    7.960   11.643   -3.683 (VIOLATED)
g_lane[3].u_lane.u_acc_b/q[1]$_SDFFE_PN0P_/D (sky130_fd_sc_hd__dfxtp_1)    7.958   11.638   -3.679 (VIOLATED)
g_lane[3].u_lane.u_acc_b/q[10]$_SDFFE_PN0P_/D (sky130_fd_sc_hd__dfxtp_1)    7.992   11.664   -3.672 (VIOLATED)
g_lane[3].u_lane.u_res_b/q[2]$_SDFFE_PN0P_/D (sky130_fd_sc_hd__dfxtp_1)    7.956   11.602   -3.646 (VIOLATED)
g_lane[3].u_lane.u_res_b/q[5]$_SDFFE_PN0P_/D (sky130_fd_sc_hd__dfxtp_1)    7.961   11.579   -3.619 (VIOLATED)
g_lane[2].u_lane.u_res_b/q[0]$_SDFFE_PN0P_/D (sky130_fd_sc_hd__dfxtp_1)    7.999   11.605   -3.606 (VIOLATED)
g_lane[3].u_lane.u_res_b/q[4]$_SDFFE_PN0P_/D (sky130_fd_sc_hd__dfxtp_1)    7.961   11.563   -3.601 (VIOLATED)
g_lane[3].u_lane.u_res_b/q[6]$_SDFFE_PN0P_/D (sky130_fd_sc_hd__dfxtp_1)    7.995   11.595   -3.600 (VIOLATED)
g_lane[3].u_lane.u_res_b/q[3]$_SDFFE_PN0P_/D (sky130_fd_sc_hd__dfxtp_1)    7.962   11.552   -3.590 (VIOLATED)
g_lane[2].u_lane.u_res_b/q[3]$_SDFFE_PN0P_/D (sky130_fd_sc_hd__dfxtp_1)    7.998   11.587   -3.589 (VIOLATED)
g_lane[2].u_lane.u_res_b/q[7]$_SDFFE_PN0P_/D (sky130_fd_sc_hd__dfxtp_1)    7.991   11.579   -3.588 (VIOLATED)
g_lane[2].u_lane.u_res_b/q[1]$_SDFFE_PN0P_/D (sky130_fd_sc_hd__dfxtp_1)    8.002   11.569   -3.567 (VIOLATED)
g_lane[3].u_lane.u_acc_a/q[10]$_SDFFE_PN0P_/D (sky130_fd_sc_hd__dfxtp_1)    8.130   11.664   -3.534 (VIOLATED)
g_lane[2].u_lane.u_res_b/q[8]$_SDFFE_PN0P_/D (sky130_fd_sc_hd__dfxtp_1)    8.012   11.540   -3.528 (VIOLATED)
g_lane[2].u_lane.u_res_b/q[2]$_SDFFE_PN0P_/D (sky130_fd_sc_hd__dfxtp_1)    7.992   11.515   -3.523 (VIOLATED)
g_lane[2].u_lane.u_res_b/q[5]$_SDFFE_PN0P_/D (sky130_fd_sc_hd__dfxtp_1)    8.000   11.520   -3.520 (VIOLATED)
g_lane[2].u_lane.u_res_b/q[4]$_SDFFE_PN0P_/D (sky130_fd_sc_hd__dfxtp_1)    8.011   11.528   -3.517 (VIOLATED)
g_lane[3].u_lane.u_acc_b/q[11]$_SDFFE_PN0P_/D (sky130_fd_sc_hd__dfxtp_1)    7.957   11.459   -3.502 (VIOLATED)
g_lane[3].u_lane.u_res_a/q[10]$_SDFFE_PN0P_/D (sky130_fd_sc_hd__dfxtp_1)    8.129   11.630   -3.501 (VIOLATED)
g_lane[2].u_lane.u_res_b/q[6]$_SDFFE_PN0P_/D (sky130_fd_sc_hd__dfxtp_1)    8.013   11.501   -3.487 (VIOLATED)
g_lane[0].u_lane.u_acc_a/q[4]$_SDFFE_PN0P_/D (sky130_fd_sc_hd__dfxtp_1)    8.001   11.481   -3.481 (VIOLATED)
g_lane[0].u_lane.u_acc_a/q[1]$_SDFFE_PN0P_/D (sky130_fd_sc_hd__dfxtp_1)    8.002   11.467   -3.464 (VIOLATED)
g_lane[0].u_lane.u_acc_a/q[7]$_SDFFE_PN0P_/D (sky130_fd_sc_hd__dfxtp_1)    8.007   11.471   -3.464 (VIOLATED)
g_lane[2].u_lane.u_acc_a/q[1]$_SDFFE_PN0P_/D (sky130_fd_sc_hd__dfxtp_1)    8.023   11.483   -3.460 (VIOLATED)
g_lane[1].u_lane.u_acc_a/q[1]$_SDFFE_PN0P_/D (sky130_fd_sc_hd__dfxtp_1)    8.023   11.476   -3.452 (VIOLATED)
g_lane[1].u_lane.u_acc_a/q[8]$_SDFFE_PN0P_/D (sky130_fd_sc_hd__dfxtp_1)    8.024   11.474   -3.450 (VIOLATED)
g_lane[3].u_lane.u_acc_a/q[5]$_SDFFE_PN0P_/D (sky130_fd_sc_hd__dfxtp_1)    7.992   11.435   -3.442 (VIOLATED)
g_lane[1].u_lane.u_acc_a/q[7]$_SDFFE_PN0P_/D (sky130_fd_sc_hd__dfxtp_1)    8.028   11.469   -3.441 (VIOLATED)
g_lane[0].u_lane.u_acc_a/q[2]$_SDFFE_PN0P_/D (sky130_fd_sc_hd__dfxtp_1)    8.011   11.451   -3.440 (VIOLATED)
g_lane[0].u_lane.u_acc_a/q[3]$_SDFFE_PN0P_/D (sky130_fd_sc_hd__dfxtp_1)    8.012   11.449   -3.437 (VIOLATED)
g_lane[2].u_lane.u_acc_a/q[0]$_SDFFE_PN0P_/D (sky130_fd_sc_hd__dfxtp_1)    8.026   11.460   -3.435 (VIOLATED)
g_lane[3].u_lane.u_acc_a/q[1]$_SDFFE_PN0P_/D (sky130_fd_sc_hd__dfxtp_1)    8.006   11.437   -3.431 (VIOLATED)
g_lane[3].u_lane.u_acc_a/q[3]$_SDFFE_PN0P_/D (sky130_fd_sc_hd__dfxtp_1)    8.007   11.437   -3.430 (VIOLATED)
g_lane[1].u_lane.u_acc_a/q[3]$_SDFFE_PN0P_/D (sky130_fd_sc_hd__dfxtp_1)    8.025   11.454   -3.428 (VIOLATED)
g_lane[2].u_lane.u_acc_a/q[4]$_SDFFE_PN0P_/D (sky130_fd_sc_hd__dfxtp_1)    8.028   11.455   -3.427 (VIOLATED)
g_lane[2].u_lane.u_acc_a/q[8]$_SDFFE_PN0P_/D (sky130_fd_sc_hd__dfxtp_1)    8.017   11.441   -3.424 (VIOLATED)
g_lane[1].u_lane.u_acc_a/q[6]$_SDFFE_PN0P_/D (sky130_fd_sc_hd__dfxtp_1)    8.023   11.443   -3.420 (VIOLATED)
g_lane[2].u_lane.u_acc_a/q[6]$_SDFFE_PN0P_/D (sky130_fd_sc_hd__dfxtp_1)    8.026   11.441   -3.415 (VIOLATED)
g_lane[1].u_lane.u_acc_a/q[0]$_SDFFE_PN0P_/D (sky130_fd_sc_hd__dfxtp_1)    8.025   11.439   -3.414 (VIOLATED)
g_lane[3].u_lane.u_res_a/q[7]$_SDFFE_PN0P_/D (sky130_fd_sc_hd__dfxtp_1)    8.007   11.418   -3.411 (VIOLATED)
g_lane[3].u_lane.u_acc_a/q[4]$_SDFFE_PN0P_/D (sky130_fd_sc_hd__dfxtp_1)    8.009   11.420   -3.411 (VIOLATED)
g_lane[3].u_lane.u_res_a/q[6]$_SDFFE_PN0P_/D (sky130_fd_sc_hd__dfxtp_1)    8.008   11.417   -3.409 (VIOLATED)
g_lane[0].u_lane.u_acc_a/q[5]$_SDFFE_PN0P_/D (sky130_fd_sc_hd__dfxtp_1)    8.015   11.422   -3.406 (VIOLATED)
g_lane[3].u_lane.u_acc_a/q[7]$_SDFFE_PN0P_/D (sky130_fd_sc_hd__dfxtp_1)    8.007   11.412   -3.405 (VIOLATED)
g_lane[3].u_lane.u_res_a/q[3]$_SDFFE_PN0P_/D (sky130_fd_sc_hd__dfxtp_1)    8.006   11.410   -3.404 (VIOLATED)
g_lane[3].u_lane.u_acc_a/q[6]$_SDFFE_PN0P_/D (sky130_fd_sc_hd__dfxtp_1)    8.008   11.411   -3.403 (VIOLATED)
g_lane[2].u_lane.u_res_a/q[5]$_SDFFE_PN0P_/D (sky130_fd_sc_hd__dfxtp_1)    8.030   11.422   -3.392 (VIOLATED)
g_lane[3].u_lane.u_acc_a/q[0]$_SDFFE_PN0P_/D (sky130_fd_sc_hd__dfxtp_1)    8.009   11.399   -3.390 (VIOLATED)
g_lane[3].u_lane.u_res_a/q[1]$_SDFFE_PN0P_/D (sky130_fd_sc_hd__dfxtp_1)    8.009   11.391   -3.382 (VIOLATED)
g_lane[3].u_lane.u_res_a/q[2]$_SDFFE_PN0P_/D (sky130_fd_sc_hd__dfxtp_1)    8.009   11.384   -3.375 (VIOLATED)
g_lane[2].u_lane.u_res_a/q[3]$_SDFFE_PN0P_/D (sky130_fd_sc_hd__dfxtp_1)    8.028   11.401   -3.373 (VIOLATED)
g_lane[3].u_lane.u_res_a/q[4]$_SDFFE_PN0P_/D (sky130_fd_sc_hd__dfxtp_1)    8.007   11.378   -3.371 (VIOLATED)
g_lane[3].u_lane.u_res_a/q[5]$_SDFFE_PN0P_/D (sky130_fd_sc_hd__dfxtp_1)    7.994   11.361   -3.367 (VIOLATED)
g_lane[2].u_lane.u_res_a/q[2]$_SDFFE_PN0P_/D (sky130_fd_sc_hd__dfxtp_1)    8.032   11.397   -3.365 (VIOLATED)
g_lane[3].u_lane.u_acc_a/q[2]$_SDFFE_PN0P_/D (sky130_fd_sc_hd__dfxtp_1)    8.025   11.332   -3.307 (VIOLATED)
g_lane[2].u_lane.u_acc_a/q[3]$_SDFFE_PN0P_/D (sky130_fd_sc_hd__dfxtp_1)    8.007   11.313   -3.305 (VIOLATED)
g_lane[3].u_lane.u_acc_b/q[9]$_SDFFE_PN0P_/D (sky130_fd_sc_hd__dfxtp_1)    7.994   11.237   -3.243 (VIOLATED)
g_lane[2].u_lane.u_acc_b/q[7]$_SDFFE_PN0P_/D (sky130_fd_sc_hd__dfxtp_1)    7.998   11.238   -3.240 (VIOLATED)
g_lane[2].u_lane.u_acc_a/q[5]$_SDFFE_PN0P_/D (sky130_fd_sc_hd__dfxtp_1)    8.017   10.898   -2.881 (VIOLATED)
g_lane[2].u_lane.u_acc_a/q[7]$_SDFFE_PN0P_/D (sky130_fd_sc_hd__dfxtp_1)    8.019   10.866   -2.847 (VIOLATED)
g_lane[2].u_lane.u_acc_a/q[2]$_SDFFE_PN0P_/D (sky130_fd_sc_hd__dfxtp_1)    8.021   10.848   -2.827 (VIOLATED)
out_valid_q$_SDFFE_PP0P_/D (sky130_fd_sc_hd__dfxtp_1)    8.160    9.419   -1.259 (VIOLATED)
fault_q$_SDFFE_PP0P_/D (sky130_fd_sc_hd__dfxtp_1)    7.991    8.397   -0.406 (VIOLATED)

=== hold violating endpoints ===
No paths found.

=== end ===
