OpenROAD unknown 
Features included (+) or not (-): -GPU +GUI -Python
This program is licensed under the BSD-3 license. See the LICENSE file for details.
Components of this program may be licensed under more restrictive licenses which must be honored.
[INFO ORD-0030] Using 1 thread(s).
CORNER tt liberty sky130_fd_sc_hd__tt_025C_1v80.lib
worst slack max 0.031
tns max 0.000
worst slack min 0.436
tns min 0.000
clk period_min = 7.17 fmax = 139.49
=== worst setup path ===
Startpoint: in_a[27] (input port clocked by clk)
Endpoint: g_lane[3].u_lane.u_res_a/q[29]$_SDFFE_PN0P_
          (rising edge-triggered flip-flop clocked by clk)
Path Group: clk
Path Type: max

   Delay     Time   Description
-----------------------------------------------------------
   0.000    0.000   clock clk (rise edge)
   0.000    0.000   clock network delay (propagated)
   1.440    1.440 v input external delay
   0.000    1.440 v in_a[27] (in)
   0.098    1.538 v input27/X (sky130_fd_sc_hd__buf_6)
   0.122    1.659 v place1954/X (sky130_fd_sc_hd__buf_6)
   0.133    1.792 v _4386_/X (sky130_fd_sc_hd__and2_4)
   0.529    2.321 ^ _6924_/SUM (sky130_fd_sc_hd__fa_1)
   0.484    2.805 v _6895_/SUM (sky130_fd_sc_hd__fa_2)
   0.607    3.412 ^ _6885_/SUM (sky130_fd_sc_hd__fa_2)
   0.461    3.873 v _6873_/SUM (sky130_fd_sc_hd__fa_2)
   0.309    4.182 ^ _7220_/SUM (sky130_fd_sc_hd__ha_4)
   0.059    4.241 v _4339_/Y (sky130_fd_sc_hd__a21oi_4)
   0.181    4.423 ^ _4340_/Y (sky130_fd_sc_hd__o21bai_1)
   0.087    4.510 v _4341_/Y (sky130_fd_sc_hd__a21oi_2)
   0.215    4.725 ^ _4342_/Y (sky130_fd_sc_hd__o21bai_1)
   0.104    4.828 v _4343_/Y (sky130_fd_sc_hd__a21oi_2)
   0.185    5.013 ^ _4345_/Y (sky130_fd_sc_hd__o21ai_2)
   0.091    5.104 v _4346_/Y (sky130_fd_sc_hd__a21oi_2)
   0.201    5.305 v _4347_/Y (sky130_fd_sc_hd__xnor2_2)
   0.319    5.624 ^ _7212_/SUM (sky130_fd_sc_hd__ha_4)
   0.095    5.719 ^ rebuffer2058/X (sky130_fd_sc_hd__buf_6)
   0.075    5.794 v _4570_/Y (sky130_fd_sc_hd__nand3_4)
   0.409    6.203 v _4576_/X (sky130_fd_sc_hd__or3_4)
   0.068    6.271 ^ _4577_/Y (sky130_fd_sc_hd__o41ai_4)
   0.128    6.400 v _4582_/Y (sky130_fd_sc_hd__o31ai_2)
   0.299    6.699 v _4584_/X (sky130_fd_sc_hd__a31o_2)
   0.292    6.991 v _4591_/X (sky130_fd_sc_hd__o211a_4)
   0.195    7.186 ^ _4595_/Y (sky130_fd_sc_hd__o31ai_4)
   0.108    7.294 v _4596_/Y (sky130_fd_sc_hd__xnor2_1)
   0.201    7.495 ^ _4597_/Y (sky130_fd_sc_hd__nor2_1)
   0.118    7.613 v g_lane[3].u_lane.u_res_a/_140_/Y (sky130_fd_sc_hd__mux2i_1)
   0.120    7.732 ^ g_lane[3].u_lane.u_res_a/_141_/Y (sky130_fd_sc_hd__nor2b_1)
   0.000    7.732 ^ g_lane[3].u_lane.u_res_a/q[29]$_SDFFE_PN0P_/D (sky130_fd_sc_hd__dfxtp_1)
            7.732   data arrival time

   7.200    7.200   clock clk (rise edge)
   0.000    7.200   clock source latency
   0.000    7.200 ^ clk (in)
   0.179    7.379 ^ clkbuf_0_clk/X (sky130_fd_sc_hd__clkbuf_16)
   0.255    7.634 ^ clkbuf_2_0__f_clk/X (sky130_fd_sc_hd__clkbuf_16)
   0.189    7.822 ^ clkbuf_leaf_3_clk/X (sky130_fd_sc_hd__clkbuf_16)
   0.001    7.824 ^ g_lane[3].u_lane.u_res_a/q[29]$_SDFFE_PN0P_/CLK (sky130_fd_sc_hd__dfxtp_1)
   0.000    7.824   clock reconvergence pessimism
  -0.060    7.763   library setup time
            7.763   data required time
-----------------------------------------------------------
            7.763   data required time
           -7.732   data arrival time
-----------------------------------------------------------
            0.031   slack (MET)


=== worst hold path ===
Startpoint: u_thermal.phase$_SDFF_PN0_
            (rising edge-triggered flip-flop clocked by clk)
Endpoint: u_thermal.phase$_SDFF_PN0_
          (rising edge-triggered flip-flop clocked by clk)
Path Group: clk
Path Type: min

   Delay     Time   Description
-----------------------------------------------------------
   0.000    0.000   clock clk (rise edge)
   0.000    0.000   clock source latency
   0.000    0.000 ^ clk (in)
   0.179    0.179 ^ clkbuf_0_clk/X (sky130_fd_sc_hd__clkbuf_16)
   0.261    0.440 ^ clkbuf_2_1__f_clk/X (sky130_fd_sc_hd__clkbuf_16)
   0.203    0.644 ^ clkbuf_leaf_9_clk/X (sky130_fd_sc_hd__clkbuf_16)
   0.001    0.645 ^ u_thermal.phase$_SDFF_PN0_/CLK (sky130_fd_sc_hd__dfxtp_1)
   0.339    0.984 ^ u_thermal.phase$_SDFF_PN0_/Q (sky130_fd_sc_hd__dfxtp_1)
   0.053    1.037 v _6754_/Y (sky130_fd_sc_hd__nor4bb_1)
   0.000    1.037 v u_thermal.phase$_SDFF_PN0_/D (sky130_fd_sc_hd__dfxtp_1)
            1.037   data arrival time

   0.000    0.000   clock clk (rise edge)
   0.000    0.000   clock source latency
   0.000    0.000 ^ clk (in)
   0.179    0.179 ^ clkbuf_0_clk/X (sky130_fd_sc_hd__clkbuf_16)
   0.261    0.440 ^ clkbuf_2_1__f_clk/X (sky130_fd_sc_hd__clkbuf_16)
   0.203    0.644 ^ clkbuf_leaf_9_clk/X (sky130_fd_sc_hd__clkbuf_16)
   0.001    0.645 ^ u_thermal.phase$_SDFF_PN0_/CLK (sky130_fd_sc_hd__dfxtp_1)
   0.000    0.645   clock reconvergence pessimism
  -0.044    0.601   library hold time
            0.601   data required time
-----------------------------------------------------------
            0.601   data required time
           -1.037   data arrival time
-----------------------------------------------------------
            0.436   slack (MET)


