OpenROAD unknown 
Features included (+) or not (-): -GPU +GUI -Python
This program is licensed under the BSD-3 license. See the LICENSE file for details.
Components of this program may be licensed under more restrictive licenses which must be honored.
[INFO ORD-0030] Using 1 thread(s).
CORNER tt liberty sky130_fd_sc_hd__tt_025C_1v80.lib
=== reg2reg max ===
max_delay/setup group clk

                                     Required   Actual
Endpoint                                Delay    Delay    Slack
---------------------------------------------------------------
g_lane[0].u_lane.u_res_b/q[30]$_SDFFE_PN0P_/D (sky130_fd_sc_hd__dfxtp_1)    7.688    6.342    1.346 (MET)

=== reg2reg min ===
min_delay/hold group clk

                                     Required   Actual
Endpoint                                Delay    Delay    Slack
---------------------------------------------------------------
u_thermal.phase$_SDFF_PN0_/D (sky130_fd_sc_hd__dfxtp_1)    0.601    1.037    0.436 (MET)

=== in2reg max ===
max_delay/setup group clk

                                     Required   Actual
Endpoint                                Delay    Delay    Slack
---------------------------------------------------------------
g_lane[3].u_lane.u_res_a/q[29]$_SDFFE_PN0P_/D (sky130_fd_sc_hd__dfxtp_1)    7.763    7.732    0.031 (MET)

=== in2reg min ===
min_delay/hold group clk

                                     Required   Actual
Endpoint                                Delay    Delay    Slack
---------------------------------------------------------------
out_valid_q$_SDFFE_PP0P_/D (sky130_fd_sc_hd__dfxtp_1)    0.604    2.003    1.399 (MET)

=== reg2out max ===
max_delay/setup group clk

                                     Required   Actual
Endpoint                                Delay    Delay    Slack
---------------------------------------------------------------
in_ready (output)                       5.760    5.106    0.654 (MET)

=== reg2out min ===
min_delay/hold group clk

                                     Required   Actual
Endpoint                                Delay    Delay    Slack
---------------------------------------------------------------
out_data[6] (output)                   -1.440    1.436    2.876 (MET)

=== in2out max ===
max_delay/setup group clk

                                     Required   Actual
Endpoint                                Delay    Delay    Slack
---------------------------------------------------------------
in_ready (output)                       5.760    3.183    2.577 (MET)

=== in2out min ===
min_delay/hold group clk

                                     Required   Actual
Endpoint                                Delay    Delay    Slack
---------------------------------------------------------------
in_ready (output)                      -1.440    2.960    4.400 (MET)

=== drv ===
=== setup violating endpoints ===
No paths found.

=== hold violating endpoints ===
No paths found.

=== end ===
