
==========================================================================
finish report_tns
--------------------------------------------------------------------------
tns max 0.00

==========================================================================
finish report_wns
--------------------------------------------------------------------------
wns max 0.00

==========================================================================
finish report_worst_slack
--------------------------------------------------------------------------
worst slack max 0.03

==========================================================================
finish report_clock_min_period
--------------------------------------------------------------------------
clk period_min = 7.17 fmax = 139.49

==========================================================================
finish report_clock_skew
--------------------------------------------------------------------------
Clock clk
   0.65 source latency u_thermal.u_copy0/q[0]$_SDFFE_PN0P_/CLK ^
  -0.59 target latency g_lane[3].u_lane.u_res_b/q[20]$_SDFFE_PN0P_/CLK ^
   0.00 CRPR
--------------
   0.05 setup skew


==========================================================================
finish report_checks -path_delay min
--------------------------------------------------------------------------
Startpoint: u_thermal.phase$_SDFF_PN0_
            (rising edge-triggered flip-flop clocked by clk)
Endpoint: u_thermal.phase$_SDFF_PN0_
          (rising edge-triggered flip-flop clocked by clk)
Path Group: clk
Path Type: min

Fanout     Cap    Slew   Delay    Time   Description
-----------------------------------------------------------------------------
                          0.00    0.00   clock clk (rise edge)
                          0.00    0.00   clock source latency
     1    0.06    0.00    0.00    0.00 ^ clk (in)
                                         clk (net)
                  0.00    0.00    0.00 ^ clkbuf_0_clk/A (sky130_fd_sc_hd__clkbuf_16)
     4    0.11    0.12    0.18    0.18 ^ clkbuf_0_clk/X (sky130_fd_sc_hd__clkbuf_16)
                                         clknet_0_clk (net)
                  0.12    0.00    0.18 ^ clkbuf_2_1__f_clk/A (sky130_fd_sc_hd__clkbuf_16)
    13    0.17    0.18    0.26    0.44 ^ clkbuf_2_1__f_clk/X (sky130_fd_sc_hd__clkbuf_16)
                                         clknet_2_1__leaf_clk (net)
                  0.18    0.01    0.45 ^ clkbuf_leaf_9_clk/A (sky130_fd_sc_hd__clkbuf_16)
     5    0.05    0.07    0.20    0.64 ^ clkbuf_leaf_9_clk/X (sky130_fd_sc_hd__clkbuf_16)
                                         clknet_leaf_9_clk (net)
                  0.07    0.00    0.64 ^ u_thermal.phase$_SDFF_PN0_/CLK (sky130_fd_sc_hd__dfxtp_1)
     2    0.01    0.08    0.34    0.98 ^ u_thermal.phase$_SDFF_PN0_/Q (sky130_fd_sc_hd__dfxtp_1)
                                         u_thermal.phase (net)
                  0.08    0.00    0.98 ^ _6754_/A (sky130_fd_sc_hd__nor4bb_1)
     1    0.00    0.04    0.05    1.04 v _6754_/Y (sky130_fd_sc_hd__nor4bb_1)
                                         _1126_ (net)
                  0.04    0.00    1.04 v u_thermal.phase$_SDFF_PN0_/D (sky130_fd_sc_hd__dfxtp_1)
                                  1.04   data arrival time

                          0.00    0.00   clock clk (rise edge)
                          0.00    0.00   clock source latency
     1    0.06    0.00    0.00    0.00 ^ clk (in)
                                         clk (net)
                  0.00    0.00    0.00 ^ clkbuf_0_clk/A (sky130_fd_sc_hd__clkbuf_16)
     4    0.11    0.12    0.18    0.18 ^ clkbuf_0_clk/X (sky130_fd_sc_hd__clkbuf_16)
                                         clknet_0_clk (net)
                  0.12    0.00    0.18 ^ clkbuf_2_1__f_clk/A (sky130_fd_sc_hd__clkbuf_16)
    13    0.17    0.18    0.26    0.44 ^ clkbuf_2_1__f_clk/X (sky130_fd_sc_hd__clkbuf_16)
                                         clknet_2_1__leaf_clk (net)
                  0.18    0.01    0.45 ^ clkbuf_leaf_9_clk/A (sky130_fd_sc_hd__clkbuf_16)
     5    0.05    0.07    0.20    0.64 ^ clkbuf_leaf_9_clk/X (sky130_fd_sc_hd__clkbuf_16)
                                         clknet_leaf_9_clk (net)
                  0.07    0.00    0.64 ^ u_thermal.phase$_SDFF_PN0_/CLK (sky130_fd_sc_hd__dfxtp_1)
                          0.00    0.64   clock reconvergence pessimism
                         -0.04    0.60   library hold time
                                  0.60   data required time
-----------------------------------------------------------------------------
                                  0.60   data required time
                                 -1.04   data arrival time
-----------------------------------------------------------------------------
                                  0.44   slack (MET)



==========================================================================
finish report_checks -path_delay max
--------------------------------------------------------------------------
Startpoint: in_a[27] (input port clocked by clk)
Endpoint: g_lane[3].u_lane.u_res_a/q[29]$_SDFFE_PN0P_
          (rising edge-triggered flip-flop clocked by clk)
Path Group: clk
Path Type: max

Fanout     Cap    Slew   Delay    Time   Description
-----------------------------------------------------------------------------
                          0.00    0.00   clock clk (rise edge)
                          0.00    0.00   clock network delay (propagated)
                          1.44    1.44 v input external delay
     1    0.02    0.00    0.00    1.44 v in_a[27] (in)
                                         in_a[27] (net)
                  0.00    0.00    1.44 v input27/A (sky130_fd_sc_hd__buf_6)
     2    0.01    0.03    0.10    1.54 v input27/X (sky130_fd_sc_hd__buf_6)
                                         net26 (net)
                  0.03    0.00    1.54 v place1954/A (sky130_fd_sc_hd__buf_6)
     7    0.02    0.04    0.12    1.66 v place1954/X (sky130_fd_sc_hd__buf_6)
                                         net1952 (net)
                  0.04    0.00    1.66 v _4386_/A (sky130_fd_sc_hd__and2_4)
     1    0.01    0.03    0.13    1.79 v _4386_/X (sky130_fd_sc_hd__and2_4)
                                         _0094_ (net)
                  0.03    0.00    1.79 v _6924_/B (sky130_fd_sc_hd__fa_1)
     1    0.01    0.09    0.53    2.32 ^ _6924_/SUM (sky130_fd_sc_hd__fa_1)
                                         _3630_ (net)
                  0.09    0.00    2.32 ^ _6895_/B (sky130_fd_sc_hd__fa_2)
     1    0.02    0.11    0.48    2.81 v _6895_/SUM (sky130_fd_sc_hd__fa_2)
                                         _3604_ (net)
                  0.11    0.00    2.81 v _6885_/A (sky130_fd_sc_hd__fa_2)
     1    0.01    0.08    0.61    3.41 ^ _6885_/SUM (sky130_fd_sc_hd__fa_2)
                                         _3564_ (net)
                  0.08    0.00    3.41 ^ _6873_/CIN (sky130_fd_sc_hd__fa_2)
     1    0.01    0.09    0.46    3.87 v _6873_/SUM (sky130_fd_sc_hd__fa_2)
                                         _3567_ (net)
                  0.09    0.00    3.87 v _7220_/A (sky130_fd_sc_hd__ha_4)
     3    0.02    0.07    0.31    4.18 ^ _7220_/SUM (sky130_fd_sc_hd__ha_4)
                                         _0630_ (net)
                  0.07    0.00    4.18 ^ _4339_/A1 (sky130_fd_sc_hd__a21oi_4)
     2    0.01    0.04    0.06    4.24 v _4339_/Y (sky130_fd_sc_hd__a21oi_4)
                                         _1525_ (net)
                  0.04    0.00    4.24 v _4340_/A1 (sky130_fd_sc_hd__o21bai_1)
     1    0.01    0.17    0.18    4.42 ^ _4340_/Y (sky130_fd_sc_hd__o21bai_1)
                                         _1526_ (net)
                  0.17    0.00    4.42 ^ _4341_/A2 (sky130_fd_sc_hd__a21oi_2)
     2    0.01    0.05    0.09    4.51 v _4341_/Y (sky130_fd_sc_hd__a21oi_2)
                                         _1527_ (net)
                  0.05    0.00    4.51 v _4342_/A1 (sky130_fd_sc_hd__o21bai_1)
     1    0.01    0.21    0.21    4.72 ^ _4342_/Y (sky130_fd_sc_hd__o21bai_1)
                                         _1528_ (net)
                  0.21    0.00    4.72 ^ _4343_/A2 (sky130_fd_sc_hd__a21oi_2)
     2    0.01    0.07    0.10    4.83 v _4343_/Y (sky130_fd_sc_hd__a21oi_2)
                                         _1529_ (net)
                  0.07    0.00    4.83 v _4345_/A1 (sky130_fd_sc_hd__o21ai_2)
     1    0.01    0.16    0.18    5.01 ^ _4345_/Y (sky130_fd_sc_hd__o21ai_2)
                                         _1531_ (net)
                  0.16    0.00    5.01 ^ _4346_/A2 (sky130_fd_sc_hd__a21oi_2)
     1    0.01    0.06    0.09    5.10 v _4346_/Y (sky130_fd_sc_hd__a21oi_2)
                                         _1532_ (net)
                  0.06    0.00    5.10 v _4347_/B (sky130_fd_sc_hd__xnor2_2)
     2    0.03    0.14    0.20    5.31 v _4347_/Y (sky130_fd_sc_hd__xnor2_2)
                                         g_lane[3].u_lane.prod[14] (net)
                  0.14    0.00    5.31 v _7212_/B (sky130_fd_sc_hd__ha_4)
     2    0.01    0.05    0.32    5.62 ^ _7212_/SUM (sky130_fd_sc_hd__ha_4)
                                         _0610_ (net)
                  0.05    0.00    5.62 ^ rebuffer2058/A (sky130_fd_sc_hd__buf_6)
     1    0.01    0.04    0.09    5.72 ^ rebuffer2058/X (sky130_fd_sc_hd__buf_6)
                                         net2058 (net)
                  0.04    0.00    5.72 ^ _4570_/A (sky130_fd_sc_hd__nand3_4)
     3    0.02    0.09    0.08    5.79 v _4570_/Y (sky130_fd_sc_hd__nand3_4)
                                         _1629_ (net)
                  0.09    0.00    5.79 v _4576_/A (sky130_fd_sc_hd__or3_4)
     1    0.01    0.07    0.41    6.20 v _4576_/X (sky130_fd_sc_hd__or3_4)
                                         _1635_ (net)
                  0.07    0.00    6.20 v _4577_/B1 (sky130_fd_sc_hd__o41ai_4)
     2    0.01    0.29    0.07    6.27 ^ _4577_/Y (sky130_fd_sc_hd__o41ai_4)
                                         _1636_ (net)
                  0.29    0.00    6.27 ^ _4582_/A2 (sky130_fd_sc_hd__o31ai_2)
     2    0.01    0.08    0.13    6.40 v _4582_/Y (sky130_fd_sc_hd__o31ai_2)
                                         _1641_ (net)
                  0.08    0.00    6.40 v _4584_/A3 (sky130_fd_sc_hd__a31o_2)
     3    0.02    0.07    0.30    6.70 v _4584_/X (sky130_fd_sc_hd__a31o_2)
                                         _1643_ (net)
                  0.07    0.00    6.70 v _4591_/A1 (sky130_fd_sc_hd__o211a_4)
     4    0.03    0.06    0.29    6.99 v _4591_/X (sky130_fd_sc_hd__o211a_4)
                                         _1650_ (net)
                  0.06    0.00    6.99 v _4595_/A3 (sky130_fd_sc_hd__o31ai_4)
     1    0.01    0.20    0.19    7.19 ^ _4595_/Y (sky130_fd_sc_hd__o31ai_4)
                                         _1654_ (net)
                  0.20    0.00    7.19 ^ _4596_/A (sky130_fd_sc_hd__xnor2_1)
     1    0.00    0.06    0.11    7.29 v _4596_/Y (sky130_fd_sc_hd__xnor2_1)
                                         _1655_ (net)
                  0.06    0.00    7.29 v _4597_/A (sky130_fd_sc_hd__nor2_1)
     2    0.01    0.21    0.20    7.49 ^ _4597_/Y (sky130_fd_sc_hd__nor2_1)
                                         _1340_ (net)
                  0.21    0.00    7.49 ^ g_lane[3].u_lane.u_res_a/_140_/A1 (sky130_fd_sc_hd__mux2i_1)
     1    0.00    0.10    0.12    7.61 v g_lane[3].u_lane.u_res_a/_140_/Y (sky130_fd_sc_hd__mux2i_1)
                                         g_lane[3].u_lane.u_res_a/_069_ (net)
                  0.10    0.00    7.61 v g_lane[3].u_lane.u_res_a/_141_/A (sky130_fd_sc_hd__nor2b_1)
     1    0.00    0.08    0.12    7.73 ^ g_lane[3].u_lane.u_res_a/_141_/Y (sky130_fd_sc_hd__nor2b_1)
                                         g_lane[3].u_lane.u_res_a/_031_ (net)
                  0.08    0.00    7.73 ^ g_lane[3].u_lane.u_res_a/q[29]$_SDFFE_PN0P_/D (sky130_fd_sc_hd__dfxtp_1)
                                  7.73   data arrival time

                          7.20    7.20   clock clk (rise edge)
                          0.00    7.20   clock source latency
     1    0.06    0.00    0.00    7.20 ^ clk (in)
                                         clk (net)
                  0.00    0.00    7.20 ^ clkbuf_0_clk/A (sky130_fd_sc_hd__clkbuf_16)
     4    0.11    0.12    0.18    7.38 ^ clkbuf_0_clk/X (sky130_fd_sc_hd__clkbuf_16)
                                         clknet_0_clk (net)
                  0.12    0.00    7.38 ^ clkbuf_2_0__f_clk/A (sky130_fd_sc_hd__clkbuf_16)
    13    0.16    0.17    0.25    7.63 ^ clkbuf_2_0__f_clk/X (sky130_fd_sc_hd__clkbuf_16)
                                         clknet_2_0__leaf_clk (net)
                  0.17    0.01    7.64 ^ clkbuf_leaf_3_clk/A (sky130_fd_sc_hd__clkbuf_16)
    12    0.04    0.06    0.18    7.82 ^ clkbuf_leaf_3_clk/X (sky130_fd_sc_hd__clkbuf_16)
                                         clknet_leaf_3_clk (net)
                  0.06    0.00    7.82 ^ g_lane[3].u_lane.u_res_a/q[29]$_SDFFE_PN0P_/CLK (sky130_fd_sc_hd__dfxtp_1)
                          0.00    7.82   clock reconvergence pessimism
                         -0.06    7.76   library setup time
                                  7.76   data required time
-----------------------------------------------------------------------------
                                  7.76   data required time
                                 -7.73   data arrival time
-----------------------------------------------------------------------------
                                  0.03   slack (MET)



==========================================================================
finish report_checks -unconstrained
--------------------------------------------------------------------------
Startpoint: in_a[27] (input port clocked by clk)
Endpoint: g_lane[3].u_lane.u_res_a/q[29]$_SDFFE_PN0P_
          (rising edge-triggered flip-flop clocked by clk)
Path Group: clk
Path Type: max

Fanout     Cap    Slew   Delay    Time   Description
-----------------------------------------------------------------------------
                          0.00    0.00   clock clk (rise edge)
                          0.00    0.00   clock network delay (propagated)
                          1.44    1.44 v input external delay
     1    0.02    0.00    0.00    1.44 v in_a[27] (in)
                                         in_a[27] (net)
                  0.00    0.00    1.44 v input27/A (sky130_fd_sc_hd__buf_6)
     2    0.01    0.03    0.10    1.54 v input27/X (sky130_fd_sc_hd__buf_6)
                                         net26 (net)
                  0.03    0.00    1.54 v place1954/A (sky130_fd_sc_hd__buf_6)
     7    0.02    0.04    0.12    1.66 v place1954/X (sky130_fd_sc_hd__buf_6)
                                         net1952 (net)
                  0.04    0.00    1.66 v _4386_/A (sky130_fd_sc_hd__and2_4)
     1    0.01    0.03    0.13    1.79 v _4386_/X (sky130_fd_sc_hd__and2_4)
                                         _0094_ (net)
                  0.03    0.00    1.79 v _6924_/B (sky130_fd_sc_hd__fa_1)
     1    0.01    0.09    0.53    2.32 ^ _6924_/SUM (sky130_fd_sc_hd__fa_1)
                                         _3630_ (net)
                  0.09    0.00    2.32 ^ _6895_/B (sky130_fd_sc_hd__fa_2)
     1    0.02    0.11    0.48    2.81 v _6895_/SUM (sky130_fd_sc_hd__fa_2)
                                         _3604_ (net)
                  0.11    0.00    2.81 v _6885_/A (sky130_fd_sc_hd__fa_2)
     1    0.01    0.08    0.61    3.41 ^ _6885_/SUM (sky130_fd_sc_hd__fa_2)
                                         _3564_ (net)
                  0.08    0.00    3.41 ^ _6873_/CIN (sky130_fd_sc_hd__fa_2)
     1    0.01    0.09    0.46    3.87 v _6873_/SUM (sky130_fd_sc_hd__fa_2)
                                         _3567_ (net)
                  0.09    0.00    3.87 v _7220_/A (sky130_fd_sc_hd__ha_4)
     3    0.02    0.07    0.31    4.18 ^ _7220_/SUM (sky130_fd_sc_hd__ha_4)
                                         _0630_ (net)
                  0.07    0.00    4.18 ^ _4339_/A1 (sky130_fd_sc_hd__a21oi_4)
     2    0.01    0.04    0.06    4.24 v _4339_/Y (sky130_fd_sc_hd__a21oi_4)
                                         _1525_ (net)
                  0.04    0.00    4.24 v _4340_/A1 (sky130_fd_sc_hd__o21bai_1)
     1    0.01    0.17    0.18    4.42 ^ _4340_/Y (sky130_fd_sc_hd__o21bai_1)
                                         _1526_ (net)
                  0.17    0.00    4.42 ^ _4341_/A2 (sky130_fd_sc_hd__a21oi_2)
     2    0.01    0.05    0.09    4.51 v _4341_/Y (sky130_fd_sc_hd__a21oi_2)
                                         _1527_ (net)
                  0.05    0.00    4.51 v _4342_/A1 (sky130_fd_sc_hd__o21bai_1)
     1    0.01    0.21    0.21    4.72 ^ _4342_/Y (sky130_fd_sc_hd__o21bai_1)
                                         _1528_ (net)
                  0.21    0.00    4.72 ^ _4343_/A2 (sky130_fd_sc_hd__a21oi_2)
     2    0.01    0.07    0.10    4.83 v _4343_/Y (sky130_fd_sc_hd__a21oi_2)
                                         _1529_ (net)
                  0.07    0.00    4.83 v _4345_/A1 (sky130_fd_sc_hd__o21ai_2)
     1    0.01    0.16    0.18    5.01 ^ _4345_/Y (sky130_fd_sc_hd__o21ai_2)
                                         _1531_ (net)
                  0.16    0.00    5.01 ^ _4346_/A2 (sky130_fd_sc_hd__a21oi_2)
     1    0.01    0.06    0.09    5.10 v _4346_/Y (sky130_fd_sc_hd__a21oi_2)
                                         _1532_ (net)
                  0.06    0.00    5.10 v _4347_/B (sky130_fd_sc_hd__xnor2_2)
     2    0.03    0.14    0.20    5.31 v _4347_/Y (sky130_fd_sc_hd__xnor2_2)
                                         g_lane[3].u_lane.prod[14] (net)
                  0.14    0.00    5.31 v _7212_/B (sky130_fd_sc_hd__ha_4)
     2    0.01    0.05    0.32    5.62 ^ _7212_/SUM (sky130_fd_sc_hd__ha_4)
                                         _0610_ (net)
                  0.05    0.00    5.62 ^ rebuffer2058/A (sky130_fd_sc_hd__buf_6)
     1    0.01    0.04    0.09    5.72 ^ rebuffer2058/X (sky130_fd_sc_hd__buf_6)
                                         net2058 (net)
                  0.04    0.00    5.72 ^ _4570_/A (sky130_fd_sc_hd__nand3_4)
     3    0.02    0.09    0.08    5.79 v _4570_/Y (sky130_fd_sc_hd__nand3_4)
                                         _1629_ (net)
                  0.09    0.00    5.79 v _4576_/A (sky130_fd_sc_hd__or3_4)
     1    0.01    0.07    0.41    6.20 v _4576_/X (sky130_fd_sc_hd__or3_4)
                                         _1635_ (net)
                  0.07    0.00    6.20 v _4577_/B1 (sky130_fd_sc_hd__o41ai_4)
     2    0.01    0.29    0.07    6.27 ^ _4577_/Y (sky130_fd_sc_hd__o41ai_4)
                                         _1636_ (net)
                  0.29    0.00    6.27 ^ _4582_/A2 (sky130_fd_sc_hd__o31ai_2)
     2    0.01    0.08    0.13    6.40 v _4582_/Y (sky130_fd_sc_hd__o31ai_2)
                                         _1641_ (net)
                  0.08    0.00    6.40 v _4584_/A3 (sky130_fd_sc_hd__a31o_2)
     3    0.02    0.07    0.30    6.70 v _4584_/X (sky130_fd_sc_hd__a31o_2)
                                         _1643_ (net)
                  0.07    0.00    6.70 v _4591_/A1 (sky130_fd_sc_hd__o211a_4)
     4    0.03    0.06    0.29    6.99 v _4591_/X (sky130_fd_sc_hd__o211a_4)
                                         _1650_ (net)
                  0.06    0.00    6.99 v _4595_/A3 (sky130_fd_sc_hd__o31ai_4)
     1    0.01    0.20    0.19    7.19 ^ _4595_/Y (sky130_fd_sc_hd__o31ai_4)
                                         _1654_ (net)
                  0.20    0.00    7.19 ^ _4596_/A (sky130_fd_sc_hd__xnor2_1)
     1    0.00    0.06    0.11    7.29 v _4596_/Y (sky130_fd_sc_hd__xnor2_1)
                                         _1655_ (net)
                  0.06    0.00    7.29 v _4597_/A (sky130_fd_sc_hd__nor2_1)
     2    0.01    0.21    0.20    7.49 ^ _4597_/Y (sky130_fd_sc_hd__nor2_1)
                                         _1340_ (net)
                  0.21    0.00    7.49 ^ g_lane[3].u_lane.u_res_a/_140_/A1 (sky130_fd_sc_hd__mux2i_1)
     1    0.00    0.10    0.12    7.61 v g_lane[3].u_lane.u_res_a/_140_/Y (sky130_fd_sc_hd__mux2i_1)
                                         g_lane[3].u_lane.u_res_a/_069_ (net)
                  0.10    0.00    7.61 v g_lane[3].u_lane.u_res_a/_141_/A (sky130_fd_sc_hd__nor2b_1)
     1    0.00    0.08    0.12    7.73 ^ g_lane[3].u_lane.u_res_a/_141_/Y (sky130_fd_sc_hd__nor2b_1)
                                         g_lane[3].u_lane.u_res_a/_031_ (net)
                  0.08    0.00    7.73 ^ g_lane[3].u_lane.u_res_a/q[29]$_SDFFE_PN0P_/D (sky130_fd_sc_hd__dfxtp_1)
                                  7.73   data arrival time

                          7.20    7.20   clock clk (rise edge)
                          0.00    7.20   clock source latency
     1    0.06    0.00    0.00    7.20 ^ clk (in)
                                         clk (net)
                  0.00    0.00    7.20 ^ clkbuf_0_clk/A (sky130_fd_sc_hd__clkbuf_16)
     4    0.11    0.12    0.18    7.38 ^ clkbuf_0_clk/X (sky130_fd_sc_hd__clkbuf_16)
                                         clknet_0_clk (net)
                  0.12    0.00    7.38 ^ clkbuf_2_0__f_clk/A (sky130_fd_sc_hd__clkbuf_16)
    13    0.16    0.17    0.25    7.63 ^ clkbuf_2_0__f_clk/X (sky130_fd_sc_hd__clkbuf_16)
                                         clknet_2_0__leaf_clk (net)
                  0.17    0.01    7.64 ^ clkbuf_leaf_3_clk/A (sky130_fd_sc_hd__clkbuf_16)
    12    0.04    0.06    0.18    7.82 ^ clkbuf_leaf_3_clk/X (sky130_fd_sc_hd__clkbuf_16)
                                         clknet_leaf_3_clk (net)
                  0.06    0.00    7.82 ^ g_lane[3].u_lane.u_res_a/q[29]$_SDFFE_PN0P_/CLK (sky130_fd_sc_hd__dfxtp_1)
                          0.00    7.82   clock reconvergence pessimism
                         -0.06    7.76   library setup time
                                  7.76   data required time
-----------------------------------------------------------------------------
                                  7.76   data required time
                                 -7.73   data arrival time
-----------------------------------------------------------------------------
                                  0.03   slack (MET)



==========================================================================
finish report_check_types -max_slew -max_cap -max_fanout -violators
--------------------------------------------------------------------------

==========================================================================
finish max_slew_check_slack
--------------------------------------------------------------------------
0.32591986656188965

==========================================================================
finish max_slew_check_limit
--------------------------------------------------------------------------
1.4862940311431885

==========================================================================
finish max_slew_check_slack_limit
--------------------------------------------------------------------------
0.2193

==========================================================================
finish max_fanout_check_slack
--------------------------------------------------------------------------
1.0000000150474662e+30

==========================================================================
finish max_fanout_check_limit
--------------------------------------------------------------------------
1.0000000150474662e+30

==========================================================================
finish max_capacitance_check_slack
--------------------------------------------------------------------------
0.007326360791921616

==========================================================================
finish max_capacitance_check_limit
--------------------------------------------------------------------------
0.021067000925540924

==========================================================================
finish max_capacitance_check_slack_limit
--------------------------------------------------------------------------
0.3478

==========================================================================
finish max_slew_violation_count
--------------------------------------------------------------------------
max slew violation count 0

==========================================================================
finish max_fanout_violation_count
--------------------------------------------------------------------------
max fanout violation count 0

==========================================================================
finish max_cap_violation_count
--------------------------------------------------------------------------
max cap violation count 0

==========================================================================
finish setup_violation_count
--------------------------------------------------------------------------
setup violation count 0

==========================================================================
finish hold_violation_count
--------------------------------------------------------------------------
hold violation count 0

==========================================================================
finish report_checks -path_delay max reg to reg
--------------------------------------------------------------------------
Startpoint: g_lane[0].u_lane.u_acc_b/q[14]$_SDFFE_PN0P_
            (rising edge-triggered flip-flop clocked by clk)
Endpoint: g_lane[0].u_lane.u_res_b/q[30]$_SDFFE_PN0P_
          (rising edge-triggered flip-flop clocked by clk)
Path Group: clk
Path Type: max

  Delay    Time   Description
---------------------------------------------------------
   0.00    0.00   clock clk (rise edge)
   0.00    0.00   clock source latency
   0.00    0.00 ^ clk (in)
   0.18    0.18 ^ clkbuf_0_clk/X (sky130_fd_sc_hd__clkbuf_16)
   0.24    0.42 ^ clkbuf_2_2__f_clk/X (sky130_fd_sc_hd__clkbuf_16)
   0.18    0.60 ^ clkbuf_leaf_46_clk/X (sky130_fd_sc_hd__clkbuf_16)
   0.00    0.60 ^ g_lane[0].u_lane.u_acc_b/q[14]$_SDFFE_PN0P_/CLK (sky130_fd_sc_hd__dfxtp_1)
   0.38    0.98 v g_lane[0].u_lane.u_acc_b/q[14]$_SDFFE_PN0P_/Q (sky130_fd_sc_hd__dfxtp_1)
   0.33    1.30 ^ _5909_/Y (sky130_fd_sc_hd__inv_1)
   0.24    1.55 v _6341_/Y (sky130_fd_sc_hd__o22ai_1)
   0.92    2.47 ^ _6342_/Y (sky130_fd_sc_hd__nor4_1)
   0.33    2.80 v _6353_/Y (sky130_fd_sc_hd__nand4_1)
   0.63    3.43 v _6445_/X (sky130_fd_sc_hd__or4_1)
   0.69    4.12 ^ _6742_/Y (sky130_fd_sc_hd__nor4_2)
   0.41    4.53 ^ _6747_/X (sky130_fd_sc_hd__and3_2)
   0.11    4.64 v _6752_/Y (sky130_fd_sc_hd__nand3_2)
   0.57    5.21 ^ _6789_/Y (sky130_fd_sc_hd__nand2_1)
   0.72    5.94 ^ place1708/X (sky130_fd_sc_hd__buf_4)
   0.33    6.27 ^ g_lane[0].u_lane.u_res_b/_073_/Y (sky130_fd_sc_hd__mux2i_1)
   0.07    6.34 v g_lane[0].u_lane.u_res_b/_075_/Y (sky130_fd_sc_hd__nor2b_1)
   0.00    6.34 v g_lane[0].u_lane.u_res_b/q[30]$_SDFFE_PN0P_/D (sky130_fd_sc_hd__dfxtp_1)
           6.34   data arrival time

   7.20    7.20   clock clk (rise edge)
   0.00    7.20   clock source latency
   0.00    7.20 ^ clk (in)
   0.18    7.38 ^ clkbuf_0_clk/X (sky130_fd_sc_hd__clkbuf_16)
   0.24    7.62 ^ clkbuf_2_2__f_clk/X (sky130_fd_sc_hd__clkbuf_16)
   0.18    7.80 ^ clkbuf_leaf_41_clk/X (sky130_fd_sc_hd__clkbuf_16)
   0.00    7.80 ^ g_lane[0].u_lane.u_res_b/q[30]$_SDFFE_PN0P_/CLK (sky130_fd_sc_hd__dfxtp_1)
   0.00    7.80   clock reconvergence pessimism
  -0.11    7.69   library setup time
           7.69   data required time
---------------------------------------------------------
           7.69   data required time
          -6.34   data arrival time
---------------------------------------------------------
           1.35   slack (MET)



==========================================================================
finish report_checks -path_delay min reg to reg
--------------------------------------------------------------------------
Startpoint: u_thermal.phase$_SDFF_PN0_
            (rising edge-triggered flip-flop clocked by clk)
Endpoint: u_thermal.phase$_SDFF_PN0_
          (rising edge-triggered flip-flop clocked by clk)
Path Group: clk
Path Type: min

  Delay    Time   Description
---------------------------------------------------------
   0.00    0.00   clock clk (rise edge)
   0.00    0.00   clock source latency
   0.00    0.00 ^ clk (in)
   0.18    0.18 ^ clkbuf_0_clk/X (sky130_fd_sc_hd__clkbuf_16)
   0.26    0.44 ^ clkbuf_2_1__f_clk/X (sky130_fd_sc_hd__clkbuf_16)
   0.20    0.64 ^ clkbuf_leaf_9_clk/X (sky130_fd_sc_hd__clkbuf_16)
   0.00    0.64 ^ u_thermal.phase$_SDFF_PN0_/CLK (sky130_fd_sc_hd__dfxtp_1)
   0.34    0.98 ^ u_thermal.phase$_SDFF_PN0_/Q (sky130_fd_sc_hd__dfxtp_1)
   0.05    1.04 v _6754_/Y (sky130_fd_sc_hd__nor4bb_1)
   0.00    1.04 v u_thermal.phase$_SDFF_PN0_/D (sky130_fd_sc_hd__dfxtp_1)
           1.04   data arrival time

   0.00    0.00   clock clk (rise edge)
   0.00    0.00   clock source latency
   0.00    0.00 ^ clk (in)
   0.18    0.18 ^ clkbuf_0_clk/X (sky130_fd_sc_hd__clkbuf_16)
   0.26    0.44 ^ clkbuf_2_1__f_clk/X (sky130_fd_sc_hd__clkbuf_16)
   0.20    0.64 ^ clkbuf_leaf_9_clk/X (sky130_fd_sc_hd__clkbuf_16)
   0.00    0.64 ^ u_thermal.phase$_SDFF_PN0_/CLK (sky130_fd_sc_hd__dfxtp_1)
   0.00    0.64   clock reconvergence pessimism
  -0.04    0.60   library hold time
           0.60   data required time
---------------------------------------------------------
           0.60   data required time
          -1.04   data arrival time
---------------------------------------------------------
           0.44   slack (MET)



==========================================================================
finish critical path target clock latency max path
--------------------------------------------------------------------------
0.6236

==========================================================================
finish critical path target clock latency min path
--------------------------------------------------------------------------
0.6445

==========================================================================
finish critical path source clock latency min path
--------------------------------------------------------------------------
0.0000

==========================================================================
finish critical path delay
--------------------------------------------------------------------------
7.7325

==========================================================================
finish critical path slack
--------------------------------------------------------------------------
0.0310

==========================================================================
finish slack div critical path delay
--------------------------------------------------------------------------
0.400905

==========================================================================
finish report_power
--------------------------------------------------------------------------
Group                  Internal  Switching    Leakage      Total
                          Power      Power      Power      Power (Watts)
----------------------------------------------------------------
Sequential             3.69e-03   2.27e-03   4.25e-09   5.96e-03  11.4%
Combinational          2.10e-02   2.22e-02   2.28e-08   4.32e-02  83.0%
Clock                  1.67e-03   1.23e-03   8.79e-10   2.90e-03   5.6%
Macro                  0.00e+00   0.00e+00   0.00e+00   0.00e+00   0.0%
Pad                    0.00e+00   0.00e+00   0.00e+00   0.00e+00   0.0%
----------------------------------------------------------------
Total                  2.64e-02   2.57e-02   2.79e-08   5.21e-02 100.0%
                          50.6%      49.4%       0.0%
