OpenROAD unknown 
Features included (+) or not (-): -GPU +GUI -Python
This program is licensed under the BSD-3 license. See the LICENSE file for details.
Components of this program may be licensed under more restrictive licenses which must be honored.
[INFO PSM-0040] All shapes on net VDD are connected.
########## IR report #################
Net              : VDD
Corner           : default
Total power      : 5.21e-02 W
Supply voltage   : 1.80e+00 V
Worstcase voltage: 1.80e+00 V
Average voltage  : 1.80e+00 V
Average IR drop  : 9.58e-05 V
Worstcase IR drop: 4.54e-04 V
Percentage drop  : 0.03 %
######################################
########## EM analysis ###############
Net                : VDD
Corner             : default
Maximum current    : 4.05e-04 A
Average current    : 2.08e-05 A
Number of resistors: 11753
######################################
[INFO PSM-0040] All shapes on net VSS are connected.
########## IR report #################
Net              : VSS
Corner           : default
Total power      : 5.21e-02 W
Supply voltage   : 0.00e+00 V
Worstcase voltage: 6.28e-04 V
Average voltage  : 8.72e-05 V
Average IR drop  : 8.72e-05 V
Worstcase IR drop: 6.28e-04 V
Percentage drop  : 0.03 %
######################################
########## EM analysis ###############
Net                : VSS
Corner             : default
Maximum current    : 4.33e-04 A
Average current    : 2.01e-05 A
Number of resistors: 12044
######################################
