VCD info: dumpfile wave_d_thermal.vcd opened for output.
WAVE scenario 4: d_thermal (clk period 10 ns)
  t=50.0 ns cyc=4: reset released, therm_state NORMAL
  k = ramp step; temp_c = reading applied in step k (registered at the rising edge ending it);
  other columns sampled 1 ns before that edge. therm_state 0 NORMAL, 1 THROTTLE, 2 STOP.
    k temp_c therm_state in_ready phase copy0 copy1 copy2 therm_repair
    0     60           0        1     0    00    00    00            0
    1     60           0        1     0    00    00    00            0
    2     60           0        1     0    00    00    00            0
    3     60           0        1     0    00    00    00            0
    4     61           0        1     0    00    00    00            0
    5     62           0        1     0    00    00    00            0
    6     63           0        1     0    00    00    00            0
    7     64           0        1     0    00    00    00            0
    8     65           0        1     0    00    00    00            0
    9     66           0        1     0    00    00    00            0
   10     67           0        1     0    00    00    00            0
   11     68           0        1     0    00    00    00            0
   12     69           0        1     0    00    00    00            0
   13     70           0        1     0    00    00    00            0
   14     71           0        1     0    00    00    00            0
   15     72           0        1     0    00    00    00            0
   16     73           0        1     0    00    00    00            0
   17     74           0        1     0    00    00    00            0
   18     75           0        1     0    00    00    00            0
   19     76           0        1     0    00    00    00            0
   20     77           0        1     0    00    00    00            0
   21     78           0        1     0    00    00    00            0
   22     79           0        1     0    00    00    00            0
   23     80           0        1     0    00    00    00            0
   24     81           1        1     0    01    01    01            0
   25     82           1        0     1    01    01    01            0
   26     83           1        1     0    01    01    01            0
   27     84           1        0     1    01    01    01            0
   28     85           1        1     0    01    01    01            0
   29     85           1        0     1    01    01    01            0
   30     85           1        1     0    01    01    01            0
   31     85           1        0     1    01    01    01            0
   32     85           1        1     0    01    01    01            0
  t=381.0 ns cyc=37: upset: u_thermal.u_copy1.q[0] flipped at the falling edge
   33     85           1        0     1    01    00    01            1
   34     85           1        1     0    01    01    01            0
   35     85           1        0     1    01    01    01            0
   36     85           1        1     0    01    01    01            0
   37     86           1        0     1    01    01    01            0
   38     87           1        1     0    01    01    01            0
   39     88           1        0     1    01    01    01            0
   40     89           1        1     0    01    01    01            0
   41     90           1        0     1    01    01    01            0
   42     91           1        1     0    01    01    01            0
   43     92           1        0     1    01    01    01            0
   44     93           1        1     0    01    01    01            0
   45     94           1        0     1    01    01    01            0
   46     95           1        1     0    01    01    01            0
   47     96           2        0     1    10    10    10            0
   48     97           2        0     0    10    10    10            0
   49     97           2        0     0    10    10    10            0
   50     97           2        0     0    10    10    10            0
   51     97           2        0     0    10    10    10            0
   52     97           2        0     0    10    10    10            0
   53     96           2        0     0    10    10    10            0
   54     95           2        0     0    10    10    10            0
   55     94           2        0     0    10    10    10            0
   56     93           2        0     0    10    10    10            0
   57     92           2        0     0    10    10    10            0
   58     91           2        0     0    10    10    10            0
   59     90           2        0     0    10    10    10            0
   60     89           2        0     0    10    10    10            0
   61     88           2        0     0    10    10    10            0
   62     87           2        0     0    10    10    10            0
   63     86           2        0     0    10    10    10            0
   64     85           2        0     0    10    10    10            0
   65     84           2        0     0    10    10    10            0
   66     83           2        0     0    10    10    10            0
   67     82           2        0     0    10    10    10            0
   68     81           2        0     0    10    10    10            0
   69     80           2        0     0    10    10    10            0
   70     79           2        0     0    10    10    10            0
   71     78           2        0     0    10    10    10            0
   72     77           2        0     0    10    10    10            0
   73     76           2        0     0    10    10    10            0
   74     75           2        0     0    10    10    10            0
   75     74           2        0     0    10    10    10            0
   76     73           2        0     0    10    10    10            0
   77     72           2        0     0    10    10    10            0
   78     71           2        0     0    10    10    10            0
   79     70           2        0     0    10    10    10            0
   80     69           0        1     0    00    00    00            0
   81     68           0        1     0    00    00    00            0
   82     67           0        1     0    00    00    00            0
   83     66           0        1     0    00    00    00            0
   84     65           0        1     0    00    00    00            0
   85     65           0        1     0    00    00    00            0
   86     65           0        1     0    00    00    00            0
   87     65           0        1     0    00    00    00            0
   88     65           0        1     0    00    00    00            0
   89     65           0        1     0    00    00    00            0
   90     65           0        1     0    00    00    00            0
  THROTTLE cycles 23, admitted 12; first THROTTLE cyc 24, first STOP cyc 47, NORMAL again cyc 80
  beats accepted 47, results transferred 47
WAVE_d_thermal PASS (383 checks, 97 cycles)
tb_orbit_wave.v:501: $finish called at 980000 (1ps)
