OpenROAD unknown 
Features included (+) or not (-): -GPU +GUI -Python
This program is licensed under the BSD-3 license. See the LICENSE file for details.
Components of this program may be licensed under more restrictive licenses which must be honored.
[INFO ORD-0030] Using 2 thread(s).
read_liberty /OpenROAD-flow-scripts/flow/platforms/sky130hd/lib/sky130_fd_sc_hd__tt_025C_1v80.lib
read_db /home/user/chip/build/pd_sep/results/sky130hd/orbit_demo/sep/3_1_place_gp_skip_io.odb
read_sdc /home/user/chip/build/pd_sep/results/sky130hd/orbit_demo/sep/2_floorplan.sdc
source /OpenROAD-flow-scripts/flow/platforms/sky130hd/setRC.tcl
place_pins -hor_layers met3 -ver_layers met2 -min_distance 2 -min_distance_in_tracks
Found 0 macro blocks.
[INFO PPL-0001] Number of available slots 1254
[INFO PPL-0002] Number of I/O             215
[INFO PPL-0003] Number of I/O w/sink      215
[INFO PPL-0004] Number of I/O w/o sink    0
[INFO PPL-0005] Slots per section         200
[INFO PPL-0008] Successfully assigned pins to sections.
[INFO PPL-0012] I/O nets HPWL: 34567.11 um.
Design area 49754 um^2 43% utilization.
write_db /home/user/chip/build/pd_sep/results/sky130hd/orbit_demo/sep/3_2_place_iop.odb
Elapsed time: 0:00.44[h:]min:sec. CPU time: user 0.37 sys 0.07 (98%). Peak memory: 114088KB.
Log                       Ext     Elapsed/s Peak Memory/MB sha1sum result [0:20)
3_2_place_iop             .odb            0            111 41e4fad4a83b22d41df3
