OpenROAD unknown 
Features included (+) or not (-): -GPU +GUI -Python
This program is licensed under the BSD-3 license. See the LICENSE file for details.
Components of this program may be licensed under more restrictive licenses which must be honored.
[INFO ORD-0030] Using 2 thread(s).
read_liberty /OpenROAD-flow-scripts/flow/platforms/sky130hd/lib/sky130_fd_sc_hd__tt_025C_1v80.lib
read_db /home/user/chip/build/pd_sep/results/sky130hd/orbit_demo/sep/3_3_place_gp.odb
read_sdc /home/user/chip/build/pd_sep/results/sky130hd/orbit_demo/sep/2_floorplan.sdc
source /OpenROAD-flow-scripts/flow/platforms/sky130hd/setRC.tcl
estimate_parasitics -placement
Perform buffer insertion and gate resizing...
repair_design -verbose -cap_margin 20 -slew_margin 20 -match_cell_footprint
Iteration |   Area    | Resized | Buffers | Nets repaired | Remaining
---------------------------------------------------------------------
        0 |     +0.0% |       0 |       0 |             0 |      6731
     1000 |     +0.0% |       0 |       0 |             0 |      5731
     2000 |     +0.0% |       0 |       0 |             0 |      4731
     3000 |     +0.0% |       0 |       0 |             0 |      3731
     4000 |     +0.0% |       0 |       0 |             0 |      2731
     5000 |     +0.0% |       0 |       0 |             0 |      1731
     6000 |     +0.0% |       0 |       1 |             1 |       731
    final |     +0.0% |       0 |       1 |             1 |         0
---------------------------------------------------------------------
[INFO RSZ-0036] Found 1 capacitance violations.
[INFO RSZ-0038] Inserted 1 buffers in 1 nets.
[INFO RSZ-0504] Runtime: 0.67s
Floating nets: 
Report metrics stage 3, resizer...

==========================================================================
resizer report_design_area
--------------------------------------------------------------------------
Design area 57090 um^2 49% utilization.
Instance count before 7573, after 7574
Pin count before 19802, after 19804
write_db /home/user/chip/build/pd_sep/results/sky130hd/orbit_demo/sep/3_4_place_resized.odb
Elapsed time: 0:04.51[h:]min:sec. CPU time: user 2.79 sys 0.11 (64%). Peak memory: 160376KB.
Log                       Ext     Elapsed/s Peak Memory/MB sha1sum result [0:20)
3_4_place_resized         .odb            4            156 0873df711d3962a4838f
