OpenROAD unknown 
Features included (+) or not (-): -GPU +GUI -Python
This program is licensed under the BSD-3 license. See the LICENSE file for details.
Components of this program may be licensed under more restrictive licenses which must be honored.
[INFO ORD-0030] Using 2 thread(s).
read_liberty /OpenROAD-flow-scripts/flow/platforms/sky130hd/lib/sky130_fd_sc_hd__tt_025C_1v80.lib
read_db /home/user/chip/build/pd_sep/results/sky130hd/orbit_demo/sep/3_4_place_resized.odb
read_sdc /home/user/chip/build/pd_sep/results/sky130hd/orbit_demo/sep/2_floorplan.sdc
source /OpenROAD-flow-scripts/flow/platforms/sky130hd/setRC.tcl
detailed_placement
[INFO DPL-0006] Core area: 116205.20 um^2
[INFO DPL-0007] Movable instances area: 55182.92 um^2
[INFO DPL-0008] Fixed instances area within core: 1906.83 um^2
[INFO DPL-0009] Utilization: 49.1%
[INFO DPL-0005] Diamond search max displacement: +/- 500 sites horizontally, +/- 100 rows vertically.
[INFO DPL-1102] Legalizing using negotiation legalizer.
[INFO DPL-1103] Negotiation base search window: +/-20 sites horizontally, +/-5 rows vertically 
	Automatic search window extension enabled.
	Search window extendable up to the max displacement cap of +/-500 sites, +/-100 rows near walls.
[INFO DPL-1104] NegotiationLegalizer DRC penalty: 5.
[INFO DPL-0392] Negotiation cell height distribution (1 unique row-count(s)):
[INFO DPL-0393]   height 1 row(s): 7574 cells
          |      Total |  Illegal |  Illegal
Iteration | Violations |    Cells |    Sites
---------------------------------------------
        0 |       2243 |       531 |      1700
        1 |          0 |         0 |         0
Negotiation phase 1 converged at iteration 1.
[INFO DPL-0500] Runtime: 0.11s
Detailed Placement Analysis
---------------------------------
legalizer            negotiation
total moves                6322
total displacement      17764.7 u
average displacement        2.3 u
max displacement           48.3 u
original HPWL          202103.8 u
legalized HPWL         213247.0 u
delta HPWL                    6 %

optimize_mirroring
[INFO DPL-0020] Mirrored 2469 instances
[INFO DPL-0021] HPWL before          213247.0 u
[INFO DPL-0022] HPWL after           209001.0 u
[INFO DPL-0023] HPWL delta               -2.0 %
[INFO FLW-0012] Placement violations .
estimate_parasitics -placement
Report metrics stage 3, detailed place...

==========================================================================
detailed place report_design_area
--------------------------------------------------------------------------
Design area 57090 um^2 49% utilization.
write_db /home/user/chip/build/pd_sep/results/sky130hd/orbit_demo/sep/3_5_place_dp.odb
write_sdc -no_timestamp /home/user/chip/build/pd_sep/results/sky130hd/orbit_demo/sep/3_place.sdc
Elapsed time: 0:03.93[h:]min:sec. CPU time: user 2.54 sys 0.09 (66%). Peak memory: 153204KB.
Log                       Ext     Elapsed/s Peak Memory/MB sha1sum result [0:20)
3_5_place_dp              .odb            3            149 478c9b89732ddffd4247
