OpenROAD unknown 
Features included (+) or not (-): -GPU +GUI -Python
This program is licensed under the BSD-3 license. See the LICENSE file for details.
Components of this program may be licensed under more restrictive licenses which must be honored.
[INFO ORD-0030] Using 2 thread(s).
read_liberty /OpenROAD-flow-scripts/flow/platforms/sky130hd/lib/sky130_fd_sc_hd__tt_025C_1v80.lib
read_db /home/user/chip/build/pd_sep/results/sky130hd/orbit_demo/sep/5_1_grt.odb
read_sdc /home/user/chip/build/pd_sep/results/sky130hd/orbit_demo/sep/5_1_grt.sdc
source /OpenROAD-flow-scripts/flow/platforms/sky130hd/setRC.tcl
detailed_route -output_drc /home/user/chip/build/pd_sep/reports/sky130hd/orbit_demo/sep/5_route_drc.rpt -output_maze /home/user/chip/build/pd_sep/results/sky130hd/orbit_demo/sep/maze.log -droute_end_iter 64 -verbose 1 -drc_report_iter_step 5
[INFO DRT-0149] Reading tech and libs.
[WARNING DRT-0349] LEF58_ENCLOSURE with no CUTCLASS is not supported. Skipping for layer mcon
[WARNING DRT-0349] LEF58_ENCLOSURE with no CUTCLASS is not supported. Skipping for layer mcon
[WARNING DRT-0349] LEF58_ENCLOSURE with no CUTCLASS is not supported. Skipping for layer via
[WARNING DRT-0349] LEF58_ENCLOSURE with no CUTCLASS is not supported. Skipping for layer via
[WARNING DRT-0349] LEF58_ENCLOSURE with no CUTCLASS is not supported. Skipping for layer via2
[WARNING DRT-0349] LEF58_ENCLOSURE with no CUTCLASS is not supported. Skipping for layer via2
[WARNING DRT-0349] LEF58_ENCLOSURE with no CUTCLASS is not supported. Skipping for layer via3
[WARNING DRT-0349] LEF58_ENCLOSURE with no CUTCLASS is not supported. Skipping for layer via3
[WARNING DRT-0349] LEF58_ENCLOSURE with no CUTCLASS is not supported. Skipping for layer via4
[WARNING DRT-0349] LEF58_ENCLOSURE with no CUTCLASS is not supported. Skipping for layer via4

Units:                1000
Number of layers:     13
Number of macros:     441
Number of vias:       29
Number of viarulegen: 25

[INFO DRT-0150] Reading design.

Design:                   orbit_demo
Die area:                 ( 0 0 ) ( 346295 346295 )
Number of track patterns: 12
Number of DEF vias:       0
Number of components:     7774
Number of terminals:      217
Number of snets:          2
Number of nets:           6886

[INFO DRT-0167] List of default vias:
  Layer via
    default via: M1M2_PR
  Layer via2
    default via: M2M3_PR
  Layer via3
    default via: M3M4_PR
  Layer via4
    default via: M4M5_PR
[INFO DRT-0162] Library cell analysis.
[INFO DRT-0163] Instance analysis.
[INFO DRT-0164] Number of unique instances = 238.
[INFO DRT-0168] Init region query.
[INFO DRT-0024]   Complete FR_MASTERSLICE.
[INFO DRT-0024]   Complete Fr_VIA.
[INFO DRT-0024]   Complete li1.
[INFO DRT-0024]   Complete mcon.
[INFO DRT-0024]   Complete met1.
[INFO DRT-0024]   Complete via.
[INFO DRT-0024]   Complete met2.
[INFO DRT-0024]   Complete via2.
[INFO DRT-0024]   Complete met3.
[INFO DRT-0024]   Complete via3.
[INFO DRT-0024]   Complete met4.
[INFO DRT-0024]   Complete via4.
[INFO DRT-0024]   Complete met5.
[INFO DRT-0033] FR_MASTERSLICE shape region query size = 0.
[INFO DRT-0033] FR_VIA shape region query size = 0.
[INFO DRT-0033] li1 shape region query size = 186640.
[INFO DRT-0033] mcon shape region query size = 104794.
[INFO DRT-0033] met1 shape region query size = 25951.
[INFO DRT-0033] via shape region query size = 7875.
[INFO DRT-0033] met2 shape region query size = 4809.
[INFO DRT-0033] via2 shape region query size = 6300.
[INFO DRT-0033] met3 shape region query size = 4856.
[INFO DRT-0033] via3 shape region query size = 6300.
[INFO DRT-0033] met4 shape region query size = 1913.
[INFO DRT-0033] via4 shape region query size = 313.
[INFO DRT-0033] met5 shape region query size = 363.
[INFO DRT-0165] Start pin access.
[INFO DRT-0076]   Complete 1000 pins.
[INFO DRT-0078]   Complete 1902 pins.
[INFO DRT-0079]   Complete 100 unique inst patterns.
[INFO DRT-0079]   Complete 200 unique inst patterns.
[INFO DRT-0081]   Complete 238 unique inst patterns.
[INFO DRT-0084]   Complete 4063 groups.
#scanned instances     = 7774
#unique  instances     = 238
#stdCellGenAp          = 8194
#stdCellValidPlanarAp  = 73
#stdCellValidViaAp     = 5471
#stdCellPinNoAp        = 10
#stdCellPinCnt         = 20158
#instTermValidViaApCnt = 0
#macroGenAp            = 0
#macroValidPlanarAp    = 0
#macroValidViaAp       = 0
#macroNoAp             = 0
[INFO DRT-0166] Complete pin access.
[INFO DRT-0267] cpu time = 00:02:04, elapsed time = 00:01:06, memory = 268.17 (MB), peak = 267.85 (MB)

[INFO DRT-0157] Number of guides:     44502

[INFO DRT-0169] Post process guides.
[INFO DRT-0176] GCELLGRID X 0 DO 50 STEP 6900 ;
[INFO DRT-0177] GCELLGRID Y 0 DO 50 STEP 6900 ;
[INFO DRT-0028]   Complete FR_MASTERSLICE.
[INFO DRT-0028]   Complete Fr_VIA.
[INFO DRT-0028]   Complete li1.
[INFO DRT-0028]   Complete mcon.
[INFO DRT-0028]   Complete met1.
[INFO DRT-0028]   Complete via.
[INFO DRT-0028]   Complete met2.
[INFO DRT-0028]   Complete via2.
[INFO DRT-0028]   Complete met3.
[INFO DRT-0028]   Complete via3.
[INFO DRT-0028]   Complete met4.
[INFO DRT-0028]   Complete via4.
[INFO DRT-0028]   Complete met5.
[INFO DRT-0178] Init guide query.
[INFO DRT-0035]   Complete FR_MASTERSLICE (guide).
[INFO DRT-0035]   Complete Fr_VIA (guide).
[INFO DRT-0035]   Complete li1 (guide).
[INFO DRT-0035]   Complete mcon (guide).
[INFO DRT-0035]   Complete met1 (guide).
[INFO DRT-0035]   Complete via (guide).
[INFO DRT-0035]   Complete met2 (guide).
[INFO DRT-0035]   Complete via2 (guide).
[INFO DRT-0035]   Complete met3 (guide).
[INFO DRT-0035]   Complete via3 (guide).
[INFO DRT-0035]   Complete met4 (guide).
[INFO DRT-0035]   Complete via4 (guide).
[INFO DRT-0035]   Complete met5 (guide).
[INFO DRT-0036] FR_MASTERSLICE guide region query size = 0.
[INFO DRT-0036] FR_VIA guide region query size = 0.
[INFO DRT-0036] li1 guide region query size = 16255.
[INFO DRT-0036] mcon guide region query size = 0.
[INFO DRT-0036] met1 guide region query size = 13467.
[INFO DRT-0036] via guide region query size = 0.
[INFO DRT-0036] met2 guide region query size = 6253.
[INFO DRT-0036] via2 guide region query size = 0.
[INFO DRT-0036] met3 guide region query size = 605.
[INFO DRT-0036] via3 guide region query size = 0.
[INFO DRT-0036] met4 guide region query size = 170.
[INFO DRT-0036] via4 guide region query size = 0.
[INFO DRT-0036] met5 guide region query size = 17.
[INFO DRT-0179] Init gr pin query.
[INFO DRT-0267] cpu time = 00:00:00, elapsed time = 00:00:00, memory = 278.86 (MB), peak = 278.47 (MB)
[INFO DRT-0245] skipped writing guide updates to database.
[INFO DRT-0181] Start track assignment.
[INFO DRT-0184] Done with 22678 vertical wires in 1 frboxes and 14089 horizontal wires in 1 frboxes.
[INFO DRT-0186] Done with 2111 vertical wires in 1 frboxes and 5214 horizontal wires in 1 frboxes.
[INFO DRT-0182] Complete track assignment.
[INFO DRT-0267] cpu time = 00:00:02, elapsed time = 00:00:02, memory = 334.28 (MB), peak = 333.88 (MB)
[INFO DRT-0187] Start routing data preparation.
[INFO DRT-0267] cpu time = 00:00:00, elapsed time = 00:00:00, memory = 335.30 (MB), peak = 334.88 (MB)
[INFO DRT-0194] Start detail routing.
[INFO DRT-0195] Start 0th optimization iteration.
    Completing 10% with 0 violations.
    elapsed time = 00:00:07, memory = 458.59 (MB).
    Completing 20% with 0 violations.
    elapsed time = 00:00:14, memory = 538.71 (MB).
    Completing 30% with 1435 violations.
    elapsed time = 00:00:24, memory = 591.52 (MB).
    Completing 40% with 1435 violations.
    elapsed time = 00:00:34, memory = 595.32 (MB).
    Completing 50% with 1435 violations.
    elapsed time = 00:00:40, memory = 561.11 (MB).
    Completing 60% with 2700 violations.
    elapsed time = 00:00:53, memory = 574.69 (MB).
    Completing 70% with 2700 violations.
    elapsed time = 00:00:56, memory = 575.86 (MB).
    Completing 80% with 3926 violations.
    elapsed time = 00:01:11, memory = 568.46 (MB).
    Completing 90% with 3926 violations.
    elapsed time = 00:01:15, memory = 568.23 (MB).
    Completing 100% with 5188 violations.
    elapsed time = 00:01:20, memory = 538.86 (MB).
[INFO DRT-0199]   Number of violations = 5505.
Viol/Layer         li1   mcon   met1   met2   met3   met4
Cut Spacing          0     15      0      0      0      0
Metal Spacing        0      0    608    172     13      1
Min Hole             0      0      3      0      0      0
Recheck              5      0    237     72      3      0
Short                0      1   4077    281     17      0
[INFO DRT-0267] cpu time = 00:02:29, elapsed time = 00:01:21, memory = 549.48 (MB), peak = 690.96 (MB)
Total wire length = 247001 um.
Total wire length on LAYER li1 = 0 um.
Total wire length on LAYER met1 = 131557 um.
Total wire length on LAYER met2 = 74199 um.
Total wire length on LAYER met3 = 32173 um.
Total wire length on LAYER met4 = 8896 um.
Total wire length on LAYER met5 = 174 um.
Total number of vias = 44464.
Up-via summary (total 44464):

------------------------
 FR_MASTERSLICE        0
            li1    19872
           met1    22791
           met2     1509
           met3      264
           met4       28
------------------------
               44464


[INFO DRT-0195] Start 1st optimization iteration.
    Completing 10% with 5505 violations.
    elapsed time = 00:00:03, memory = 609.03 (MB).
    Completing 20% with 5505 violations.
    elapsed time = 00:00:14, memory = 614.31 (MB).
    Completing 30% with 5224 violations.
    elapsed time = 00:00:22, memory = 588.18 (MB).
    Completing 40% with 5224 violations.
    elapsed time = 00:00:34, memory = 589.23 (MB).
    Completing 50% with 5224 violations.
    elapsed time = 00:00:40, memory = 566.34 (MB).
    Completing 60% with 4923 violations.
    elapsed time = 00:00:51, memory = 598.90 (MB).
    Completing 70% with 4923 violations.
    elapsed time = 00:00:52, memory = 597.10 (MB).
    Completing 80% with 4267 violations.
    elapsed time = 00:01:08, memory = 602.49 (MB).
    Completing 90% with 4267 violations.
    elapsed time = 00:01:12, memory = 617.38 (MB).
    Completing 100% with 3685 violations.
    elapsed time = 00:01:18, memory = 555.97 (MB).
[INFO DRT-0199]   Number of violations = 3685.
Viol/Layer        mcon   met1   met2   met3
Cut Spacing         29      0      0      0
Metal Spacing        0    501     99      4
Short                0   2943    108      1
[INFO DRT-0267] cpu time = 00:02:19, elapsed time = 00:01:18, memory = 558.76 (MB), peak = 700.25 (MB)
Total wire length = 245135 um.
Total wire length on LAYER li1 = 0 um.
Total wire length on LAYER met1 = 130174 um.
Total wire length on LAYER met2 = 73342 um.
Total wire length on LAYER met3 = 32665 um.
Total wire length on LAYER met4 = 8810 um.
Total wire length on LAYER met5 = 142 um.
Total number of vias = 44015.
Up-via summary (total 44015):

------------------------
 FR_MASTERSLICE        0
            li1    19866
           met1    22391
           met2     1486
           met3      248
           met4       24
------------------------
               44015


[INFO DRT-0195] Start 2nd optimization iteration.
    Completing 10% with 3685 violations.
    elapsed time = 00:00:02, memory = 626.75 (MB).
    Completing 20% with 3685 violations.
    elapsed time = 00:00:11, memory = 611.06 (MB).
    Completing 30% with 3529 violations.
    elapsed time = 00:00:16, memory = 577.48 (MB).
    Completing 40% with 3529 violations.
    elapsed time = 00:00:26, memory = 613.30 (MB).
    Completing 50% with 3529 violations.
    elapsed time = 00:00:35, memory = 585.99 (MB).
    Completing 60% with 3621 violations.
    elapsed time = 00:00:42, memory = 610.99 (MB).
    Completing 70% with 3621 violations.
    elapsed time = 00:00:48, memory = 628.46 (MB).
    Completing 80% with 3551 violations.
    elapsed time = 00:01:02, memory = 599.45 (MB).
    Completing 90% with 3551 violations.
    elapsed time = 00:01:07, memory = 602.97 (MB).
    Completing 100% with 3467 violations.
    elapsed time = 00:01:12, memory = 586.81 (MB).
[INFO DRT-0199]   Number of violations = 3467.
Viol/Layer        mcon   met1   met2   met3
Cut Spacing         30      0      0      0
Metal Spacing        0    462     94      5
Short                0   2774     95      7
[INFO DRT-0267] cpu time = 00:02:13, elapsed time = 00:01:12, memory = 624.72 (MB), peak = 709.43 (MB)
Total wire length = 244594 um.
Total wire length on LAYER li1 = 0 um.
Total wire length on LAYER met1 = 129983 um.
Total wire length on LAYER met2 = 73041 um.
Total wire length on LAYER met3 = 32665 um.
Total wire length on LAYER met4 = 8733 um.
Total wire length on LAYER met5 = 170 um.
Total number of vias = 43705.
Up-via summary (total 43705):

------------------------
 FR_MASTERSLICE        0
            li1    19862
           met1    22099
           met2     1470
           met3      244
           met4       30
------------------------
               43705


[INFO DRT-0195] Start 3rd optimization iteration.
    Completing 10% with 3467 violations.
    elapsed time = 00:00:04, memory = 643.28 (MB).
    Completing 20% with 3467 violations.
    elapsed time = 00:00:11, memory = 639.09 (MB).
    Completing 30% with 2625 violations.
    elapsed time = 00:00:15, memory = 653.99 (MB).
    Completing 40% with 2625 violations.
    elapsed time = 00:00:21, memory = 653.55 (MB).
    Completing 50% with 2625 violations.
    elapsed time = 00:00:26, memory = 628.56 (MB).
    Completing 60% with 1920 violations.
    elapsed time = 00:00:35, memory = 639.55 (MB).
    Completing 70% with 1920 violations.
    elapsed time = 00:00:38, memory = 638.81 (MB).
    Completing 80% with 1022 violations.
    elapsed time = 00:00:45, memory = 670.48 (MB).
    Completing 90% with 1022 violations.
    elapsed time = 00:00:48, memory = 668.37 (MB).
    Completing 100% with 297 violations.
    elapsed time = 00:00:54, memory = 586.37 (MB).
[INFO DRT-0199]   Number of violations = 297.
Viol/Layer        met1    via   met2   met3
Cut Spacing          0      3      0      0
Metal Spacing       71      0     31      8
Short              152      0     30      2
[INFO DRT-0267] cpu time = 00:01:40, elapsed time = 00:00:54, memory = 588.27 (MB), peak = 709.43 (MB)
Total wire length = 244245 um.
Total wire length on LAYER li1 = 0 um.
Total wire length on LAYER met1 = 118359 um.
Total wire length on LAYER met2 = 73044 um.
Total wire length on LAYER met3 = 43491 um.
Total wire length on LAYER met4 = 9186 um.
Total wire length on LAYER met5 = 163 um.
Total number of vias = 45386.
Up-via summary (total 45386):

------------------------
 FR_MASTERSLICE        0
            li1    19870
           met1    22551
           met2     2654
           met3      283
           met4       28
------------------------
               45386


[INFO DRT-0195] Start 4th optimization iteration.
    Completing 10% with 297 violations.
    elapsed time = 00:00:00, memory = 588.27 (MB).
    Completing 20% with 297 violations.
    elapsed time = 00:00:00, memory = 641.51 (MB).
    Completing 30% with 234 violations.
    elapsed time = 00:00:01, memory = 643.53 (MB).
    Completing 40% with 234 violations.
    elapsed time = 00:00:01, memory = 677.42 (MB).
    Completing 50% with 234 violations.
    elapsed time = 00:00:02, memory = 644.57 (MB).
    Completing 60% with 226 violations.
    elapsed time = 00:00:02, memory = 644.57 (MB).
    Completing 70% with 226 violations.
    elapsed time = 00:00:02, memory = 644.65 (MB).
    Completing 80% with 166 violations.
    elapsed time = 00:00:03, memory = 642.65 (MB).
    Completing 90% with 166 violations.
    elapsed time = 00:00:05, memory = 659.55 (MB).
    Completing 100% with 0 violations.
    elapsed time = 00:00:06, memory = 637.36 (MB).
[INFO DRT-0199]   Number of violations = 0.
[INFO DRT-0267] cpu time = 00:00:10, elapsed time = 00:00:06, memory = 642.78 (MB), peak = 710.84 (MB)
Total wire length = 244204 um.
Total wire length on LAYER li1 = 0 um.
Total wire length on LAYER met1 = 118173 um.
Total wire length on LAYER met2 = 73035 um.
Total wire length on LAYER met3 = 43652 um.
Total wire length on LAYER met4 = 9180 um.
Total wire length on LAYER met5 = 163 um.
Total number of vias = 45390.
Up-via summary (total 45390):

------------------------
 FR_MASTERSLICE        0
            li1    19870
           met1    22549
           met2     2661
           met3      282
           met4       28
------------------------
               45390


[INFO DRT-0198] Complete detail routing.
Total wire length = 244204 um.
Total wire length on LAYER li1 = 0 um.
Total wire length on LAYER met1 = 118173 um.
Total wire length on LAYER met2 = 73035 um.
Total wire length on LAYER met3 = 43652 um.
Total wire length on LAYER met4 = 9180 um.
Total wire length on LAYER met5 = 163 um.
Total number of vias = 45390.
Up-via summary (total 45390):

------------------------
 FR_MASTERSLICE        0
            li1    19870
           met1    22549
           met2     2661
           met3      282
           met4       28
------------------------
               45390


[INFO DRT-0267] cpu time = 00:08:53, elapsed time = 00:04:54, memory = 642.84 (MB), peak = 710.84 (MB)

[INFO DRT-0180] Post processing.
[INFO DRT-0501] Runtime: 362.77s
Took 363 seconds: detailed_route -output_drc /home/user/chip/build/pd_sep/reports/sky130hd/orbit_demo/sep/5_route_drc.rpt -output_maze /home/user/chip/build/pd_sep/results/sky130hd/orbit_demo/sep/maze.log -droute_end_iter 64 -verbose 1 -drc_report_iter_step 5
[INFO GRT-0012] Found 17 antenna violations.
[INFO DPL-0501] Legalized with 0 moves: displacement total 0.0 u, max 0.0 u; HPWL 220769.1 -> 220769.1 u (+0.0 %).
[INFO DPL-0500] Runtime: 0.04s
[INFO GRT-0015] Inserted 18 diodes.
[INFO DRT-0024]   Complete FR_MASTERSLICE.
[INFO DRT-0024]   Complete Fr_VIA.
[INFO DRT-0024]   Complete li1.
[INFO DRT-0024]   Complete mcon.
[INFO DRT-0024]   Complete met1.
[INFO DRT-0024]   Complete via.
[INFO DRT-0024]   Complete met2.
[INFO DRT-0024]   Complete via2.
[INFO DRT-0024]   Complete met3.
[INFO DRT-0024]   Complete via3.
[INFO DRT-0024]   Complete met4.
[INFO DRT-0024]   Complete via4.
[INFO DRT-0024]   Complete met5.
[INFO DRT-0165] Start pin access.
[INFO DRT-0076]   Complete 1000 pins.
[INFO DRT-0078]   Complete 1912 pins.
[INFO DRT-0079]   Complete 100 unique inst patterns.
[INFO DRT-0079]   Complete 200 unique inst patterns.
[INFO DRT-0081]   Complete 240 unique inst patterns.
[INFO DRT-0084]   Complete 4063 groups.
#scanned instances     = 7792
#unique  instances     = 240
#stdCellGenAp          = 8218
#stdCellValidPlanarAp  = 73
#stdCellValidViaAp     = 5495
#stdCellPinNoAp        = 10
#stdCellPinCnt         = 20158
#instTermValidViaApCnt = 0
#macroGenAp            = 0
#macroValidPlanarAp    = 0
#macroValidViaAp       = 0
#macroNoAp             = 0
[INFO DRT-0166] Complete pin access.
[INFO DRT-0267] cpu time = 00:02:10, elapsed time = 00:01:08, memory = 614.11 (MB), peak = 710.84 (MB)

[INFO DRT-0157] Number of guides:     44476

[INFO DRT-0169] Post process guides.
[INFO DRT-0176] GCELLGRID X 0 DO 50 STEP 6900 ;
[INFO DRT-0177] GCELLGRID Y 0 DO 50 STEP 6900 ;
[INFO DRT-0028]   Complete FR_MASTERSLICE.
[INFO DRT-0028]   Complete Fr_VIA.
[INFO DRT-0028]   Complete li1.
[INFO DRT-0028]   Complete mcon.
[INFO DRT-0028]   Complete met1.
[INFO DRT-0028]   Complete via.
[INFO DRT-0028]   Complete met2.
[INFO DRT-0028]   Complete via2.
[INFO DRT-0028]   Complete met3.
[INFO DRT-0028]   Complete via3.
[INFO DRT-0028]   Complete met4.
[INFO DRT-0028]   Complete via4.
[INFO DRT-0028]   Complete met5.
[INFO DRT-0178] Init guide query.
[INFO DRT-0035]   Complete FR_MASTERSLICE (guide).
[INFO DRT-0035]   Complete Fr_VIA (guide).
[INFO DRT-0035]   Complete li1 (guide).
[INFO DRT-0035]   Complete mcon (guide).
[INFO DRT-0035]   Complete met1 (guide).
[INFO DRT-0035]   Complete via (guide).
[INFO DRT-0035]   Complete met2 (guide).
[INFO DRT-0035]   Complete via2 (guide).
[INFO DRT-0035]   Complete met3 (guide).
[INFO DRT-0035]   Complete via3 (guide).
[INFO DRT-0035]   Complete met4 (guide).
[INFO DRT-0035]   Complete via4 (guide).
[INFO DRT-0035]   Complete met5 (guide).
[INFO DRT-0036] FR_MASTERSLICE guide region query size = 0.
[INFO DRT-0036] FR_VIA guide region query size = 0.
[INFO DRT-0036] li1 guide region query size = 16258.
[INFO DRT-0036] mcon guide region query size = 0.
[INFO DRT-0036] met1 guide region query size = 13463.
[INFO DRT-0036] via guide region query size = 0.
[INFO DRT-0036] met2 guide region query size = 6244.
[INFO DRT-0036] via2 guide region query size = 0.
[INFO DRT-0036] met3 guide region query size = 597.
[INFO DRT-0036] via3 guide region query size = 0.
[INFO DRT-0036] met4 guide region query size = 164.
[INFO DRT-0036] via4 guide region query size = 0.
[INFO DRT-0036] met5 guide region query size = 15.
[INFO DRT-0179] Init gr pin query.
[INFO DRT-0267] cpu time = 00:00:00, elapsed time = 00:00:00, memory = 614.11 (MB), peak = 710.84 (MB)
[INFO DRT-0245] skipped writing guide updates to database.
[INFO DRT-0181] Start track assignment.
[INFO DRT-0184] Done with 22666 vertical wires in 1 frboxes and 14075 horizontal wires in 1 frboxes.
[INFO DRT-0186] Done with 2098 vertical wires in 1 frboxes and 5225 horizontal wires in 1 frboxes.
[INFO DRT-0182] Complete track assignment.
[INFO DRT-0267] cpu time = 00:00:02, elapsed time = 00:00:02, memory = 604.34 (MB), peak = 710.84 (MB)
[INFO DRT-0187] Start routing data preparation.
[INFO DRT-0267] cpu time = 00:00:00, elapsed time = 00:00:00, memory = 604.34 (MB), peak = 710.84 (MB)
[INFO DRT-0194] Start detail routing.
[INFO DRT-0195] Start 0th optimization iteration.
    Completing 10% with 0 violations.
    elapsed time = 00:00:01, memory = 651.48 (MB).
    Completing 20% with 0 violations.
    elapsed time = 00:00:02, memory = 654.60 (MB).
    Completing 30% with 114 violations.
    elapsed time = 00:00:05, memory = 708.41 (MB).
    Completing 40% with 114 violations.
    elapsed time = 00:00:06, memory = 712.03 (MB).
    Completing 50% with 114 violations.
    elapsed time = 00:00:08, memory = 667.74 (MB).
    Completing 60% with 215 violations.
    elapsed time = 00:00:10, memory = 680.70 (MB).
    Completing 70% with 215 violations.
    elapsed time = 00:00:10, memory = 678.70 (MB).
    Completing 80% with 297 violations.
    elapsed time = 00:00:13, memory = 676.25 (MB).
    Completing 90% with 297 violations.
    elapsed time = 00:00:14, memory = 676.25 (MB).
    Completing 100% with 377 violations.
    elapsed time = 00:00:16, memory = 655.06 (MB).
[INFO DRT-0199]   Number of violations = 422.
Viol/Layer         li1   met1   met2   met3
Metal Spacing        0     28     13      3
Min Hole             0      1      0      0
Recheck              1     27     14      3
Short                0    242     74     16
[INFO DRT-0267] cpu time = 00:00:29, elapsed time = 00:00:16, memory = 661.46 (MB), peak = 730.72 (MB)
Total wire length = 244457 um.
Total wire length on LAYER li1 = 0 um.
Total wire length on LAYER met1 = 119084 um.
Total wire length on LAYER met2 = 73108 um.
Total wire length on LAYER met3 = 42988 um.
Total wire length on LAYER met4 = 9114 um.
Total wire length on LAYER met5 = 160 um.
Total number of vias = 45427.
Up-via summary (total 45427):

------------------------
 FR_MASTERSLICE        0
            li1    19901
           met1    22630
           met2     2587
           met3      281
           met4       28
------------------------
               45427


[INFO DRT-0195] Start 1st optimization iteration.
    Completing 10% with 422 violations.
    elapsed time = 00:00:01, memory = 661.46 (MB).
    Completing 20% with 422 violations.
    elapsed time = 00:00:02, memory = 677.82 (MB).
    Completing 30% with 375 violations.
    elapsed time = 00:00:04, memory = 649.52 (MB).
    Completing 40% with 375 violations.
    elapsed time = 00:00:07, memory = 690.43 (MB).
    Completing 50% with 375 violations.
    elapsed time = 00:00:08, memory = 662.51 (MB).
    Completing 60% with 285 violations.
    elapsed time = 00:00:09, memory = 679.41 (MB).
    Completing 70% with 285 violations.
    elapsed time = 00:00:10, memory = 679.70 (MB).
    Completing 80% with 226 violations.
    elapsed time = 00:00:13, memory = 667.10 (MB).
    Completing 90% with 226 violations.
    elapsed time = 00:00:13, memory = 685.32 (MB).
    Completing 100% with 140 violations.
    elapsed time = 00:00:15, memory = 653.00 (MB).
[INFO DRT-0199]   Number of violations = 140.
Viol/Layer        mcon   met1   met2   met3
Cut Spacing          1      0      0      0
Metal Spacing        0     12      2      1
Short                0    107      6     11
[INFO DRT-0267] cpu time = 00:00:28, elapsed time = 00:00:15, memory = 668.52 (MB), peak = 730.76 (MB)
Total wire length = 244350 um.
Total wire length on LAYER li1 = 0 um.
Total wire length on LAYER met1 = 118970 um.
Total wire length on LAYER met2 = 73046 um.
Total wire length on LAYER met3 = 43046 um.
Total wire length on LAYER met4 = 9126 um.
Total wire length on LAYER met5 = 160 um.
Total number of vias = 45395.
Up-via summary (total 45395):

------------------------
 FR_MASTERSLICE        0
            li1    19899
           met1    22594
           met2     2593
           met3      281
           met4       28
------------------------
               45395


[INFO DRT-0195] Start 2nd optimization iteration.
    Completing 10% with 140 violations.
    elapsed time = 00:00:00, memory = 698.48 (MB).
    Completing 20% with 140 violations.
    elapsed time = 00:00:01, memory = 700.18 (MB).
    Completing 30% with 137 violations.
    elapsed time = 00:00:02, memory = 671.18 (MB).
    Completing 40% with 137 violations.
    elapsed time = 00:00:03, memory = 706.48 (MB).
    Completing 50% with 137 violations.
    elapsed time = 00:00:04, memory = 656.53 (MB).
    Completing 60% with 148 violations.
    elapsed time = 00:00:05, memory = 656.53 (MB).
    Completing 70% with 148 violations.
    elapsed time = 00:00:06, memory = 656.53 (MB).
    Completing 80% with 119 violations.
    elapsed time = 00:00:07, memory = 655.26 (MB).
    Completing 90% with 119 violations.
    elapsed time = 00:00:08, memory = 655.26 (MB).
    Completing 100% with 119 violations.
    elapsed time = 00:00:09, memory = 653.42 (MB).
[INFO DRT-0199]   Number of violations = 119.
Viol/Layer        met1   met2   met3
Metal Spacing        9      7      1
Short               88      5      9
[INFO DRT-0267] cpu time = 00:00:16, elapsed time = 00:00:09, memory = 659.74 (MB), peak = 730.76 (MB)
Total wire length = 244312 um.
Total wire length on LAYER li1 = 0 um.
Total wire length on LAYER met1 = 118890 um.
Total wire length on LAYER met2 = 73048 um.
Total wire length on LAYER met3 = 43083 um.
Total wire length on LAYER met4 = 9126 um.
Total wire length on LAYER met5 = 163 um.
Total number of vias = 45382.
Up-via summary (total 45382):

------------------------
 FR_MASTERSLICE        0
            li1    19900
           met1    22576
           met2     2597
           met3      281
           met4       28
------------------------
               45382


[INFO DRT-0195] Start 3rd optimization iteration.
    Completing 10% with 119 violations.
    elapsed time = 00:00:00, memory = 663.04 (MB).
    Completing 20% with 119 violations.
    elapsed time = 00:00:01, memory = 696.13 (MB).
    Completing 30% with 88 violations.
    elapsed time = 00:00:02, memory = 664.83 (MB).
    Completing 40% with 88 violations.
    elapsed time = 00:00:03, memory = 709.02 (MB).
    Completing 50% with 88 violations.
    elapsed time = 00:00:04, memory = 672.90 (MB).
    Completing 60% with 63 violations.
    elapsed time = 00:00:05, memory = 673.74 (MB).
    Completing 70% with 63 violations.
    elapsed time = 00:00:05, memory = 673.74 (MB).
    Completing 80% with 41 violations.
    elapsed time = 00:00:10, memory = 660.79 (MB).
    Completing 90% with 41 violations.
    elapsed time = 00:00:10, memory = 660.79 (MB).
    Completing 100% with 5 violations.
    elapsed time = 00:00:11, memory = 658.86 (MB).
[INFO DRT-0199]   Number of violations = 5.
Viol/Layer        met1
Metal Spacing        4
Short                1
[INFO DRT-0267] cpu time = 00:00:17, elapsed time = 00:00:12, memory = 660.27 (MB), peak = 732.68 (MB)
Total wire length = 244367 um.
Total wire length on LAYER li1 = 0 um.
Total wire length on LAYER met1 = 118404 um.
Total wire length on LAYER met2 = 73059 um.
Total wire length on LAYER met3 = 43584 um.
Total wire length on LAYER met4 = 9180 um.
Total wire length on LAYER met5 = 138 um.
Total number of vias = 45505.
Up-via summary (total 45505):

------------------------
 FR_MASTERSLICE        0
            li1    19898
           met1    22623
           met2     2680
           met3      280
           met4       24
------------------------
               45505


[INFO DRT-0195] Start 4th guides tiles iteration.
    Completing 100% with 0 violations.
    elapsed time = 00:00:00, memory = 660.27 (MB).
[INFO DRT-0199]   Number of violations = 0.
[INFO DRT-0267] cpu time = 00:00:00, elapsed time = 00:00:00, memory = 716.11 (MB), peak = 732.68 (MB)
Total wire length = 244359 um.
Total wire length on LAYER li1 = 0 um.
Total wire length on LAYER met1 = 118361 um.
Total wire length on LAYER met2 = 73055 um.
Total wire length on LAYER met3 = 43623 um.
Total wire length on LAYER met4 = 9180 um.
Total wire length on LAYER met5 = 138 um.
Total number of vias = 45499.
Up-via summary (total 45499):

------------------------
 FR_MASTERSLICE        0
            li1    19898
           met1    22616
           met2     2681
           met3      280
           met4       24
------------------------
               45499


[INFO DRT-0198] Complete detail routing.
Total wire length = 244359 um.
Total wire length on LAYER li1 = 0 um.
Total wire length on LAYER met1 = 118361 um.
Total wire length on LAYER met2 = 73055 um.
Total wire length on LAYER met3 = 43623 um.
Total wire length on LAYER met4 = 9180 um.
Total wire length on LAYER met5 = 138 um.
Total number of vias = 45499.
Up-via summary (total 45499):

------------------------
 FR_MASTERSLICE        0
            li1    19898
           met1    22616
           met2     2681
           met3      280
           met4       24
------------------------
               45499


[INFO DRT-0267] cpu time = 00:01:33, elapsed time = 00:00:54, memory = 716.18 (MB), peak = 732.68 (MB)

[INFO DRT-0180] Post processing.
[INFO DRT-0501] Runtime: 125.39s
[INFO ANT-0002] Found 2 net violations.
[INFO ANT-0001] Found 2 pin violations.
[INFO GRT-0012] Found 2 antenna violations.
[INFO DPL-0501] Legalized with 0 moves: displacement total 0.0 u, max 0.0 u; HPWL 220771.9 -> 220771.9 u (+0.0 %).
[INFO DPL-0500] Runtime: 0.06s
[INFO GRT-0015] Inserted 2 diodes.
[INFO DRT-0024]   Complete FR_MASTERSLICE.
[INFO DRT-0024]   Complete Fr_VIA.
[INFO DRT-0024]   Complete li1.
[INFO DRT-0024]   Complete mcon.
[INFO DRT-0024]   Complete met1.
[INFO DRT-0024]   Complete via.
[INFO DRT-0024]   Complete met2.
[INFO DRT-0024]   Complete via2.
[INFO DRT-0024]   Complete met3.
[INFO DRT-0024]   Complete via3.
[INFO DRT-0024]   Complete met4.
[INFO DRT-0024]   Complete via4.
[INFO DRT-0024]   Complete met5.
[INFO DRT-0165] Start pin access.
[INFO DRT-0076]   Complete 1000 pins.
[INFO DRT-0078]   Complete 1912 pins.
[INFO DRT-0079]   Complete 100 unique inst patterns.
[INFO DRT-0079]   Complete 200 unique inst patterns.
[INFO DRT-0081]   Complete 240 unique inst patterns.
[INFO DRT-0084]   Complete 4063 groups.
#scanned instances     = 7794
#unique  instances     = 240
#stdCellGenAp          = 8218
#stdCellValidPlanarAp  = 73
#stdCellValidViaAp     = 5495
#stdCellPinNoAp        = 10
#stdCellPinCnt         = 20158
#instTermValidViaApCnt = 0
#macroGenAp            = 0
#macroValidPlanarAp    = 0
#macroValidViaAp       = 0
#macroNoAp             = 0
[INFO DRT-0166] Complete pin access.
[INFO DRT-0267] cpu time = 00:02:11, elapsed time = 00:01:10, memory = 678.20 (MB), peak = 738.81 (MB)

[INFO DRT-0157] Number of guides:     44465

[INFO DRT-0169] Post process guides.
[INFO DRT-0176] GCELLGRID X 0 DO 50 STEP 6900 ;
[INFO DRT-0177] GCELLGRID Y 0 DO 50 STEP 6900 ;
[INFO DRT-0028]   Complete FR_MASTERSLICE.
[INFO DRT-0028]   Complete Fr_VIA.
[INFO DRT-0028]   Complete li1.
[INFO DRT-0028]   Complete mcon.
[INFO DRT-0028]   Complete met1.
[INFO DRT-0028]   Complete via.
[INFO DRT-0028]   Complete met2.
[INFO DRT-0028]   Complete via2.
[INFO DRT-0028]   Complete met3.
[INFO DRT-0028]   Complete via3.
[INFO DRT-0028]   Complete met4.
[INFO DRT-0028]   Complete via4.
[INFO DRT-0028]   Complete met5.
[INFO DRT-0178] Init guide query.
[INFO DRT-0035]   Complete FR_MASTERSLICE (guide).
[INFO DRT-0035]   Complete Fr_VIA (guide).
[INFO DRT-0035]   Complete li1 (guide).
[INFO DRT-0035]   Complete mcon (guide).
[INFO DRT-0035]   Complete met1 (guide).
[INFO DRT-0035]   Complete via (guide).
[INFO DRT-0035]   Complete met2 (guide).
[INFO DRT-0035]   Complete via2 (guide).
[INFO DRT-0035]   Complete met3 (guide).
[INFO DRT-0035]   Complete via3 (guide).
[INFO DRT-0035]   Complete met4 (guide).
[INFO DRT-0035]   Complete via4 (guide).
[INFO DRT-0035]   Complete met5 (guide).
[INFO DRT-0036] FR_MASTERSLICE guide region query size = 0.
[INFO DRT-0036] FR_VIA guide region query size = 0.
[INFO DRT-0036] li1 guide region query size = 16258.
[INFO DRT-0036] mcon guide region query size = 0.
[INFO DRT-0036] met1 guide region query size = 13463.
[INFO DRT-0036] via guide region query size = 0.
[INFO DRT-0036] met2 guide region query size = 6244.
[INFO DRT-0036] via2 guide region query size = 0.
[INFO DRT-0036] met3 guide region query size = 595.
[INFO DRT-0036] via3 guide region query size = 0.
[INFO DRT-0036] met4 guide region query size = 160.
[INFO DRT-0036] via4 guide region query size = 0.
[INFO DRT-0036] met5 guide region query size = 13.
[INFO DRT-0179] Init gr pin query.
[INFO DRT-0267] cpu time = 00:00:00, elapsed time = 00:00:00, memory = 678.20 (MB), peak = 738.81 (MB)
[INFO DRT-0245] skipped writing guide updates to database.
[INFO DRT-0181] Start track assignment.
[INFO DRT-0184] Done with 22662 vertical wires in 1 frboxes and 14071 horizontal wires in 1 frboxes.
[INFO DRT-0186] Done with 2100 vertical wires in 1 frboxes and 5268 horizontal wires in 1 frboxes.
[INFO DRT-0182] Complete track assignment.
[INFO DRT-0267] cpu time = 00:00:02, elapsed time = 00:00:02, memory = 637.31 (MB), peak = 738.81 (MB)
[INFO DRT-0187] Start routing data preparation.
[INFO DRT-0267] cpu time = 00:00:00, elapsed time = 00:00:00, memory = 637.31 (MB), peak = 738.81 (MB)
[INFO DRT-0194] Start detail routing.
[INFO DRT-0195] Start 0th optimization iteration.
    Completing 10% with 0 violations.
    elapsed time = 00:00:01, memory = 660.02 (MB).
    Completing 20% with 0 violations.
    elapsed time = 00:00:02, memory = 670.39 (MB).
    Completing 30% with 18 violations.
    elapsed time = 00:00:04, memory = 695.59 (MB).
    Completing 40% with 18 violations.
    elapsed time = 00:00:05, memory = 697.28 (MB).
    Completing 50% with 18 violations.
    elapsed time = 00:00:06, memory = 667.27 (MB).
    Completing 60% with 46 violations.
    elapsed time = 00:00:08, memory = 699.55 (MB).
    Completing 70% with 46 violations.
    elapsed time = 00:00:08, memory = 697.55 (MB).
    Completing 80% with 53 violations.
    elapsed time = 00:00:10, memory = 690.67 (MB).
    Completing 90% with 53 violations.
    elapsed time = 00:00:11, memory = 690.67 (MB).
    Completing 100% with 66 violations.
    elapsed time = 00:00:12, memory = 671.35 (MB).
[INFO DRT-0199]   Number of violations = 72.
Viol/Layer        met1   met2
Metal Spacing        3      1
Recheck              4      2
Short               51     11
[INFO DRT-0267] cpu time = 00:00:20, elapsed time = 00:00:12, memory = 683.26 (MB), peak = 738.81 (MB)
Total wire length = 244364 um.
Total wire length on LAYER li1 = 0 um.
Total wire length on LAYER met1 = 118452 um.
Total wire length on LAYER met2 = 73052 um.
Total wire length on LAYER met3 = 43540 um.
Total wire length on LAYER met4 = 9180 um.
Total wire length on LAYER met5 = 138 um.
Total number of vias = 45490.
Up-via summary (total 45490):

------------------------
 FR_MASTERSLICE        0
            li1    19900
           met1    22615
           met2     2671
           met3      280
           met4       24
------------------------
               45490


[INFO DRT-0195] Start 1st optimization iteration.
    Completing 10% with 72 violations.
    elapsed time = 00:00:00, memory = 701.76 (MB).
    Completing 20% with 72 violations.
    elapsed time = 00:00:01, memory = 685.76 (MB).
    Completing 30% with 54 violations.
    elapsed time = 00:00:04, memory = 685.76 (MB).
    Completing 40% with 54 violations.
    elapsed time = 00:00:05, memory = 725.04 (MB).
    Completing 50% with 54 violations.
    elapsed time = 00:00:06, memory = 685.21 (MB).
    Completing 60% with 51 violations.
    elapsed time = 00:00:07, memory = 710.85 (MB).
    Completing 70% with 51 violations.
    elapsed time = 00:00:08, memory = 693.90 (MB).
    Completing 80% with 45 violations.
    elapsed time = 00:00:10, memory = 703.98 (MB).
    Completing 90% with 45 violations.
    elapsed time = 00:00:10, memory = 689.98 (MB).
    Completing 100% with 42 violations.
    elapsed time = 00:00:11, memory = 663.92 (MB).
[INFO DRT-0199]   Number of violations = 42.
Viol/Layer        met1
Metal Spacing        4
Short               38
[INFO DRT-0267] cpu time = 00:00:20, elapsed time = 00:00:12, memory = 691.72 (MB), peak = 738.81 (MB)
Total wire length = 244364 um.
Total wire length on LAYER li1 = 0 um.
Total wire length on LAYER met1 = 118455 um.
Total wire length on LAYER met2 = 73050 um.
Total wire length on LAYER met3 = 43539 um.
Total wire length on LAYER met4 = 9180 um.
Total wire length on LAYER met5 = 138 um.
Total number of vias = 45486.
Up-via summary (total 45486):

------------------------
 FR_MASTERSLICE        0
            li1    19900
           met1    22611
           met2     2671
           met3      280
           met4       24
------------------------
               45486


[INFO DRT-0195] Start 2nd optimization iteration.
    Completing 10% with 42 violations.
    elapsed time = 00:00:00, memory = 691.72 (MB).
    Completing 20% with 42 violations.
    elapsed time = 00:00:00, memory = 691.72 (MB).
    Completing 30% with 40 violations.
    elapsed time = 00:00:00, memory = 689.72 (MB).
    Completing 40% with 40 violations.
    elapsed time = 00:00:00, memory = 689.72 (MB).
    Completing 50% with 40 violations.
    elapsed time = 00:00:01, memory = 689.72 (MB).
    Completing 60% with 37 violations.
    elapsed time = 00:00:01, memory = 689.72 (MB).
    Completing 70% with 37 violations.
    elapsed time = 00:00:01, memory = 723.66 (MB).
    Completing 80% with 35 violations.
    elapsed time = 00:00:01, memory = 692.66 (MB).
    Completing 90% with 35 violations.
    elapsed time = 00:00:01, memory = 692.66 (MB).
    Completing 100% with 35 violations.
    elapsed time = 00:00:02, memory = 692.66 (MB).
[INFO DRT-0199]   Number of violations = 35.
Viol/Layer        met1
Short               35
[INFO DRT-0267] cpu time = 00:00:02, elapsed time = 00:00:02, memory = 687.31 (MB), peak = 738.81 (MB)
Total wire length = 244355 um.
Total wire length on LAYER li1 = 0 um.
Total wire length on LAYER met1 = 118431 um.
Total wire length on LAYER met2 = 73041 um.
Total wire length on LAYER met3 = 43563 um.
Total wire length on LAYER met4 = 9180 um.
Total wire length on LAYER met5 = 138 um.
Total number of vias = 45486.
Up-via summary (total 45486):

------------------------
 FR_MASTERSLICE        0
            li1    19900
           met1    22610
           met2     2672
           met3      280
           met4       24
------------------------
               45486


[INFO DRT-0195] Start 3rd guides tiles iteration.
    Completing 20% with 35 violations.
    elapsed time = 00:00:00, memory = 687.31 (MB).
    Completing 50% with 35 violations.
    elapsed time = 00:00:00, memory = 688.31 (MB).
    Completing 70% with 0 violations.
    elapsed time = 00:00:00, memory = 688.31 (MB).
    Completing 100% with 0 violations.
    elapsed time = 00:00:00, memory = 688.31 (MB).
[INFO DRT-0199]   Number of violations = 0.
[INFO DRT-0267] cpu time = 00:00:01, elapsed time = 00:00:01, memory = 712.36 (MB), peak = 738.81 (MB)
Total wire length = 244368 um.
Total wire length on LAYER li1 = 0 um.
Total wire length on LAYER met1 = 118302 um.
Total wire length on LAYER met2 = 73048 um.
Total wire length on LAYER met3 = 43697 um.
Total wire length on LAYER met4 = 9180 um.
Total wire length on LAYER met5 = 138 um.
Total number of vias = 45501.
Up-via summary (total 45501):

------------------------
 FR_MASTERSLICE        0
            li1    19900
           met1    22615
           met2     2682
           met3      280
           met4       24
------------------------
               45501


[INFO DRT-0198] Complete detail routing.
Total wire length = 244368 um.
Total wire length on LAYER li1 = 0 um.
Total wire length on LAYER met1 = 118302 um.
Total wire length on LAYER met2 = 73048 um.
Total wire length on LAYER met3 = 43697 um.
Total wire length on LAYER met4 = 9180 um.
Total wire length on LAYER met5 = 138 um.
Total number of vias = 45501.
Up-via summary (total 45501):

------------------------
 FR_MASTERSLICE        0
            li1    19900
           met1    22615
           met2     2682
           met3      280
           met4       24
------------------------
               45501


[INFO DRT-0267] cpu time = 00:00:45, elapsed time = 00:00:27, memory = 712.36 (MB), peak = 738.81 (MB)

[INFO DRT-0180] Post processing.
[INFO DRT-0501] Runtime: 100.99s
[INFO ANT-0002] Found 0 net violations.
[INFO ANT-0001] Found 0 pin violations.
[INFO ANT-0002] Found 0 net violations.
[INFO ANT-0001] Found 0 pin violations.
Design area 62300 um^2 54% utilization.
write_db /home/user/chip/build/pd_sep/results/sky130hd/orbit_demo/sep/5_2_route.odb
Elapsed time: 9:58.11[h:]min:sec. CPU time: user 1077.47 sys 5.11 (180%). Peak memory: 756544KB.
Log                       Ext     Elapsed/s Peak Memory/MB sha1sum result [0:20)
5_2_route                 .odb          598            738 394cdce99c9b126370a4
