KLayout 0.30.12
"input" in: sky130hd.lydrc:71
    Polygons (raw): 18794 (flat)  403 (hierarchical)
    Elapsed: 0.020s  Memory: 445.00M
"polygons" in: sky130hd.lydrc:72
    Polygons (raw): 3048 (flat)  2 (hierarchical)
    Elapsed: 0.010s  Memory: 446.00M
"polygons" in: sky130hd.lydrc:73
    Polygons (raw): 18213 (flat)  147 (hierarchical)
    Elapsed: 0.020s  Memory: 446.00M
"polygons" in: sky130hd.lydrc:74
    Polygons (raw): 0 (flat)  0 (hierarchical)
    Elapsed: 0.000s  Memory: 446.00M
"polygons" in: sky130hd.lydrc:75
    Polygons (raw): 0 (flat)  0 (hierarchical)
    Elapsed: 0.000s  Memory: 446.00M
"polygons" in: sky130hd.lydrc:76
    Polygons (raw): 0 (flat)  0 (hierarchical)
    Elapsed: 0.000s  Memory: 446.00M
"polygons" in: sky130hd.lydrc:77
    Polygons (raw): 0 (flat)  0 (hierarchical)
    Elapsed: 0.000s  Memory: 446.00M
"polygons" in: sky130hd.lydrc:78
    Polygons (raw): 0 (flat)  0 (hierarchical)
    Elapsed: 0.000s  Memory: 446.00M
"polygons" in: sky130hd.lydrc:79
    Polygons (raw): 18253 (flat)  149 (hierarchical)
    Elapsed: 0.010s  Memory: 446.00M
"polygons" in: sky130hd.lydrc:80
    Polygons (raw): 0 (flat)  0 (hierarchical)
    Elapsed: 0.000s  Memory: 447.00M
"polygons" in: sky130hd.lydrc:81
    Polygons (raw): 0 (flat)  0 (hierarchical)
    Elapsed: 0.010s  Memory: 447.00M
"polygons" in: sky130hd.lydrc:82
    Polygons (raw): 0 (flat)  0 (hierarchical)
    Elapsed: 0.000s  Memory: 447.00M
"polygons" in: sky130hd.lydrc:83
    Polygons (raw): 0 (flat)  0 (hierarchical)
    Elapsed: 0.000s  Memory: 447.00M
"polygons" in: sky130hd.lydrc:84
    Polygons (raw): 39176 (flat)  941 (hierarchical)
    Elapsed: 0.010s  Memory: 447.00M
"polygons" in: sky130hd.lydrc:85
    Polygons (raw): 0 (flat)  0 (hierarchical)
    Elapsed: 0.000s  Memory: 448.00M
"polygons" in: sky130hd.lydrc:86
    Polygons (raw): 19737 (flat)  148 (hierarchical)
    Elapsed: 0.020s  Memory: 448.00M
"polygons" in: sky130hd.lydrc:87
    Polygons (raw): 19737 (flat)  148 (hierarchical)
    Elapsed: 0.010s  Memory: 448.00M
"polygons" in: sky130hd.lydrc:88
    Polygons (raw): 0 (flat)  0 (hierarchical)
    Elapsed: 0.000s  Memory: 448.00M
"polygons" in: sky130hd.lydrc:89
    Polygons (raw): 0 (flat)  0 (hierarchical)
    Elapsed: 0.000s  Memory: 448.00M
"polygons" in: sky130hd.lydrc:90
    Polygons (raw): 7091 (flat)  151 (hierarchical)
    Elapsed: 0.010s  Memory: 448.00M
"polygons" in: sky130hd.lydrc:91
    Polygons (raw): 167436 (flat)  4624 (hierarchical)
    Elapsed: 0.040s  Memory: 448.00M
"polygons" in: sky130hd.lydrc:93
    Polygons (raw): 164610 (flat)  3064 (hierarchical)
    Elapsed: 0.020s  Memory: 448.00M
"polygons" in: sky130hd.lydrc:94
    Polygons (raw): 211290 (flat)  2620 (hierarchical)
    Elapsed: 0.020s  Memory: 448.00M
"polygons" in: sky130hd.lydrc:96
    Polygons (raw): 148118 (flat)  28135 (hierarchical)
    Elapsed: 0.040s  Memory: 448.00M
"polygons" in: sky130hd.lydrc:97
    Polygons (raw): 30490 (flat)  7 (hierarchical)
    Elapsed: 0.010s  Memory: 449.00M
"polygons" in: sky130hd.lydrc:99
    Polygons (raw): 46382 (flat)  17940 (hierarchical)
    Elapsed: 0.020s  Memory: 449.00M
"polygons" in: sky130hd.lydrc:100
    Polygons (raw): 8982 (flat)  5 (hierarchical)
    Elapsed: 0.010s  Memory: 449.00M
"polygons" in: sky130hd.lydrc:102
    Polygons (raw): 10076 (flat)  3968 (hierarchical)
    Elapsed: 0.020s  Memory: 449.00M
"polygons" in: sky130hd.lydrc:103
    Polygons (raw): 6580 (flat)  5 (hierarchical)
    Elapsed: 0.020s  Memory: 449.00M
"polygons" in: sky130hd.lydrc:105
    Polygons (raw): 2397 (flat)  209 (hierarchical)
    Elapsed: 0.010s  Memory: 449.00M
"polygons" in: sky130hd.lydrc:106
    Polygons (raw): 337 (flat)  2 (hierarchical)
    Elapsed: 0.010s  Memory: 449.00M
"polygons" in: sky130hd.lydrc:108
    Polygons (raw): 399 (flat)  64 (hierarchical)
    Elapsed: 0.010s  Memory: 449.00M
"polygons" in: sky130hd.lydrc:110
    Polygons (raw): 0 (flat)  0 (hierarchical)
    Elapsed: 0.000s  Memory: 449.00M
"polygons" in: sky130hd.lydrc:111
    Polygons (raw): 0 (flat)  0 (hierarchical)
    Elapsed: 0.000s  Memory: 449.00M
"polygons" in: sky130hd.lydrc:112
    Polygons (raw): 0 (flat)  0 (hierarchical)
    Elapsed: 0.000s  Memory: 449.00M
"polygons" in: sky130hd.lydrc:113
    Polygons (raw): 0 (flat)  0 (hierarchical)
    Elapsed: 0.000s  Memory: 449.00M
"polygons" in: sky130hd.lydrc:114
    Polygons (raw): 0 (flat)  0 (hierarchical)
    Elapsed: 0.000s  Memory: 449.00M
"polygons" in: sky130hd.lydrc:115
    Polygons (raw): 0 (flat)  0 (hierarchical)
    Elapsed: 0.000s  Memory: 449.00M
"polygons" in: sky130hd.lydrc:116
    Polygons (raw): 0 (flat)  0 (hierarchical)
    Elapsed: 0.000s  Memory: 449.00M
"polygons" in: sky130hd.lydrc:117
    Polygons (raw): 0 (flat)  0 (hierarchical)
    Elapsed: 0.010s  Memory: 449.00M
"polygons" in: sky130hd.lydrc:118
    Polygons (raw): 0 (flat)  0 (hierarchical)
    Elapsed: 0.000s  Memory: 449.00M
"polygons" in: sky130hd.lydrc:119
    Polygons (raw): 0 (flat)  0 (hierarchical)
    Elapsed: 0.000s  Memory: 449.00M
"polygons" in: sky130hd.lydrc:120
    Polygons (raw): 0 (flat)  0 (hierarchical)
    Elapsed: 0.000s  Memory: 449.00M
"polygons" in: sky130hd.lydrc:121
    Polygons (raw): 0 (flat)  0 (hierarchical)
    Elapsed: 0.000s  Memory: 449.00M
"polygons" in: sky130hd.lydrc:122
    Polygons (raw): 0 (flat)  0 (hierarchical)
    Elapsed: 0.020s  Memory: 449.00M
"polygons" in: sky130hd.lydrc:123
    Polygons (raw): 0 (flat)  0 (hierarchical)
    Elapsed: 0.000s  Memory: 449.00M
"polygons" in: sky130hd.lydrc:124
    Polygons (raw): 0 (flat)  0 (hierarchical)
    Elapsed: 0.000s  Memory: 449.00M
"polygons" in: sky130hd.lydrc:125
    Polygons (raw): 0 (flat)  0 (hierarchical)
    Elapsed: 0.000s  Memory: 449.00M
"polygons" in: sky130hd.lydrc:126
    Polygons (raw): 0 (flat)  0 (hierarchical)
    Elapsed: 0.000s  Memory: 449.00M
"polygons" in: sky130hd.lydrc:127
    Polygons (raw): 18213 (flat)  147 (hierarchical)
    Elapsed: 0.010s  Memory: 449.00M
"polygons" in: sky130hd.lydrc:128
    Polygons (raw): 0 (flat)  0 (hierarchical)
    Elapsed: 0.000s  Memory: 449.00M
"polygons" in: sky130hd.lydrc:129
    Polygons (raw): 0 (flat)  0 (hierarchical)
    Elapsed: 0.000s  Memory: 449.00M
"polygons" in: sky130hd.lydrc:130
    Polygons (raw): 0 (flat)  0 (hierarchical)
    Elapsed: 0.000s  Memory: 449.00M
"polygons" in: sky130hd.lydrc:131
    Polygons (raw): 0 (flat)  0 (hierarchical)
    Elapsed: 0.000s  Memory: 449.00M
"polygons" in: sky130hd.lydrc:132
    Polygons (raw): 0 (flat)  0 (hierarchical)
    Elapsed: 0.000s  Memory: 449.00M
"polygons" in: sky130hd.lydrc:133
    Polygons (raw): 0 (flat)  0 (hierarchical)
    Elapsed: 0.000s  Memory: 449.00M
"polygons" in: sky130hd.lydrc:134
    Polygons (raw): 0 (flat)  0 (hierarchical)
    Elapsed: 0.000s  Memory: 449.00M
"polygons" in: sky130hd.lydrc:135
    Polygons (raw): 0 (flat)  0 (hierarchical)
    Elapsed: 0.010s  Memory: 449.00M
"polygons" in: sky130hd.lydrc:136
    Polygons (raw): 0 (flat)  0 (hierarchical)
    Elapsed: 0.000s  Memory: 449.00M
"polygons" in: sky130hd.lydrc:137
    Polygons (raw): 0 (flat)  0 (hierarchical)
    Elapsed: 0.000s  Memory: 449.00M
"polygons" in: sky130hd.lydrc:138
    Polygons (raw): 0 (flat)  0 (hierarchical)
    Elapsed: 0.000s  Memory: 449.00M
"polygons" in: sky130hd.lydrc:139
    Polygons (raw): 0 (flat)  0 (hierarchical)
    Elapsed: 0.000s  Memory: 449.00M
"polygons" in: sky130hd.lydrc:140
    Polygons (raw): 20 (flat)  1 (hierarchical)
    Elapsed: 0.010s  Memory: 449.00M
"polygons" in: sky130hd.lydrc:141
    Polygons (raw): 0 (flat)  0 (hierarchical)
    Elapsed: 0.000s  Memory: 449.00M
"polygons" in: sky130hd.lydrc:142
    Polygons (raw): 0 (flat)  0 (hierarchical)
    Elapsed: 0.000s  Memory: 449.00M
"polygons" in: sky130hd.lydrc:143
    Polygons (raw): 0 (flat)  0 (hierarchical)
    Elapsed: 0.000s  Memory: 449.00M
"polygons" in: sky130hd.lydrc:144
    Polygons (raw): 0 (flat)  0 (hierarchical)
    Elapsed: 0.000s  Memory: 449.00M
"polygons" in: sky130hd.lydrc:145
    Polygons (raw): 0 (flat)  0 (hierarchical)
    Elapsed: 0.000s  Memory: 449.00M
"polygons" in: sky130hd.lydrc:146
    Polygons (raw): 0 (flat)  0 (hierarchical)
    Elapsed: 0.000s  Memory: 449.00M
"polygons" in: sky130hd.lydrc:147
    Polygons (raw): 0 (flat)  0 (hierarchical)
    Elapsed: 0.000s  Memory: 449.00M
"polygons" in: sky130hd.lydrc:148
    Polygons (raw): 0 (flat)  0 (hierarchical)
    Elapsed: 0.000s  Memory: 449.00M
"polygons" in: sky130hd.lydrc:149
    Polygons (raw): 0 (flat)  0 (hierarchical)
    Elapsed: 0.000s  Memory: 449.00M
"polygons" in: sky130hd.lydrc:150
    Polygons (raw): 0 (flat)  0 (hierarchical)
    Elapsed: 0.000s  Memory: 449.00M
"polygons" in: sky130hd.lydrc:151
    Polygons (raw): 0 (flat)  0 (hierarchical)
    Elapsed: 0.000s  Memory: 449.00M
"polygons" in: sky130hd.lydrc:152
    Polygons (raw): 0 (flat)  0 (hierarchical)
    Elapsed: 0.000s  Memory: 449.00M
"polygons" in: sky130hd.lydrc:153
    Polygons (raw): 0 (flat)  0 (hierarchical)
    Elapsed: 0.000s  Memory: 449.00M
"polygons" in: sky130hd.lydrc:154
    Polygons (raw): 0 (flat)  0 (hierarchical)
    Elapsed: 0.000s  Memory: 449.00M
"polygons" in: sky130hd.lydrc:155
    Polygons (raw): 0 (flat)  0 (hierarchical)
    Elapsed: 0.000s  Memory: 449.00M
"polygons" in: sky130hd.lydrc:156
    Polygons (raw): 0 (flat)  0 (hierarchical)
    Elapsed: 0.000s  Memory: 449.00M
"polygons" in: sky130hd.lydrc:157
    Polygons (raw): 0 (flat)  0 (hierarchical)
    Elapsed: 0.000s  Memory: 449.00M
"polygons" in: sky130hd.lydrc:158
    Polygons (raw): 0 (flat)  0 (hierarchical)
    Elapsed: 0.000s  Memory: 449.00M
"polygons" in: sky130hd.lydrc:159
    Polygons (raw): 0 (flat)  0 (hierarchical)
    Elapsed: 0.000s  Memory: 449.00M
"polygons" in: sky130hd.lydrc:160
    Polygons (raw): 0 (flat)  0 (hierarchical)
    Elapsed: 0.000s  Memory: 449.00M
"polygons" in: sky130hd.lydrc:161
    Polygons (raw): 0 (flat)  0 (hierarchical)
    Elapsed: 0.000s  Memory: 449.00M
"polygons" in: sky130hd.lydrc:162
    Polygons (raw): 0 (flat)  0 (hierarchical)
    Elapsed: 0.020s  Memory: 449.00M
DRC section
BEOL section
"polygons" in: sky130hd.lydrc:427
    Polygons (raw): 164610 (flat)  3064 (hierarchical)
    Elapsed: 0.020s  Memory: 449.00M
"width" in: sky130hd.lydrc:428
    Edge pairs: 0 (flat)  0 (hierarchical)
    Elapsed: 1.100s  Memory: 479.00M
"output" in: sky130hd.lydrc:428
    Edge pairs: 0 (flat)  0 (hierarchical)
    Elapsed: 0.030s  Memory: 479.00M
"-" in: sky130hd.lydrc:430
    Polygons (raw): 0 (flat)  0 (hierarchical)
    Elapsed: 0.000s  Memory: 479.00M
"width" in: sky130hd.lydrc:431
    Edge pairs: 0 (flat)  0 (hierarchical)
    Elapsed: 0.000s  Memory: 479.00M
"output" in: sky130hd.lydrc:431
    Edge pairs: 0 (flat)  0 (hierarchical)
    Elapsed: 0.010s  Memory: 479.00M
"space" in: sky130hd.lydrc:435
    Edge pairs: 0 (flat)  0 (hierarchical)
    Elapsed: 9.330s  Memory: 507.00M
"output" in: sky130hd.lydrc:435
    Edge pairs: 0 (flat)  0 (hierarchical)
    Elapsed: 0.030s  Memory: 507.00M
"space" in: sky130hd.lydrc:436
    Edge pairs: 0 (flat)  0 (hierarchical)
    Elapsed: 0.010s  Memory: 507.00M
"output" in: sky130hd.lydrc:436
    Edge pairs: 0 (flat)  0 (hierarchical)
    Elapsed: 0.010s  Memory: 507.00M
"enclosing" in: sky130hd.lydrc:437
    Edge pairs: 227303 (flat)  8424 (hierarchical)
    Elapsed: 6.600s  Memory: 508.00M
"polygons" in: sky130hd.lydrc:437
    Polygons (raw): 97686 (flat)  4184 (hierarchical)
    Elapsed: 0.030s  Memory: 508.00M
"interacting" in: sky130hd.lydrc:437
    Polygons (raw): 74670 (flat)  2184 (hierarchical)
    Elapsed: 0.140s  Memory: 508.00M
"enclosing" in: sky130hd.lydrc:438
    Edge pairs: 219291 (flat)  7940 (hierarchical)
    Elapsed: 6.260s  Memory: 539.00M
"second_edges" in: sky130hd.lydrc:438
    Edges: 219291 (flat)  7940 (hierarchical)
    Elapsed: 0.020s  Memory: 539.00M
"edges" in: sky130hd.lydrc:439
    Edges: 666784 (flat)  18224 (hierarchical)
    Elapsed: 0.000s  Memory: 539.00M
"-" in: sky130hd.lydrc:439
    Edges: 463644 (flat)  13603 (hierarchical)
    Elapsed: 0.130s  Memory: 542.00M
"width" in: sky130hd.lydrc:439
    Edge pairs: 195303 (flat)  5634 (hierarchical)
    Elapsed: 0.140s  Memory: 544.00M
"polygons" in: sky130hd.lydrc:439
    Polygons (raw): 195303 (flat)  5634 (hierarchical)
    Elapsed: 0.000s  Memory: 544.00M
"not_interacting" in: sky130hd.lydrc:440
    Polygons (raw): 0 (flat)  0 (hierarchical)
    Elapsed: 0.070s  Memory: 544.00M
"output" in: sky130hd.lydrc:440
    Polygons (raw): 0 (flat)  0 (hierarchical)
    Elapsed: 0.010s  Memory: 544.00M
"with_area" in: sky130hd.lydrc:441
    Polygons (raw): 0 (flat)  0 (hierarchical)
    Elapsed: 0.820s  Memory: 554.00M
"output" in: sky130hd.lydrc:441
    Polygons (raw): 0 (flat)  0 (hierarchical)
    Elapsed: 0.040s  Memory: 554.00M
"edges" in: sky130hd.lydrc:444
    Edges: 843768 (flat)  10352 (hierarchical)
    Elapsed: 1.980s  Memory: 554.00M
"without_length" in: sky130hd.lydrc:444
    Edges: 0 (flat)  0 (hierarchical)
    Elapsed: 6.290s  Memory: 824.00M
"output" in: sky130hd.lydrc:444
    Edges: 0 (flat)  0 (hierarchical)
    Elapsed: 0.040s  Memory: 824.00M
"space" in: sky130hd.lydrc:445
    Edge pairs: 0 (flat)  0 (hierarchical)
    Elapsed: 2.110s  Memory: 824.00M
"output" in: sky130hd.lydrc:445
    Edge pairs: 0 (flat)  0 (hierarchical)
    Elapsed: 0.030s  Memory: 824.00M
"-" in: sky130hd.lydrc:447
    Polygons (raw): 0 (flat)  0 (hierarchical)
    Elapsed: 1.900s  Memory: 824.00M
"output" in: sky130hd.lydrc:447
    Polygons (raw): 0 (flat)  0 (hierarchical)
    Elapsed: 0.020s  Memory: 824.00M
"width" in: sky130hd.lydrc:454
    Edge pairs: 0 (flat)  0 (hierarchical)
    Elapsed: 1.220s  Memory: 824.00M
"output" in: sky130hd.lydrc:454
    Edge pairs: 0 (flat)  0 (hierarchical)
    Elapsed: 0.030s  Memory: 824.00M
"sized" in: sky130hd.lydrc:456
    Polygons (raw): 0 (flat)  0 (hierarchical)
    Elapsed: 0.290s  Memory: 824.00M
"sized" in: sky130hd.lydrc:456
    Polygons (raw): 0 (flat)  0 (hierarchical)
    Elapsed: 0.010s  Memory: 824.00M
"-" in: sky130hd.lydrc:457
    Polygons (raw): 148118 (flat)  28135 (hierarchical)
    Elapsed: 0.010s  Memory: 824.00M
"space" in: sky130hd.lydrc:459
    Edge pairs: 0 (flat)  0 (hierarchical)
    Elapsed: 5.430s  Memory: 890.00M
"output" in: sky130hd.lydrc:459
    Edge pairs: 0 (flat)  0 (hierarchical)
    Elapsed: 0.040s  Memory: 841.00M
"separation" in: sky130hd.lydrc:461
    Edge pairs: 0 (flat)  0 (hierarchical)
    Elapsed: 0.010s  Memory: 841.00M
"space" in: sky130hd.lydrc:461
    Edge pairs: 0 (flat)  0 (hierarchical)
    Elapsed: 0.010s  Memory: 841.00M
"+" in: sky130hd.lydrc:461
    Edge pairs: 0 (flat)  0 (hierarchical)
    Elapsed: 0.010s  Memory: 841.00M
"output" in: sky130hd.lydrc:461
    Edge pairs: 0 (flat)  0 (hierarchical)
    Elapsed: 0.020s  Memory: 841.00M
"input" in: sky130hd.lydrc:464
    Polygons (raw): 148118 (flat)  28135 (hierarchical)
    Elapsed: 0.030s  Memory: 841.00M
"enclosing" in: sky130hd.lydrc:465
    Edge pairs: 0 (flat)  0 (hierarchical)
    Elapsed: 7.710s  Memory: 890.00M
"output" in: sky130hd.lydrc:465
    Edge pairs: 0 (flat)  0 (hierarchical)
    Elapsed: 0.020s  Memory: 852.00M
"input" in: sky130hd.lydrc:467
    Polygons (raw): 148118 (flat)  28135 (hierarchical)
    Elapsed: 0.030s  Memory: 852.00M
"enclosing" in: sky130hd.lydrc:468
    Edge pairs: 0 (flat)  0 (hierarchical)
    Elapsed: 7.990s  Memory: 903.00M
"output" in: sky130hd.lydrc:468
    Edge pairs: 0 (flat)  0 (hierarchical)
    Elapsed: 0.030s  Memory: 844.00M
"with_area" in: sky130hd.lydrc:469
    Polygons (raw): 0 (flat)  0 (hierarchical)
    Elapsed: 0.020s  Memory: 844.00M
"output" in: sky130hd.lydrc:469
    Polygons (raw): 0 (flat)  0 (hierarchical)
    Elapsed: 0.010s  Memory: 844.00M
"holes" in: sky130hd.lydrc:470
    Polygons (raw): 0 (flat)  0 (hierarchical)
    Elapsed: 0.010s  Memory: 844.00M
"with_area" in: sky130hd.lydrc:470
    Polygons (raw): 0 (flat)  0 (hierarchical)
    Elapsed: 0.010s  Memory: 844.00M
"output" in: sky130hd.lydrc:470
    Polygons (raw): 0 (flat)  0 (hierarchical)
    Elapsed: 0.010s  Memory: 844.00M
"enclosing" in: sky130hd.lydrc:472
    Edge pairs: 31495 (flat)  26706 (hierarchical)
    Elapsed: 3.050s  Memory: 853.00M
"polygons" in: sky130hd.lydrc:472
    Polygons (raw): 29458 (flat)  25709 (hierarchical)
    Elapsed: 0.020s  Memory: 853.00M
"interacting" in: sky130hd.lydrc:472
    Polygons (raw): 239 (flat)  239 (hierarchical)
    Elapsed: 1.740s  Memory: 856.00M
"enclosing" in: sky130hd.lydrc:473
    Edge pairs: 53784 (flat)  46518 (hierarchical)
    Elapsed: 8.170s  Memory: 885.00M
"second_edges" in: sky130hd.lydrc:473
    Edges: 53784 (flat)  46518 (hierarchical)
    Elapsed: 0.020s  Memory: 885.00M
"edges" in: sky130hd.lydrc:474
    Edges: 475240 (flat)  374648 (hierarchical)
    Elapsed: 0.020s  Memory: 885.00M
"-" in: sky130hd.lydrc:474
    Edges: 428311 (flat)  378009 (hierarchical)
    Elapsed: 0.750s  Memory: 883.00M
"width" in: sky130hd.lydrc:474
    Edge pairs: 212510 (flat)  187362 (hierarchical)
    Elapsed: 2.830s  Memory: 983.00M
"polygons" in: sky130hd.lydrc:474
    Polygons (raw): 212510 (flat)  187362 (hierarchical)
    Elapsed: 0.070s  Memory: 983.00M
"not_interacting" in: sky130hd.lydrc:475
    Polygons (raw): 0 (flat)  0 (hierarchical)
    Elapsed: 0.100s  Memory: 983.00M
"output" in: sky130hd.lydrc:475
    Polygons (raw): 0 (flat)  0 (hierarchical)
    Elapsed: 0.000s  Memory: 983.00M
"-" in: sky130hd.lydrc:486
    Polygons (raw): 0 (flat)  0 (hierarchical)
    Elapsed: 0.450s  Memory: 992.00M
"output" in: sky130hd.lydrc:486
    Polygons (raw): 0 (flat)  0 (hierarchical)
    Elapsed: 0.060s  Memory: 992.00M
"-" in: sky130hd.lydrc:488
    Polygons (raw): 30490 (flat)  7 (hierarchical)
    Elapsed: 0.000s  Memory: 992.00M
"edges" in: sky130hd.lydrc:488
    Edges: 121960 (flat)  28 (hierarchical)
    Elapsed: 0.160s  Memory: 999.00M
"without_length" in: sky130hd.lydrc:488
    Edges: 0 (flat)  0 (hierarchical)
    Elapsed: 0.040s  Memory: 999.00M
"output" in: sky130hd.lydrc:488
    Edges: 0 (flat)  0 (hierarchical)
    Elapsed: 0.010s  Memory: 999.00M
"&" in: sky130hd.lydrc:489
    Polygons (raw): 0 (flat)  0 (hierarchical)
    Elapsed: 0.010s  Memory: 999.00M
"&" in: sky130hd.lydrc:489
    Polygons (raw): 0 (flat)  0 (hierarchical)
    Elapsed: 0.000s  Memory: 999.00M
"edges" in: sky130hd.lydrc:489
    Edges: 0 (flat)  0 (hierarchical)
    Elapsed: 0.010s  Memory: 999.00M
"without_length" in: sky130hd.lydrc:489
    Edges: 0 (flat)  0 (hierarchical)
    Elapsed: 0.020s  Memory: 999.00M
"&" in: sky130hd.lydrc:489
    Polygons (raw): 0 (flat)  0 (hierarchical)
    Elapsed: 0.010s  Memory: 999.00M
"edges" in: sky130hd.lydrc:489
    Edges: 0 (flat)  0 (hierarchical)
    Elapsed: 0.010s  Memory: 999.00M
"without_length" in: sky130hd.lydrc:489
    Edges: 0 (flat)  0 (hierarchical)
    Elapsed: 0.020s  Memory: 999.00M
"or" in: sky130hd.lydrc:489
    Edges: 0 (flat)  0 (hierarchical)
    Elapsed: 0.010s  Memory: 999.00M
"&" in: sky130hd.lydrc:489
    Polygons (raw): 0 (flat)  0 (hierarchical)
    Elapsed: 0.010s  Memory: 999.00M
"edges" in: sky130hd.lydrc:489
    Edges: 0 (flat)  0 (hierarchical)
    Elapsed: 0.010s  Memory: 999.00M
"without_length" in: sky130hd.lydrc:489
    Edges: 0 (flat)  0 (hierarchical)
    Elapsed: 0.020s  Memory: 999.00M
"or" in: sky130hd.lydrc:489
    Edges: 0 (flat)  0 (hierarchical)
    Elapsed: 0.010s  Memory: 999.00M
"not_interacting" in: sky130hd.lydrc:489
    Polygons (raw): 0 (flat)  0 (hierarchical)
    Elapsed: 0.010s  Memory: 999.00M
"output" in: sky130hd.lydrc:489
    Polygons (raw): 0 (flat)  0 (hierarchical)
    Elapsed: 0.060s  Memory: 999.00M
"isolated" in: sky130hd.lydrc:490
    Edge pairs: 0 (flat)  0 (hierarchical)
    Elapsed: 0.140s  Memory: 999.00M
"output" in: sky130hd.lydrc:490
    Edge pairs: 0 (flat)  0 (hierarchical)
    Elapsed: 0.010s  Memory: 999.00M
"edges" in: sky130hd.lydrc:491
    Edges: 121960 (flat)  28 (hierarchical)
    Elapsed: 0.000s  Memory: 999.00M
"without_length" in: sky130hd.lydrc:491
    Edges: 0 (flat)  0 (hierarchical)
    Elapsed: 0.010s  Memory: 999.00M
"not_interacting" in: sky130hd.lydrc:491
    Polygons (raw): 30490 (flat)  7 (hierarchical)
    Elapsed: 0.010s  Memory: 999.00M
"enclosing" in: sky130hd.lydrc:491
    Edge pairs: 0 (flat)  0 (hierarchical)
    Elapsed: 4.550s  Memory: 946.00M
"output" in: sky130hd.lydrc:491
    Edge pairs: 0 (flat)  0 (hierarchical)
    Elapsed: 0.050s  Memory: 946.00M
"edges" in: sky130hd.lydrc:492
    Edges: 121960 (flat)  28 (hierarchical)
    Elapsed: 0.000s  Memory: 946.00M
"without_length" in: sky130hd.lydrc:492
    Edges: 121960 (flat)  28 (hierarchical)
    Elapsed: 0.000s  Memory: 946.00M
"not_interacting" in: sky130hd.lydrc:492
    Polygons (raw): 0 (flat)  0 (hierarchical)
    Elapsed: 0.100s  Memory: 946.00M
"enclosing" in: sky130hd.lydrc:492
    Edge pairs: 0 (flat)  0 (hierarchical)
    Elapsed: 0.000s  Memory: 946.00M
"output" in: sky130hd.lydrc:492
    Edge pairs: 0 (flat)  0 (hierarchical)
    Elapsed: 0.000s  Memory: 946.00M
"edges" in: sky130hd.lydrc:493
    Edges: 121960 (flat)  28 (hierarchical)
    Elapsed: 0.000s  Memory: 946.00M
"without_length" in: sky130hd.lydrc:493
    Edges: 0 (flat)  0 (hierarchical)
    Elapsed: 0.010s  Memory: 946.00M
"not_interacting" in: sky130hd.lydrc:493
    Polygons (raw): 30490 (flat)  7 (hierarchical)
    Elapsed: 0.010s  Memory: 946.00M
"enclosing" in: sky130hd.lydrc:493
    Edge pairs: 45966 (flat)  45966 (hierarchical)
    Elapsed: 4.620s  Memory: 965.00M
"second_edges" in: sky130hd.lydrc:493
    Edges: 45966 (flat)  45966 (hierarchical)
    Elapsed: 0.020s  Memory: 965.00M
"edges" in: sky130hd.lydrc:494
    Edges: 121960 (flat)  28 (hierarchical)
    Elapsed: 0.000s  Memory: 965.00M
"without_length" in: sky130hd.lydrc:494
    Edges: 0 (flat)  0 (hierarchical)
    Elapsed: 0.010s  Memory: 965.00M
"not_interacting" in: sky130hd.lydrc:494
    Polygons (raw): 30490 (flat)  7 (hierarchical)
    Elapsed: 0.010s  Memory: 965.00M
"edges" in: sky130hd.lydrc:494
    Edges: 121960 (flat)  28 (hierarchical)
    Elapsed: 0.010s  Memory: 965.00M
"-" in: sky130hd.lydrc:494
    Edges: 77488 (flat)  763 (hierarchical)
    Elapsed: 0.240s  Memory: 965.00M
"width" in: sky130hd.lydrc:494
    Edge pairs: 38366 (flat)  13 (hierarchical)
    Elapsed: 0.200s  Memory: 965.00M
"polygons" in: sky130hd.lydrc:494
    Polygons (raw): 38366 (flat)  13 (hierarchical)
    Elapsed: 0.020s  Memory: 965.00M
"edges" in: sky130hd.lydrc:495
    Edges: 121960 (flat)  28 (hierarchical)
    Elapsed: 0.000s  Memory: 965.00M
"without_length" in: sky130hd.lydrc:495
    Edges: 0 (flat)  0 (hierarchical)
    Elapsed: 0.000s  Memory: 965.00M
"not_interacting" in: sky130hd.lydrc:495
    Polygons (raw): 30490 (flat)  7 (hierarchical)
    Elapsed: 0.010s  Memory: 965.00M
"not_interacting" in: sky130hd.lydrc:495
    Polygons (raw): 0 (flat)  0 (hierarchical)
    Elapsed: 0.100s  Memory: 965.00M
"output" in: sky130hd.lydrc:495
    Polygons (raw): 0 (flat)  0 (hierarchical)
    Elapsed: 0.010s  Memory: 965.00M
"edges" in: sky130hd.lydrc:496
    Edges: 121960 (flat)  28 (hierarchical)
    Elapsed: 0.000s  Memory: 965.00M
"without_length" in: sky130hd.lydrc:496
    Edges: 121960 (flat)  28 (hierarchical)
    Elapsed: 0.000s  Memory: 965.00M
"not_interacting" in: sky130hd.lydrc:496
    Polygons (raw): 0 (flat)  0 (hierarchical)
    Elapsed: 0.110s  Memory: 923.00M
"enclosing" in: sky130hd.lydrc:496
    Edge pairs: 0 (flat)  0 (hierarchical)
    Elapsed: 0.010s  Memory: 923.00M
"second_edges" in: sky130hd.lydrc:496
    Edges: 0 (flat)  0 (hierarchical)
    Elapsed: 0.000s  Memory: 923.00M
"edges" in: sky130hd.lydrc:497
    Edges: 121960 (flat)  28 (hierarchical)
    Elapsed: 0.000s  Memory: 923.00M
"without_length" in: sky130hd.lydrc:497
    Edges: 121960 (flat)  28 (hierarchical)
    Elapsed: 0.010s  Memory: 923.00M
"not_interacting" in: sky130hd.lydrc:497
    Polygons (raw): 0 (flat)  0 (hierarchical)
    Elapsed: 0.100s  Memory: 923.00M
"edges" in: sky130hd.lydrc:497
    Edges: 0 (flat)  0 (hierarchical)
    Elapsed: 0.040s  Memory: 923.00M
"-" in: sky130hd.lydrc:497
    Edges: 0 (flat)  0 (hierarchical)
    Elapsed: 0.010s  Memory: 923.00M
"width" in: sky130hd.lydrc:497
    Edge pairs: 0 (flat)  0 (hierarchical)
    Elapsed: 0.030s  Memory: 923.00M
"polygons" in: sky130hd.lydrc:497
    Polygons (raw): 0 (flat)  0 (hierarchical)
    Elapsed: 0.000s  Memory: 923.00M
"edges" in: sky130hd.lydrc:498
    Edges: 121960 (flat)  28 (hierarchical)
    Elapsed: 0.000s  Memory: 923.00M
"without_length" in: sky130hd.lydrc:498
    Edges: 121960 (flat)  28 (hierarchical)
    Elapsed: 0.000s  Memory: 923.00M
"not_interacting" in: sky130hd.lydrc:498
    Polygons (raw): 0 (flat)  0 (hierarchical)
    Elapsed: 0.100s  Memory: 923.00M
"not_interacting" in: sky130hd.lydrc:498
    Polygons (raw): 0 (flat)  0 (hierarchical)
    Elapsed: 0.010s  Memory: 923.00M
"output" in: sky130hd.lydrc:498
    Polygons (raw): 0 (flat)  0 (hierarchical)
    Elapsed: 0.010s  Memory: 923.00M
"width" in: sky130hd.lydrc:511
    Edge pairs: 0 (flat)  0 (hierarchical)
    Elapsed: 0.370s  Memory: 923.00M
"output" in: sky130hd.lydrc:511
    Edge pairs: 0 (flat)  0 (hierarchical)
    Elapsed: 0.040s  Memory: 923.00M
"sized" in: sky130hd.lydrc:513
    Polygons (raw): 0 (flat)  0 (hierarchical)
    Elapsed: 0.140s  Memory: 923.00M
"sized" in: sky130hd.lydrc:513
    Polygons (raw): 0 (flat)  0 (hierarchical)
    Elapsed: 0.010s  Memory: 923.00M
"-" in: sky130hd.lydrc:514
    Polygons (raw): 46382 (flat)  17940 (hierarchical)
    Elapsed: 0.010s  Memory: 923.00M
"space" in: sky130hd.lydrc:516
    Edge pairs: 0 (flat)  0 (hierarchical)
    Elapsed: 0.800s  Memory: 928.00M
"output" in: sky130hd.lydrc:516
    Edge pairs: 0 (flat)  0 (hierarchical)
    Elapsed: 0.030s  Memory: 928.00M
"separation" in: sky130hd.lydrc:518
    Edge pairs: 0 (flat)  0 (hierarchical)
    Elapsed: 0.010s  Memory: 928.00M
"space" in: sky130hd.lydrc:518
    Edge pairs: 0 (flat)  0 (hierarchical)
    Elapsed: 0.010s  Memory: 928.00M
"+" in: sky130hd.lydrc:518
    Edge pairs: 0 (flat)  0 (hierarchical)
    Elapsed: 0.010s  Memory: 928.00M
"output" in: sky130hd.lydrc:518
    Edge pairs: 0 (flat)  0 (hierarchical)
    Elapsed: 0.010s  Memory: 928.00M
"with_area" in: sky130hd.lydrc:521
    Polygons (raw): 0 (flat)  0 (hierarchical)
    Elapsed: 0.020s  Memory: 928.00M
"output" in: sky130hd.lydrc:521
    Polygons (raw): 0 (flat)  0 (hierarchical)
    Elapsed: 0.010s  Memory: 928.00M
"holes" in: sky130hd.lydrc:522
    Polygons (raw): 0 (flat)  0 (hierarchical)
    Elapsed: 0.010s  Memory: 928.00M
"with_area" in: sky130hd.lydrc:522
    Polygons (raw): 0 (flat)  0 (hierarchical)
    Elapsed: 0.010s  Memory: 928.00M
"output" in: sky130hd.lydrc:522
    Polygons (raw): 0 (flat)  0 (hierarchical)
    Elapsed: 0.020s  Memory: 928.00M
"-" in: sky130hd.lydrc:523
    Polygons (raw): 0 (flat)  0 (hierarchical)
    Elapsed: 0.270s  Memory: 928.00M
"output" in: sky130hd.lydrc:523
    Polygons (raw): 0 (flat)  0 (hierarchical)
    Elapsed: 0.030s  Memory: 928.00M
"enclosing" in: sky130hd.lydrc:525
    Edge pairs: 0 (flat)  0 (hierarchical)
    Elapsed: 0.990s  Memory: 907.00M
"output" in: sky130hd.lydrc:525
    Edge pairs: 0 (flat)  0 (hierarchical)
    Elapsed: 0.030s  Memory: 907.00M
"enclosing" in: sky130hd.lydrc:526
    Edge pairs: 53549 (flat)  50363 (hierarchical)
    Elapsed: 0.950s  Memory: 915.00M
"second_edges" in: sky130hd.lydrc:526
    Edges: 53549 (flat)  50363 (hierarchical)
    Elapsed: 0.010s  Memory: 915.00M
"edges" in: sky130hd.lydrc:527
    Edges: 121960 (flat)  28 (hierarchical)
    Elapsed: 0.000s  Memory: 915.00M
"-" in: sky130hd.lydrc:527
    Edges: 74296 (flat)  738 (hierarchical)
    Elapsed: 0.200s  Memory: 915.00M
"width" in: sky130hd.lydrc:527
    Edge pairs: 35216 (flat)  11 (hierarchical)
    Elapsed: 0.180s  Memory: 915.00M
"polygons" in: sky130hd.lydrc:527
    Polygons (raw): 35216 (flat)  11 (hierarchical)
    Elapsed: 0.000s  Memory: 915.00M
"not_interacting" in: sky130hd.lydrc:528
    Polygons (raw): 0 (flat)  0 (hierarchical)
    Elapsed: 0.130s  Memory: 915.00M
"output" in: sky130hd.lydrc:528
    Polygons (raw): 0 (flat)  0 (hierarchical)
    Elapsed: 0.040s  Memory: 915.00M
"-" in: sky130hd.lydrc:539
    Polygons (raw): 0 (flat)  0 (hierarchical)
    Elapsed: 0.100s  Memory: 915.00M
"output" in: sky130hd.lydrc:539
    Polygons (raw): 0 (flat)  0 (hierarchical)
    Elapsed: 0.010s  Memory: 915.00M
"-" in: sky130hd.lydrc:541
    Polygons (raw): 8982 (flat)  5 (hierarchical)
    Elapsed: 0.010s  Memory: 915.00M
"edges" in: sky130hd.lydrc:541
    Edges: 35928 (flat)  20 (hierarchical)
    Elapsed: 0.040s  Memory: 884.00M
"without_length" in: sky130hd.lydrc:541
    Edges: 0 (flat)  0 (hierarchical)
    Elapsed: 0.030s  Memory: 884.00M
"output" in: sky130hd.lydrc:541
    Edges: 0 (flat)  0 (hierarchical)
    Elapsed: 0.000s  Memory: 884.00M
"&" in: sky130hd.lydrc:542
    Polygons (raw): 0 (flat)  0 (hierarchical)
    Elapsed: 0.000s  Memory: 884.00M
"&" in: sky130hd.lydrc:542
    Polygons (raw): 0 (flat)  0 (hierarchical)
    Elapsed: 0.000s  Memory: 884.00M
"edges" in: sky130hd.lydrc:542
    Edges: 0 (flat)  0 (hierarchical)
    Elapsed: 0.000s  Memory: 884.00M
"without_length" in: sky130hd.lydrc:542
    Edges: 0 (flat)  0 (hierarchical)
    Elapsed: 0.020s  Memory: 884.00M
"&" in: sky130hd.lydrc:542
    Polygons (raw): 0 (flat)  0 (hierarchical)
    Elapsed: 0.010s  Memory: 884.00M
"edges" in: sky130hd.lydrc:542
    Edges: 0 (flat)  0 (hierarchical)
    Elapsed: 0.010s  Memory: 884.00M
"without_length" in: sky130hd.lydrc:542
    Edges: 0 (flat)  0 (hierarchical)
    Elapsed: 0.020s  Memory: 884.00M
"or" in: sky130hd.lydrc:542
    Edges: 0 (flat)  0 (hierarchical)
    Elapsed: 0.010s  Memory: 884.00M
"&" in: sky130hd.lydrc:542
    Polygons (raw): 0 (flat)  0 (hierarchical)
    Elapsed: 0.000s  Memory: 884.00M
"edges" in: sky130hd.lydrc:542
    Edges: 0 (flat)  0 (hierarchical)
    Elapsed: 0.000s  Memory: 884.00M
"without_length" in: sky130hd.lydrc:542
    Edges: 0 (flat)  0 (hierarchical)
    Elapsed: 0.010s  Memory: 884.00M
"or" in: sky130hd.lydrc:542
    Edges: 0 (flat)  0 (hierarchical)
    Elapsed: 0.050s  Memory: 884.00M
"not_interacting" in: sky130hd.lydrc:542
    Polygons (raw): 0 (flat)  0 (hierarchical)
    Elapsed: 0.010s  Memory: 884.00M
"output" in: sky130hd.lydrc:542
    Polygons (raw): 0 (flat)  0 (hierarchical)
    Elapsed: 0.010s  Memory: 884.00M
"isolated" in: sky130hd.lydrc:543
    Edge pairs: 0 (flat)  0 (hierarchical)
    Elapsed: 0.060s  Memory: 884.00M
"output" in: sky130hd.lydrc:543
    Edge pairs: 0 (flat)  0 (hierarchical)
    Elapsed: 0.000s  Memory: 884.00M
"enclosing" in: sky130hd.lydrc:544
    Edge pairs: 0 (flat)  0 (hierarchical)
    Elapsed: 0.600s  Memory: 890.00M
"output" in: sky130hd.lydrc:544
    Edge pairs: 0 (flat)  0 (hierarchical)
    Elapsed: 0.030s  Memory: 890.00M
"edges" in: sky130hd.lydrc:545
    Edges: 35928 (flat)  20 (hierarchical)
    Elapsed: 0.000s  Memory: 890.00M
"without_length" in: sky130hd.lydrc:545
    Edges: 35928 (flat)  20 (hierarchical)
    Elapsed: 0.010s  Memory: 890.00M
"not_interacting" in: sky130hd.lydrc:545
    Polygons (raw): 0 (flat)  0 (hierarchical)
    Elapsed: 0.030s  Memory: 890.00M
"enclosing" in: sky130hd.lydrc:545
    Edge pairs: 0 (flat)  0 (hierarchical)
    Elapsed: 0.010s  Memory: 890.00M
"output" in: sky130hd.lydrc:545
    Edge pairs: 0 (flat)  0 (hierarchical)
    Elapsed: 0.010s  Memory: 890.00M
"enclosing" in: sky130hd.lydrc:546
    Edge pairs: 11701 (flat)  8553 (hierarchical)
    Elapsed: 0.710s  Memory: 890.00M
"second_edges" in: sky130hd.lydrc:546
    Edges: 11701 (flat)  8553 (hierarchical)
    Elapsed: 0.020s  Memory: 890.00M
"edges" in: sky130hd.lydrc:547
    Edges: 35928 (flat)  20 (hierarchical)
    Elapsed: 0.000s  Memory: 890.00M
"-" in: sky130hd.lydrc:547
    Edges: 27452 (flat)  54 (hierarchical)
    Elapsed: 0.060s  Memory: 890.00M
"width" in: sky130hd.lydrc:547
    Edge pairs: 12132 (flat)  7 (hierarchical)
    Elapsed: 0.070s  Memory: 890.00M
"polygons" in: sky130hd.lydrc:547
    Polygons (raw): 12132 (flat)  7 (hierarchical)
    Elapsed: 0.000s  Memory: 890.00M
"not_interacting" in: sky130hd.lydrc:548
    Polygons (raw): 0 (flat)  0 (hierarchical)
    Elapsed: 0.030s  Memory: 890.00M
"output" in: sky130hd.lydrc:548
    Polygons (raw): 0 (flat)  0 (hierarchical)
    Elapsed: 0.000s  Memory: 890.00M
"width" in: sky130hd.lydrc:559
    Edge pairs: 0 (flat)  0 (hierarchical)
    Elapsed: 0.080s  Memory: 890.00M
"output" in: sky130hd.lydrc:559
    Edge pairs: 0 (flat)  0 (hierarchical)
    Elapsed: 0.010s  Memory: 890.00M
"sized" in: sky130hd.lydrc:561
    Polygons (raw): 0 (flat)  0 (hierarchical)
    Elapsed: 0.030s  Memory: 890.00M
"sized" in: sky130hd.lydrc:561
    Polygons (raw): 0 (flat)  0 (hierarchical)
    Elapsed: 0.000s  Memory: 890.00M
"-" in: sky130hd.lydrc:562
    Polygons (raw): 10076 (flat)  3968 (hierarchical)
    Elapsed: 0.010s  Memory: 890.00M
"space" in: sky130hd.lydrc:564
    Edge pairs: 0 (flat)  0 (hierarchical)
    Elapsed: 0.150s  Memory: 890.00M
"output" in: sky130hd.lydrc:564
    Edge pairs: 0 (flat)  0 (hierarchical)
    Elapsed: 0.050s  Memory: 890.00M
"separation" in: sky130hd.lydrc:566
    Edge pairs: 0 (flat)  0 (hierarchical)
    Elapsed: 0.020s  Memory: 890.00M
"space" in: sky130hd.lydrc:566
    Edge pairs: 0 (flat)  0 (hierarchical)
    Elapsed: 0.010s  Memory: 890.00M
"+" in: sky130hd.lydrc:566
    Edge pairs: 0 (flat)  0 (hierarchical)
    Elapsed: 0.010s  Memory: 890.00M
"output" in: sky130hd.lydrc:566
    Edge pairs: 0 (flat)  0 (hierarchical)
    Elapsed: 0.010s  Memory: 890.00M
"with_area" in: sky130hd.lydrc:569
    Polygons (raw): 0 (flat)  0 (hierarchical)
    Elapsed: 0.010s  Memory: 890.00M
"output" in: sky130hd.lydrc:569
    Polygons (raw): 0 (flat)  0 (hierarchical)
    Elapsed: 0.000s  Memory: 890.00M
"-" in: sky130hd.lydrc:570
    Polygons (raw): 0 (flat)  0 (hierarchical)
    Elapsed: 0.080s  Memory: 890.00M
"output" in: sky130hd.lydrc:570
    Polygons (raw): 0 (flat)  0 (hierarchical)
    Elapsed: 0.000s  Memory: 890.00M
"enclosing" in: sky130hd.lydrc:572
    Edge pairs: 0 (flat)  0 (hierarchical)
    Elapsed: 0.190s  Memory: 891.00M
"output" in: sky130hd.lydrc:572
    Edge pairs: 0 (flat)  0 (hierarchical)
    Elapsed: 0.010s  Memory: 891.00M
"enclosing" in: sky130hd.lydrc:573
    Edge pairs: 33102 (flat)  20510 (hierarchical)
    Elapsed: 0.230s  Memory: 891.00M
"second_edges" in: sky130hd.lydrc:573
    Edges: 33102 (flat)  20510 (hierarchical)
    Elapsed: 0.010s  Memory: 891.00M
"-" in: sky130hd.lydrc:588
    Polygons (raw): 0 (flat)  0 (hierarchical)
    Elapsed: 0.050s  Memory: 891.00M
"output" in: sky130hd.lydrc:588
    Polygons (raw): 0 (flat)  0 (hierarchical)
    Elapsed: 0.000s  Memory: 891.00M
"-" in: sky130hd.lydrc:590
    Polygons (raw): 6580 (flat)  5 (hierarchical)
    Elapsed: 0.000s  Memory: 891.00M
"edges" in: sky130hd.lydrc:590
    Edges: 26320 (flat)  20 (hierarchical)
    Elapsed: 0.030s  Memory: 891.00M
"without_length" in: sky130hd.lydrc:590
    Edges: 0 (flat)  0 (hierarchical)
    Elapsed: 0.030s  Memory: 891.00M
"output" in: sky130hd.lydrc:590
    Edges: 0 (flat)  0 (hierarchical)
    Elapsed: 0.010s  Memory: 891.00M
"&" in: sky130hd.lydrc:591
    Polygons (raw): 0 (flat)  0 (hierarchical)
    Elapsed: 0.010s  Memory: 891.00M
"&" in: sky130hd.lydrc:591
    Polygons (raw): 0 (flat)  0 (hierarchical)
    Elapsed: 0.000s  Memory: 891.00M
"edges" in: sky130hd.lydrc:591
    Edges: 0 (flat)  0 (hierarchical)
    Elapsed: 0.000s  Memory: 891.00M
"without_length" in: sky130hd.lydrc:591
    Edges: 0 (flat)  0 (hierarchical)
    Elapsed: 0.020s  Memory: 891.00M
"&" in: sky130hd.lydrc:591
    Polygons (raw): 0 (flat)  0 (hierarchical)
    Elapsed: 0.000s  Memory: 891.00M
"edges" in: sky130hd.lydrc:591
    Edges: 0 (flat)  0 (hierarchical)
    Elapsed: 0.010s  Memory: 891.00M
"without_length" in: sky130hd.lydrc:591
    Edges: 0 (flat)  0 (hierarchical)
    Elapsed: 0.010s  Memory: 891.00M
"or" in: sky130hd.lydrc:591
    Edges: 0 (flat)  0 (hierarchical)
    Elapsed: 0.000s  Memory: 891.00M
"not_interacting" in: sky130hd.lydrc:591
    Polygons (raw): 0 (flat)  0 (hierarchical)
    Elapsed: 0.000s  Memory: 891.00M
"output" in: sky130hd.lydrc:591
    Polygons (raw): 0 (flat)  0 (hierarchical)
    Elapsed: 0.000s  Memory: 891.00M
"isolated" in: sky130hd.lydrc:592
    Edge pairs: 0 (flat)  0 (hierarchical)
    Elapsed: 0.050s  Memory: 891.00M
"output" in: sky130hd.lydrc:592
    Edge pairs: 0 (flat)  0 (hierarchical)
    Elapsed: 0.000s  Memory: 891.00M
"enclosing" in: sky130hd.lydrc:593
    Edge pairs: 0 (flat)  0 (hierarchical)
    Elapsed: 0.180s  Memory: 891.00M
"output" in: sky130hd.lydrc:593
    Edge pairs: 0 (flat)  0 (hierarchical)
    Elapsed: 0.040s  Memory: 891.00M
"enclosing" in: sky130hd.lydrc:594
    Edge pairs: 25887 (flat)  13295 (hierarchical)
    Elapsed: 0.220s  Memory: 891.00M
"second_edges" in: sky130hd.lydrc:594
    Edges: 25887 (flat)  13295 (hierarchical)
    Elapsed: 0.000s  Memory: 891.00M
"edges" in: sky130hd.lydrc:595
    Edges: 26320 (flat)  20 (hierarchical)
    Elapsed: 0.000s  Memory: 891.00M
"-" in: sky130hd.lydrc:595
    Edges: 13162 (flat)  12 (hierarchical)
    Elapsed: 0.070s  Memory: 891.00M
"width" in: sky130hd.lydrc:595
    Edge pairs: 6580 (flat)  5 (hierarchical)
    Elapsed: 0.070s  Memory: 891.00M
"polygons" in: sky130hd.lydrc:595
    Polygons (raw): 6580 (flat)  5 (hierarchical)
    Elapsed: 0.000s  Memory: 891.00M
"not_interacting" in: sky130hd.lydrc:596
    Polygons (raw): 0 (flat)  0 (hierarchical)
    Elapsed: 0.010s  Memory: 891.00M
"output" in: sky130hd.lydrc:596
    Polygons (raw): 0 (flat)  0 (hierarchical)
    Elapsed: 0.040s  Memory: 891.00M
"width" in: sky130hd.lydrc:607
    Edge pairs: 0 (flat)  0 (hierarchical)
    Elapsed: 0.040s  Memory: 891.00M
"output" in: sky130hd.lydrc:607
    Edge pairs: 0 (flat)  0 (hierarchical)
    Elapsed: 0.010s  Memory: 891.00M
"sized" in: sky130hd.lydrc:609
    Polygons (raw): 0 (flat)  0 (hierarchical)
    Elapsed: 0.010s  Memory: 891.00M
"sized" in: sky130hd.lydrc:609
    Polygons (raw): 0 (flat)  0 (hierarchical)
    Elapsed: 0.000s  Memory: 891.00M
"-" in: sky130hd.lydrc:610
    Polygons (raw): 2397 (flat)  209 (hierarchical)
    Elapsed: 0.010s  Memory: 891.00M
"space" in: sky130hd.lydrc:612
    Edge pairs: 0 (flat)  0 (hierarchical)
    Elapsed: 0.050s  Memory: 891.00M
"output" in: sky130hd.lydrc:612
    Edge pairs: 0 (flat)  0 (hierarchical)
    Elapsed: 0.000s  Memory: 891.00M
"separation" in: sky130hd.lydrc:614
    Edge pairs: 0 (flat)  0 (hierarchical)
    Elapsed: 0.000s  Memory: 891.00M
"space" in: sky130hd.lydrc:614
    Edge pairs: 0 (flat)  0 (hierarchical)
    Elapsed: 0.010s  Memory: 891.00M
"+" in: sky130hd.lydrc:614
    Edge pairs: 0 (flat)  0 (hierarchical)
    Elapsed: 0.010s  Memory: 891.00M
"output" in: sky130hd.lydrc:614
    Edge pairs: 0 (flat)  0 (hierarchical)
    Elapsed: 0.010s  Memory: 891.00M
"with_area" in: sky130hd.lydrc:616
    Polygons (raw): 0 (flat)  0 (hierarchical)
    Elapsed: 0.010s  Memory: 891.00M
"output" in: sky130hd.lydrc:616
    Polygons (raw): 0 (flat)  0 (hierarchical)
    Elapsed: 0.000s  Memory: 891.00M
"-" in: sky130hd.lydrc:617
    Polygons (raw): 0 (flat)  0 (hierarchical)
    Elapsed: 0.040s  Memory: 891.00M
"output" in: sky130hd.lydrc:617
    Polygons (raw): 0 (flat)  0 (hierarchical)
    Elapsed: 0.000s  Memory: 891.00M
"enclosing" in: sky130hd.lydrc:619
    Edge pairs: 0 (flat)  0 (hierarchical)
    Elapsed: 0.110s  Memory: 891.00M
"output" in: sky130hd.lydrc:619
    Edge pairs: 0 (flat)  0 (hierarchical)
    Elapsed: 0.030s  Memory: 891.00M
"edges" in: sky130hd.lydrc:635
    Edges: 1348 (flat)  8 (hierarchical)
    Elapsed: 0.030s  Memory: 891.00M
"without_length" in: sky130hd.lydrc:635
    Edges: 0 (flat)  0 (hierarchical)
    Elapsed: 0.030s  Memory: 891.00M
"output" in: sky130hd.lydrc:635
    Edges: 0 (flat)  0 (hierarchical)
    Elapsed: 0.010s  Memory: 891.00M
"isolated" in: sky130hd.lydrc:636
    Edge pairs: 0 (flat)  0 (hierarchical)
    Elapsed: 0.040s  Memory: 891.00M
"output" in: sky130hd.lydrc:636
    Edge pairs: 0 (flat)  0 (hierarchical)
    Elapsed: 0.010s  Memory: 891.00M
"enclosing" in: sky130hd.lydrc:638
    Edge pairs: 0 (flat)  0 (hierarchical)
    Elapsed: 0.050s  Memory: 891.00M
"output" in: sky130hd.lydrc:638
    Edge pairs: 0 (flat)  0 (hierarchical)
    Elapsed: 0.000s  Memory: 891.00M
"-" in: sky130hd.lydrc:639
    Polygons (raw): 0 (flat)  0 (hierarchical)
    Elapsed: 0.030s  Memory: 891.00M
"output" in: sky130hd.lydrc:639
    Polygons (raw): 0 (flat)  0 (hierarchical)
    Elapsed: 0.010s  Memory: 891.00M
"width" in: sky130hd.lydrc:645
    Edge pairs: 0 (flat)  0 (hierarchical)
    Elapsed: 0.030s  Memory: 891.00M
"output" in: sky130hd.lydrc:645
    Edge pairs: 0 (flat)  0 (hierarchical)
    Elapsed: 0.010s  Memory: 891.00M
"space" in: sky130hd.lydrc:647
    Edge pairs: 0 (flat)  0 (hierarchical)
    Elapsed: 0.020s  Memory: 891.00M
"output" in: sky130hd.lydrc:647
    Edge pairs: 0 (flat)  0 (hierarchical)
    Elapsed: 0.000s  Memory: 891.00M
"-" in: sky130hd.lydrc:649
    Polygons (raw): 0 (flat)  0 (hierarchical)
    Elapsed: 0.030s  Memory: 891.00M
"output" in: sky130hd.lydrc:649
    Polygons (raw): 0 (flat)  0 (hierarchical)
    Elapsed: 0.010s  Memory: 891.00M
"enclosing" in: sky130hd.lydrc:650
    Edge pairs: 0 (flat)  0 (hierarchical)
    Elapsed: 0.030s  Memory: 891.00M
"output" in: sky130hd.lydrc:650
    Edge pairs: 0 (flat)  0 (hierarchical)
    Elapsed: 0.040s  Memory: 891.00M
"width" in: sky130hd.lydrc:653
    Edge pairs: 0 (flat)  0 (hierarchical)
    Elapsed: 0.000s  Memory: 891.00M
"output" in: sky130hd.lydrc:653
    Edge pairs: 0 (flat)  0 (hierarchical)
    Elapsed: 0.000s  Memory: 891.00M
"isolated" in: sky130hd.lydrc:654
    Edge pairs: 0 (flat)  0 (hierarchical)
    Elapsed: 0.000s  Memory: 891.00M
"output" in: sky130hd.lydrc:654
    Edge pairs: 0 (flat)  0 (hierarchical)
    Elapsed: 0.010s  Memory: 891.00M
"enclosing" in: sky130hd.lydrc:655
    Edge pairs: 0 (flat)  0 (hierarchical)
    Elapsed: 0.010s  Memory: 891.00M
"output" in: sky130hd.lydrc:655
    Edge pairs: 0 (flat)  0 (hierarchical)
    Elapsed: 0.010s  Memory: 891.00M
"enclosing" in: sky130hd.lydrc:656
    Edge pairs: 0 (flat)  0 (hierarchical)
    Elapsed: 0.000s  Memory: 891.00M
"output" in: sky130hd.lydrc:656
    Edge pairs: 0 (flat)  0 (hierarchical)
    Elapsed: 0.010s  Memory: 891.00M
"enclosing" in: sky130hd.lydrc:657
    Edge pairs: 0 (flat)  0 (hierarchical)
    Elapsed: 0.000s  Memory: 891.00M
"output" in: sky130hd.lydrc:657
    Edge pairs: 0 (flat)  0 (hierarchical)
    Elapsed: 0.010s  Memory: 891.00M
"enclosing" in: sky130hd.lydrc:658
    Edge pairs: 0 (flat)  0 (hierarchical)
    Elapsed: 0.010s  Memory: 891.00M
"output" in: sky130hd.lydrc:658
    Edge pairs: 0 (flat)  0 (hierarchical)
    Elapsed: 0.010s  Memory: 891.00M
"enclosing" in: sky130hd.lydrc:659
    Edge pairs: 0 (flat)  0 (hierarchical)
    Elapsed: 0.000s  Memory: 891.00M
"output" in: sky130hd.lydrc:659
    Edge pairs: 0 (flat)  0 (hierarchical)
    Elapsed: 0.000s  Memory: 891.00M
"enclosing" in: sky130hd.lydrc:660
    Edge pairs: 0 (flat)  0 (hierarchical)
    Elapsed: 0.000s  Memory: 891.00M
"output" in: sky130hd.lydrc:660
    Edge pairs: 0 (flat)  0 (hierarchical)
    Elapsed: 0.000s  Memory: 891.00M
"enclosing" in: sky130hd.lydrc:661
    Edge pairs: 0 (flat)  0 (hierarchical)
    Elapsed: 0.000s  Memory: 891.00M
"output" in: sky130hd.lydrc:661
    Edge pairs: 0 (flat)  0 (hierarchical)
    Elapsed: 0.010s  Memory: 891.00M
"enclosing" in: sky130hd.lydrc:662
    Edge pairs: 0 (flat)  0 (hierarchical)
    Elapsed: 0.010s  Memory: 891.00M
"output" in: sky130hd.lydrc:662
    Edge pairs: 0 (flat)  0 (hierarchical)
    Elapsed: 0.010s  Memory: 891.00M
"enclosing" in: sky130hd.lydrc:663
    Edge pairs: 0 (flat)  0 (hierarchical)
    Elapsed: 0.010s  Memory: 891.00M
"output" in: sky130hd.lydrc:663
    Edge pairs: 0 (flat)  0 (hierarchical)
    Elapsed: 0.010s  Memory: 891.00M
"enclosing" in: sky130hd.lydrc:664
    Edge pairs: 0 (flat)  0 (hierarchical)
    Elapsed: 0.010s  Memory: 891.00M
"output" in: sky130hd.lydrc:664
    Edge pairs: 0 (flat)  0 (hierarchical)
    Elapsed: 0.010s  Memory: 891.00M
"separation" in: sky130hd.lydrc:666
    Edge pairs: 0 (flat)  0 (hierarchical)
    Elapsed: 0.010s  Memory: 891.00M
"output" in: sky130hd.lydrc:666
    Edge pairs: 0 (flat)  0 (hierarchical)
    Elapsed: 0.020s  Memory: 891.00M
"separation" in: sky130hd.lydrc:667
    Edge pairs: 0 (flat)  0 (hierarchical)
    Elapsed: 0.010s  Memory: 891.00M
"output" in: sky130hd.lydrc:667
    Edge pairs: 0 (flat)  0 (hierarchical)
    Elapsed: 0.010s  Memory: 891.00M
"separation" in: sky130hd.lydrc:668
    Edge pairs: 0 (flat)  0 (hierarchical)
    Elapsed: 0.010s  Memory: 891.00M
"output" in: sky130hd.lydrc:668
    Edge pairs: 0 (flat)  0 (hierarchical)
    Elapsed: 0.010s  Memory: 891.00M
"separation" in: sky130hd.lydrc:669
    Edge pairs: 0 (flat)  0 (hierarchical)
    Elapsed: 0.010s  Memory: 891.00M
"output" in: sky130hd.lydrc:669
    Edge pairs: 0 (flat)  0 (hierarchical)
    Elapsed: 0.010s  Memory: 891.00M
"separation" in: sky130hd.lydrc:670
    Edge pairs: 0 (flat)  0 (hierarchical)
    Elapsed: 0.010s  Memory: 891.00M
"output" in: sky130hd.lydrc:670
    Edge pairs: 0 (flat)  0 (hierarchical)
    Elapsed: 0.010s  Memory: 891.00M
"separation" in: sky130hd.lydrc:671
    Edge pairs: 0 (flat)  0 (hierarchical)
    Elapsed: 0.010s  Memory: 891.00M
"output" in: sky130hd.lydrc:671
    Edge pairs: 0 (flat)  0 (hierarchical)
    Elapsed: 0.010s  Memory: 891.00M
"separation" in: sky130hd.lydrc:672
    Edge pairs: 0 (flat)  0 (hierarchical)
    Elapsed: 0.010s  Memory: 891.00M
"output" in: sky130hd.lydrc:672
    Edge pairs: 0 (flat)  0 (hierarchical)
    Elapsed: 0.010s  Memory: 891.00M
"separation" in: sky130hd.lydrc:673
    Edge pairs: 0 (flat)  0 (hierarchical)
    Elapsed: 0.000s  Memory: 891.00M
"output" in: sky130hd.lydrc:673
    Edge pairs: 0 (flat)  0 (hierarchical)
    Elapsed: 0.000s  Memory: 891.00M
"separation" in: sky130hd.lydrc:674
    Edge pairs: 0 (flat)  0 (hierarchical)
    Elapsed: 0.000s  Memory: 891.00M
"output" in: sky130hd.lydrc:674
    Edge pairs: 0 (flat)  0 (hierarchical)
    Elapsed: 0.010s  Memory: 891.00M
"separation" in: sky130hd.lydrc:675
    Edge pairs: 0 (flat)  0 (hierarchical)
    Elapsed: 0.000s  Memory: 891.00M
"output" in: sky130hd.lydrc:675
    Edge pairs: 0 (flat)  0 (hierarchical)
    Elapsed: 0.010s  Memory: 891.00M
"isolated" in: sky130hd.lydrc:679
    Edge pairs: 0 (flat)  0 (hierarchical)
    Elapsed: 0.030s  Memory: 891.00M
"output" in: sky130hd.lydrc:679
    Edge pairs: 0 (flat)  0 (hierarchical)
    Elapsed: 0.010s  Memory: 891.00M
OFFGRID-ANGLES section
"ongrid" in: sky130hd.lydrc:823
    Edge pairs: 0 (flat)  0 (hierarchical)
    Elapsed: 0.000s  Memory: 891.00M
"output" in: sky130hd.lydrc:823
    Edge pairs: 0 (flat)  0 (hierarchical)
    Elapsed: 0.000s  Memory: 891.00M
"with_angle" in: sky130hd.lydrc:824
    Edge pairs: 0 (flat)  0 (hierarchical)
    Elapsed: 0.010s  Memory: 891.00M
"output" in: sky130hd.lydrc:824
    Edge pairs: 0 (flat)  0 (hierarchical)
    Elapsed: 0.010s  Memory: 891.00M
"ongrid" in: sky130hd.lydrc:825
    Edge pairs: 0 (flat)  0 (hierarchical)
    Elapsed: 0.200s  Memory: 891.00M
"output" in: sky130hd.lydrc:825
    Edge pairs: 0 (flat)  0 (hierarchical)
    Elapsed: 0.000s  Memory: 891.00M
"with_angle" in: sky130hd.lydrc:826
    Edge pairs: 0 (flat)  0 (hierarchical)
    Elapsed: 0.000s  Memory: 891.00M
"output" in: sky130hd.lydrc:826
    Edge pairs: 0 (flat)  0 (hierarchical)
    Elapsed: 0.010s  Memory: 891.00M
"ongrid" in: sky130hd.lydrc:827
    Edge pairs: 0 (flat)  0 (hierarchical)
    Elapsed: 0.000s  Memory: 891.00M
"output" in: sky130hd.lydrc:827
    Edge pairs: 0 (flat)  0 (hierarchical)
    Elapsed: 0.000s  Memory: 891.00M
"with_angle" in: sky130hd.lydrc:828
    Edge pairs: 0 (flat)  0 (hierarchical)
    Elapsed: 0.000s  Memory: 891.00M
"output" in: sky130hd.lydrc:828
    Edge pairs: 0 (flat)  0 (hierarchical)
    Elapsed: 0.000s  Memory: 891.00M
"ongrid" in: sky130hd.lydrc:829
    Edge pairs: 0 (flat)  0 (hierarchical)
    Elapsed: 0.000s  Memory: 891.00M
"output" in: sky130hd.lydrc:829
    Edge pairs: 0 (flat)  0 (hierarchical)
    Elapsed: 0.000s  Memory: 891.00M
"with_angle" in: sky130hd.lydrc:830
    Edge pairs: 0 (flat)  0 (hierarchical)
    Elapsed: 0.010s  Memory: 891.00M
"output" in: sky130hd.lydrc:830
    Edge pairs: 0 (flat)  0 (hierarchical)
    Elapsed: 0.010s  Memory: 891.00M
"ongrid" in: sky130hd.lydrc:831
    Edge pairs: 0 (flat)  0 (hierarchical)
    Elapsed: 0.190s  Memory: 891.00M
"output" in: sky130hd.lydrc:831
    Edge pairs: 0 (flat)  0 (hierarchical)
    Elapsed: 0.030s  Memory: 891.00M
"with_angle" in: sky130hd.lydrc:832
    Edge pairs: 0 (flat)  0 (hierarchical)
    Elapsed: 0.000s  Memory: 891.00M
"output" in: sky130hd.lydrc:832
    Edge pairs: 0 (flat)  0 (hierarchical)
    Elapsed: 0.010s  Memory: 891.00M
"ongrid" in: sky130hd.lydrc:833
    Edge pairs: 0 (flat)  0 (hierarchical)
    Elapsed: 0.010s  Memory: 891.00M
"output" in: sky130hd.lydrc:833
    Edge pairs: 0 (flat)  0 (hierarchical)
    Elapsed: 0.000s  Memory: 891.00M
"with_angle" in: sky130hd.lydrc:834
    Edge pairs: 0 (flat)  0 (hierarchical)
    Elapsed: 0.010s  Memory: 891.00M
"output" in: sky130hd.lydrc:834
    Edge pairs: 0 (flat)  0 (hierarchical)
    Elapsed: 0.010s  Memory: 891.00M
"ongrid" in: sky130hd.lydrc:835
    Edge pairs: 0 (flat)  0 (hierarchical)
    Elapsed: 0.010s  Memory: 891.00M
"output" in: sky130hd.lydrc:835
    Edge pairs: 0 (flat)  0 (hierarchical)
    Elapsed: 0.000s  Memory: 891.00M
"with_angle" in: sky130hd.lydrc:836
    Edge pairs: 0 (flat)  0 (hierarchical)
    Elapsed: 0.000s  Memory: 891.00M
"output" in: sky130hd.lydrc:836
    Edge pairs: 0 (flat)  0 (hierarchical)
    Elapsed: 0.000s  Memory: 891.00M
"ongrid" in: sky130hd.lydrc:837
    Edge pairs: 0 (flat)  0 (hierarchical)
    Elapsed: 0.000s  Memory: 891.00M
"output" in: sky130hd.lydrc:837
    Edge pairs: 0 (flat)  0 (hierarchical)
    Elapsed: 0.000s  Memory: 891.00M
"with_angle" in: sky130hd.lydrc:838
    Edge pairs: 0 (flat)  0 (hierarchical)
    Elapsed: 0.010s  Memory: 891.00M
"output" in: sky130hd.lydrc:838
    Edge pairs: 0 (flat)  0 (hierarchical)
    Elapsed: 0.010s  Memory: 891.00M
"ongrid" in: sky130hd.lydrc:839
    Edge pairs: 0 (flat)  0 (hierarchical)
    Elapsed: 0.040s  Memory: 891.00M
"output" in: sky130hd.lydrc:839
    Edge pairs: 0 (flat)  0 (hierarchical)
    Elapsed: 0.000s  Memory: 891.00M
"ongrid" in: sky130hd.lydrc:840
    Edge pairs: 0 (flat)  0 (hierarchical)
    Elapsed: 0.030s  Memory: 891.00M
"output" in: sky130hd.lydrc:840
    Edge pairs: 0 (flat)  0 (hierarchical)
    Elapsed: 0.010s  Memory: 891.00M
"&" in: sky130hd.lydrc:841
    Polygons (raw): 0 (flat)  0 (hierarchical)
    Elapsed: 0.010s  Memory: 891.00M
"-" in: sky130hd.lydrc:841
    Polygons (raw): 18794 (flat)  403 (hierarchical)
    Elapsed: 0.010s  Memory: 891.00M
"with_angle" in: sky130hd.lydrc:841
    Edge pairs: 0 (flat)  0 (hierarchical)
    Elapsed: 0.020s  Memory: 891.00M
"output" in: sky130hd.lydrc:841
    Edge pairs: 0 (flat)  0 (hierarchical)
    Elapsed: 0.010s  Memory: 891.00M
"&" in: sky130hd.lydrc:842
    Polygons (raw): 0 (flat)  0 (hierarchical)
    Elapsed: 0.010s  Memory: 891.00M
"&" in: sky130hd.lydrc:842
    Polygons (raw): 0 (flat)  0 (hierarchical)
    Elapsed: 0.010s  Memory: 891.00M
"with_angle" in: sky130hd.lydrc:842
    Edge pairs: 0 (flat)  0 (hierarchical)
    Elapsed: 0.000s  Memory: 891.00M
"output" in: sky130hd.lydrc:842
    Edge pairs: 0 (flat)  0 (hierarchical)
    Elapsed: 0.010s  Memory: 891.00M
"&" in: sky130hd.lydrc:843
    Polygons (raw): 0 (flat)  0 (hierarchical)
    Elapsed: 0.010s  Memory: 891.00M
"-" in: sky130hd.lydrc:843
    Polygons (raw): 3048 (flat)  2 (hierarchical)
    Elapsed: 0.010s  Memory: 891.00M
"with_angle" in: sky130hd.lydrc:843
    Edge pairs: 0 (flat)  0 (hierarchical)
    Elapsed: 0.020s  Memory: 891.00M
"output" in: sky130hd.lydrc:843
    Edge pairs: 0 (flat)  0 (hierarchical)
    Elapsed: 0.010s  Memory: 891.00M
"&" in: sky130hd.lydrc:844
    Polygons (raw): 0 (flat)  0 (hierarchical)
    Elapsed: 0.000s  Memory: 891.00M
"&" in: sky130hd.lydrc:844
    Polygons (raw): 0 (flat)  0 (hierarchical)
    Elapsed: 0.010s  Memory: 891.00M
"with_angle" in: sky130hd.lydrc:844
    Edge pairs: 0 (flat)  0 (hierarchical)
    Elapsed: 0.040s  Memory: 891.00M
"output" in: sky130hd.lydrc:844
    Edge pairs: 0 (flat)  0 (hierarchical)
    Elapsed: 0.010s  Memory: 891.00M
"ongrid" in: sky130hd.lydrc:845
    Edge pairs: 0 (flat)  0 (hierarchical)
    Elapsed: 0.010s  Memory: 891.00M
"output" in: sky130hd.lydrc:845
    Edge pairs: 0 (flat)  0 (hierarchical)
    Elapsed: 0.000s  Memory: 891.00M
"with_angle" in: sky130hd.lydrc:846
    Edge pairs: 0 (flat)  0 (hierarchical)
    Elapsed: 0.000s  Memory: 891.00M
"output" in: sky130hd.lydrc:846
    Edge pairs: 0 (flat)  0 (hierarchical)
    Elapsed: 0.000s  Memory: 891.00M
"ongrid" in: sky130hd.lydrc:847
    Edge pairs: 0 (flat)  0 (hierarchical)
    Elapsed: 0.040s  Memory: 891.00M
"output" in: sky130hd.lydrc:847
    Edge pairs: 0 (flat)  0 (hierarchical)
    Elapsed: 0.010s  Memory: 891.00M
"with_angle" in: sky130hd.lydrc:848
    Edge pairs: 0 (flat)  0 (hierarchical)
    Elapsed: 0.000s  Memory: 891.00M
"output" in: sky130hd.lydrc:848
    Edge pairs: 0 (flat)  0 (hierarchical)
    Elapsed: 0.010s  Memory: 891.00M
"ongrid" in: sky130hd.lydrc:849
    Edge pairs: 0 (flat)  0 (hierarchical)
    Elapsed: 0.010s  Memory: 891.00M
"output" in: sky130hd.lydrc:849
    Edge pairs: 0 (flat)  0 (hierarchical)
    Elapsed: 0.000s  Memory: 891.00M
"with_angle" in: sky130hd.lydrc:850
    Edge pairs: 0 (flat)  0 (hierarchical)
    Elapsed: 0.010s  Memory: 891.00M
"output" in: sky130hd.lydrc:850
    Edge pairs: 0 (flat)  0 (hierarchical)
    Elapsed: 0.010s  Memory: 891.00M
"ongrid" in: sky130hd.lydrc:851
    Edge pairs: 0 (flat)  0 (hierarchical)
    Elapsed: 0.070s  Memory: 891.00M
"output" in: sky130hd.lydrc:851
    Edge pairs: 0 (flat)  0 (hierarchical)
    Elapsed: 0.000s  Memory: 891.00M
"with_angle" in: sky130hd.lydrc:852
    Edge pairs: 0 (flat)  0 (hierarchical)
    Elapsed: 0.000s  Memory: 891.00M
"output" in: sky130hd.lydrc:852
    Edge pairs: 0 (flat)  0 (hierarchical)
    Elapsed: 0.010s  Memory: 891.00M
"ongrid" in: sky130hd.lydrc:853
    Edge pairs: 0 (flat)  0 (hierarchical)
    Elapsed: 0.190s  Memory: 891.00M
"output" in: sky130hd.lydrc:853
    Edge pairs: 0 (flat)  0 (hierarchical)
    Elapsed: 0.010s  Memory: 891.00M
"with_angle" in: sky130hd.lydrc:854
    Edge pairs: 0 (flat)  0 (hierarchical)
    Elapsed: 0.000s  Memory: 891.00M
"output" in: sky130hd.lydrc:854
    Edge pairs: 0 (flat)  0 (hierarchical)
    Elapsed: 0.010s  Memory: 891.00M
"ongrid" in: sky130hd.lydrc:855
    Edge pairs: 0 (flat)  0 (hierarchical)
    Elapsed: 0.220s  Memory: 891.00M
"output" in: sky130hd.lydrc:855
    Edge pairs: 0 (flat)  0 (hierarchical)
    Elapsed: 0.030s  Memory: 891.00M
"with_angle" in: sky130hd.lydrc:856
    Edge pairs: 0 (flat)  0 (hierarchical)
    Elapsed: 0.000s  Memory: 891.00M
"output" in: sky130hd.lydrc:856
    Edge pairs: 0 (flat)  0 (hierarchical)
    Elapsed: 0.010s  Memory: 891.00M
"ongrid" in: sky130hd.lydrc:857
    Edge pairs: 0 (flat)  0 (hierarchical)
    Elapsed: 0.010s  Memory: 891.00M
"output" in: sky130hd.lydrc:857
    Edge pairs: 0 (flat)  0 (hierarchical)
    Elapsed: 0.010s  Memory: 891.00M
"with_angle" in: sky130hd.lydrc:858
    Edge pairs: 0 (flat)  0 (hierarchical)
    Elapsed: 0.010s  Memory: 891.00M
"output" in: sky130hd.lydrc:858
    Edge pairs: 0 (flat)  0 (hierarchical)
    Elapsed: 0.010s  Memory: 891.00M
"ongrid" in: sky130hd.lydrc:859
    Edge pairs: 0 (flat)  0 (hierarchical)
    Elapsed: 0.010s  Memory: 891.00M
"output" in: sky130hd.lydrc:859
    Edge pairs: 0 (flat)  0 (hierarchical)
    Elapsed: 0.010s  Memory: 891.00M
"with_angle" in: sky130hd.lydrc:860
    Edge pairs: 0 (flat)  0 (hierarchical)
    Elapsed: 0.010s  Memory: 891.00M
"output" in: sky130hd.lydrc:860
    Edge pairs: 0 (flat)  0 (hierarchical)
    Elapsed: 0.010s  Memory: 891.00M
"ongrid" in: sky130hd.lydrc:861
    Edge pairs: 0 (flat)  0 (hierarchical)
    Elapsed: 0.020s  Memory: 891.00M
"output" in: sky130hd.lydrc:861
    Edge pairs: 0 (flat)  0 (hierarchical)
    Elapsed: 0.010s  Memory: 891.00M
"with_angle" in: sky130hd.lydrc:862
    Edge pairs: 0 (flat)  0 (hierarchical)
    Elapsed: 0.010s  Memory: 891.00M
"output" in: sky130hd.lydrc:862
    Edge pairs: 0 (flat)  0 (hierarchical)
    Elapsed: 0.010s  Memory: 891.00M
"ongrid" in: sky130hd.lydrc:863
    Edge pairs: 0 (flat)  0 (hierarchical)
    Elapsed: 0.010s  Memory: 891.00M
"output" in: sky130hd.lydrc:863
    Edge pairs: 0 (flat)  0 (hierarchical)
    Elapsed: 0.000s  Memory: 891.00M
"with_angle" in: sky130hd.lydrc:864
    Edge pairs: 0 (flat)  0 (hierarchical)
    Elapsed: 0.010s  Memory: 891.00M
"output" in: sky130hd.lydrc:864
    Edge pairs: 0 (flat)  0 (hierarchical)
    Elapsed: 0.010s  Memory: 891.00M
"ongrid" in: sky130hd.lydrc:865
    Edge pairs: 0 (flat)  0 (hierarchical)
    Elapsed: 0.010s  Memory: 891.00M
"output" in: sky130hd.lydrc:865
    Edge pairs: 0 (flat)  0 (hierarchical)
    Elapsed: 0.010s  Memory: 891.00M
"with_angle" in: sky130hd.lydrc:866
    Edge pairs: 0 (flat)  0 (hierarchical)
    Elapsed: 0.010s  Memory: 891.00M
"output" in: sky130hd.lydrc:866
    Edge pairs: 0 (flat)  0 (hierarchical)
    Elapsed: 0.000s  Memory: 891.00M
"ongrid" in: sky130hd.lydrc:867
    Edge pairs: 0 (flat)  0 (hierarchical)
    Elapsed: 0.010s  Memory: 891.00M
"output" in: sky130hd.lydrc:867
    Edge pairs: 0 (flat)  0 (hierarchical)
    Elapsed: 0.010s  Memory: 891.00M
"with_angle" in: sky130hd.lydrc:868
    Edge pairs: 0 (flat)  0 (hierarchical)
    Elapsed: 0.000s  Memory: 891.00M
"output" in: sky130hd.lydrc:868
    Edge pairs: 0 (flat)  0 (hierarchical)
    Elapsed: 0.010s  Memory: 891.00M
"ongrid" in: sky130hd.lydrc:869
    Edge pairs: 0 (flat)  0 (hierarchical)
    Elapsed: 0.010s  Memory: 891.00M
"output" in: sky130hd.lydrc:869
    Edge pairs: 0 (flat)  0 (hierarchical)
    Elapsed: 0.000s  Memory: 891.00M
"with_angle" in: sky130hd.lydrc:870
    Edge pairs: 0 (flat)  0 (hierarchical)
    Elapsed: 0.010s  Memory: 891.00M
"output" in: sky130hd.lydrc:870
    Edge pairs: 0 (flat)  0 (hierarchical)
    Elapsed: 0.010s  Memory: 891.00M
"ongrid" in: sky130hd.lydrc:871
    Edge pairs: 0 (flat)  0 (hierarchical)
    Elapsed: 0.010s  Memory: 891.00M
"output" in: sky130hd.lydrc:871
    Edge pairs: 0 (flat)  0 (hierarchical)
    Elapsed: 0.010s  Memory: 891.00M
"with_angle" in: sky130hd.lydrc:872
    Edge pairs: 0 (flat)  0 (hierarchical)
    Elapsed: 0.000s  Memory: 891.00M
"output" in: sky130hd.lydrc:872
    Edge pairs: 0 (flat)  0 (hierarchical)
    Elapsed: 0.010s  Memory: 891.00M
"ongrid" in: sky130hd.lydrc:873
    Edge pairs: 0 (flat)  0 (hierarchical)
    Elapsed: 0.010s  Memory: 891.00M
"output" in: sky130hd.lydrc:873
    Edge pairs: 0 (flat)  0 (hierarchical)
    Elapsed: 0.010s  Memory: 891.00M
"with_angle" in: sky130hd.lydrc:874
    Edge pairs: 0 (flat)  0 (hierarchical)
    Elapsed: 0.000s  Memory: 891.00M
"output" in: sky130hd.lydrc:874
    Edge pairs: 0 (flat)  0 (hierarchical)
    Elapsed: 0.010s  Memory: 891.00M
"ongrid" in: sky130hd.lydrc:875
    Edge pairs: 0 (flat)  0 (hierarchical)
    Elapsed: 0.010s  Memory: 891.00M
"output" in: sky130hd.lydrc:875
    Edge pairs: 0 (flat)  0 (hierarchical)
    Elapsed: 0.010s  Memory: 891.00M
"with_angle" in: sky130hd.lydrc:876
    Edge pairs: 0 (flat)  0 (hierarchical)
    Elapsed: 0.000s  Memory: 891.00M
"output" in: sky130hd.lydrc:876
    Edge pairs: 0 (flat)  0 (hierarchical)
    Elapsed: 0.000s  Memory: 891.00M
"ongrid" in: sky130hd.lydrc:877
    Edge pairs: 0 (flat)  0 (hierarchical)
    Elapsed: 0.000s  Memory: 891.00M
"output" in: sky130hd.lydrc:877
    Edge pairs: 0 (flat)  0 (hierarchical)
    Elapsed: 0.000s  Memory: 891.00M
"with_angle" in: sky130hd.lydrc:878
    Edge pairs: 0 (flat)  0 (hierarchical)
    Elapsed: 0.000s  Memory: 891.00M
"output" in: sky130hd.lydrc:878
    Edge pairs: 0 (flat)  0 (hierarchical)
    Elapsed: 0.010s  Memory: 891.00M
"ongrid" in: sky130hd.lydrc:879
    Edge pairs: 0 (flat)  0 (hierarchical)
    Elapsed: 0.000s  Memory: 891.00M
"output" in: sky130hd.lydrc:879
    Edge pairs: 0 (flat)  0 (hierarchical)
    Elapsed: 0.000s  Memory: 891.00M
"with_angle" in: sky130hd.lydrc:880
    Edge pairs: 0 (flat)  0 (hierarchical)
    Elapsed: 0.000s  Memory: 891.00M
"output" in: sky130hd.lydrc:880
    Edge pairs: 0 (flat)  0 (hierarchical)
    Elapsed: 0.010s  Memory: 891.00M
"ongrid" in: sky130hd.lydrc:881
    Edge pairs: 0 (flat)  0 (hierarchical)
    Elapsed: 0.010s  Memory: 891.00M
"output" in: sky130hd.lydrc:881
    Edge pairs: 0 (flat)  0 (hierarchical)
    Elapsed: 0.030s  Memory: 891.00M
"with_angle" in: sky130hd.lydrc:882
    Edge pairs: 0 (flat)  0 (hierarchical)
    Elapsed: 0.000s  Memory: 891.00M
"output" in: sky130hd.lydrc:882
    Edge pairs: 0 (flat)  0 (hierarchical)
    Elapsed: 0.010s  Memory: 891.00M
"ongrid" in: sky130hd.lydrc:883
    Edge pairs: 0 (flat)  0 (hierarchical)
    Elapsed: 0.010s  Memory: 891.00M
"output" in: sky130hd.lydrc:883
    Edge pairs: 0 (flat)  0 (hierarchical)
    Elapsed: 0.010s  Memory: 891.00M
"with_angle" in: sky130hd.lydrc:884
    Edge pairs: 0 (flat)  0 (hierarchical)
    Elapsed: 0.000s  Memory: 891.00M
"output" in: sky130hd.lydrc:884
    Edge pairs: 0 (flat)  0 (hierarchical)
    Elapsed: 0.000s  Memory: 891.00M
"ongrid" in: sky130hd.lydrc:885
    Edge pairs: 0 (flat)  0 (hierarchical)
    Elapsed: 0.000s  Memory: 891.00M
"output" in: sky130hd.lydrc:885
    Edge pairs: 0 (flat)  0 (hierarchical)
    Elapsed: 0.000s  Memory: 891.00M
"with_angle" in: sky130hd.lydrc:886
    Edge pairs: 0 (flat)  0 (hierarchical)
    Elapsed: 0.010s  Memory: 891.00M
"output" in: sky130hd.lydrc:886
    Edge pairs: 0 (flat)  0 (hierarchical)
    Elapsed: 0.010s  Memory: 891.00M
"ongrid" in: sky130hd.lydrc:887
    Edge pairs: 0 (flat)  0 (hierarchical)
    Elapsed: 0.010s  Memory: 891.00M
"output" in: sky130hd.lydrc:887
    Edge pairs: 0 (flat)  0 (hierarchical)
    Elapsed: 0.000s  Memory: 891.00M
"with_angle" in: sky130hd.lydrc:888
    Edge pairs: 0 (flat)  0 (hierarchical)
    Elapsed: 0.010s  Memory: 891.00M
"output" in: sky130hd.lydrc:888
    Edge pairs: 0 (flat)  0 (hierarchical)
    Elapsed: 0.010s  Memory: 891.00M
"ongrid" in: sky130hd.lydrc:889
    Edge pairs: 0 (flat)  0 (hierarchical)
    Elapsed: 0.010s  Memory: 891.00M
"output" in: sky130hd.lydrc:889
    Edge pairs: 0 (flat)  0 (hierarchical)
    Elapsed: 0.000s  Memory: 891.00M
"with_angle" in: sky130hd.lydrc:890
    Edge pairs: 0 (flat)  0 (hierarchical)
    Elapsed: 0.010s  Memory: 891.00M
"output" in: sky130hd.lydrc:890
    Edge pairs: 0 (flat)  0 (hierarchical)
    Elapsed: 0.010s  Memory: 891.00M
"ongrid" in: sky130hd.lydrc:891
    Edge pairs: 0 (flat)  0 (hierarchical)
    Elapsed: 0.010s  Memory: 891.00M
"output" in: sky130hd.lydrc:891
    Edge pairs: 0 (flat)  0 (hierarchical)
    Elapsed: 0.000s  Memory: 891.00M
"with_angle" in: sky130hd.lydrc:892
    Edge pairs: 0 (flat)  0 (hierarchical)
    Elapsed: 0.010s  Memory: 891.00M
"output" in: sky130hd.lydrc:892
    Edge pairs: 0 (flat)  0 (hierarchical)
    Elapsed: 0.010s  Memory: 891.00M
"ongrid" in: sky130hd.lydrc:893
    Edge pairs: 0 (flat)  0 (hierarchical)
    Elapsed: 0.010s  Memory: 891.00M
"output" in: sky130hd.lydrc:893
    Edge pairs: 0 (flat)  0 (hierarchical)
    Elapsed: 0.000s  Memory: 891.00M
"with_angle" in: sky130hd.lydrc:894
    Edge pairs: 0 (flat)  0 (hierarchical)
    Elapsed: 0.000s  Memory: 891.00M
"output" in: sky130hd.lydrc:894
    Edge pairs: 0 (flat)  0 (hierarchical)
    Elapsed: 0.010s  Memory: 891.00M
"ongrid" in: sky130hd.lydrc:895
    Edge pairs: 0 (flat)  0 (hierarchical)
    Elapsed: 0.010s  Memory: 891.00M
"output" in: sky130hd.lydrc:895
    Edge pairs: 0 (flat)  0 (hierarchical)
    Elapsed: 0.000s  Memory: 891.00M
"with_angle" in: sky130hd.lydrc:896
    Edge pairs: 0 (flat)  0 (hierarchical)
    Elapsed: 0.000s  Memory: 891.00M
"output" in: sky130hd.lydrc:896
    Edge pairs: 0 (flat)  0 (hierarchical)
    Elapsed: 0.000s  Memory: 891.00M
"ongrid" in: sky130hd.lydrc:897
    Edge pairs: 0 (flat)  0 (hierarchical)
    Elapsed: 0.000s  Memory: 891.00M
"output" in: sky130hd.lydrc:897
    Edge pairs: 0 (flat)  0 (hierarchical)
    Elapsed: 0.010s  Memory: 891.00M
"with_angle" in: sky130hd.lydrc:898
    Edge pairs: 0 (flat)  0 (hierarchical)
    Elapsed: 0.000s  Memory: 891.00M
"output" in: sky130hd.lydrc:898
    Edge pairs: 0 (flat)  0 (hierarchical)
    Elapsed: 0.000s  Memory: 891.00M
"ongrid" in: sky130hd.lydrc:899
    Edge pairs: 0 (flat)  0 (hierarchical)
    Elapsed: 0.000s  Memory: 891.00M
"output" in: sky130hd.lydrc:899
    Edge pairs: 0 (flat)  0 (hierarchical)
    Elapsed: 0.000s  Memory: 891.00M
Writing report database: /home/user/chip/build/pd_sep/reports/sky130hd/orbit_demo/sep/6_drc.lyrdb ..
Total elapsed: 104.660s  Memory: 890.00M
Elapsed time: 1:28.79[h:]min:sec. CPU time: user 101.32 sys 5.46 (120%). Peak memory: 1055960KB.
