KLayout 0.30.12
"polygons" in: sky130hd.lylvs:49
    Polygons (raw): 1 (flat)  1 (hierarchical)
    Elapsed: 0.030s  Memory: 462.00M
"polygons" in: sky130hd.lylvs:50
    Polygons (raw): 0 (flat)  0 (hierarchical)
    Elapsed: 0.000s  Memory: 462.00M
"polygons" in: sky130hd.lylvs:51
    Polygons (raw): 0 (flat)  0 (hierarchical)
    Elapsed: 0.000s  Memory: 462.00M
"polygons" in: sky130hd.lylvs:52
    Polygons (raw): 18213 (flat)  147 (hierarchical)
    Elapsed: 0.010s  Memory: 462.00M
"input" in: sky130hd.lylvs:53
    Polygons (raw): 17267 (flat)  148 (hierarchical)
    Elapsed: 0.020s  Memory: 462.00M
"polygons" in: sky130hd.lylvs:54
    Polygons (raw): 17434 (flat)  149 (hierarchical)
    Elapsed: 0.010s  Memory: 462.00M
"input" in: sky130hd.lylvs:55
    Polygons (raw): 0 (flat)  0 (hierarchical)
    Elapsed: 0.000s  Memory: 462.00M
"input" in: sky130hd.lylvs:56
    Polygons (raw): 17270 (flat)  149 (hierarchical)
    Elapsed: 0.020s  Memory: 462.00M
"polygons" in: sky130hd.lylvs:57
    Polygons (raw): 18794 (flat)  403 (hierarchical)
    Elapsed: 0.010s  Memory: 462.00M
"polygons" in: sky130hd.lylvs:58
    Polygons (raw): 3048 (flat)  2 (hierarchical)
    Elapsed: 0.040s  Memory: 462.00M
"polygons" in: sky130hd.lylvs:59
    Polygons (raw): 19737 (flat)  148 (hierarchical)
    Elapsed: 0.010s  Memory: 462.00M
"polygons" in: sky130hd.lylvs:60
    Polygons (raw): 19737 (flat)  148 (hierarchical)
    Elapsed: 0.010s  Memory: 462.00M
"polygons" in: sky130hd.lylvs:61
    Polygons (raw): 0 (flat)  0 (hierarchical)
    Elapsed: 0.000s  Memory: 462.00M
"polygons" in: sky130hd.lylvs:62
    Polygons (raw): 0 (flat)  0 (hierarchical)
    Elapsed: 0.000s  Memory: 462.00M
"polygons" in: sky130hd.lylvs:63
    Polygons (raw): 18253 (flat)  149 (hierarchical)
    Elapsed: 0.020s  Memory: 462.00M
"polygons" in: sky130hd.lylvs:64
    Polygons (raw): 0 (flat)  0 (hierarchical)
    Elapsed: 0.000s  Memory: 462.00M
"polygons" in: sky130hd.lylvs:65
    Polygons (raw): 0 (flat)  0 (hierarchical)
    Elapsed: 0.000s  Memory: 462.00M
"polygons" in: sky130hd.lylvs:66
    Polygons (raw): 18213 (flat)  147 (hierarchical)
    Elapsed: 0.010s  Memory: 462.00M
"polygons" in: sky130hd.lylvs:67
    Polygons (raw): 0 (flat)  0 (hierarchical)
    Elapsed: 0.000s  Memory: 462.00M
"polygons" in: sky130hd.lylvs:68
    Polygons (raw): 0 (flat)  0 (hierarchical)
    Elapsed: 0.000s  Memory: 462.00M
"polygons" in: sky130hd.lylvs:69
    Polygons (raw): 0 (flat)  0 (hierarchical)
    Elapsed: 0.000s  Memory: 462.00M
"polygons" in: sky130hd.lylvs:70
    Polygons (raw): 0 (flat)  0 (hierarchical)
    Elapsed: 0.000s  Memory: 462.00M
"polygons" in: sky130hd.lylvs:71
    Polygons (raw): 0 (flat)  0 (hierarchical)
    Elapsed: 0.000s  Memory: 462.00M
"polygons" in: sky130hd.lylvs:72
    Polygons (raw): 0 (flat)  0 (hierarchical)
    Elapsed: 0.000s  Memory: 462.00M
"polygons" in: sky130hd.lylvs:73
    Polygons (raw): 39176 (flat)  941 (hierarchical)
    Elapsed: 0.020s  Memory: 462.00M
"input" in: sky130hd.lylvs:74
    Polygons (raw): 0 (flat)  0 (hierarchical)
    Elapsed: 0.000s  Memory: 462.00M
"polygons" in: sky130hd.lylvs:75
    Polygons (raw): 0 (flat)  0 (hierarchical)
    Elapsed: 0.000s  Memory: 462.00M
"polygons" in: sky130hd.lylvs:76
    Polygons (raw): 0 (flat)  0 (hierarchical)
    Elapsed: 0.010s  Memory: 462.00M
"polygons" in: sky130hd.lylvs:77
    Polygons (raw): 167436 (flat)  4624 (hierarchical)
    Elapsed: 0.010s  Memory: 462.00M
"polygons" in: sky130hd.lylvs:78
    Polygons (raw): 7091 (flat)  151 (hierarchical)
    Elapsed: 0.010s  Memory: 462.00M
"polygons" in: sky130hd.lylvs:79
    Polygons (raw): 0 (flat)  0 (hierarchical)
    Elapsed: 0.000s  Memory: 462.00M
"polygons" in: sky130hd.lylvs:80
    Polygons (raw): 0 (flat)  0 (hierarchical)
    Elapsed: 0.000s  Memory: 462.00M
"polygons" in: sky130hd.lylvs:81
    Polygons (raw): 24 (flat)  4 (hierarchical)
    Elapsed: 0.020s  Memory: 462.00M
"polygons" in: sky130hd.lylvs:82
    Polygons (raw): 20 (flat)  1 (hierarchical)
    Elapsed: 0.010s  Memory: 462.00M
"polygons" in: sky130hd.lylvs:83
    Polygons (raw): 123426 (flat)  1842 (hierarchical)
    Elapsed: 0.010s  Memory: 462.00M
"input" in: sky130hd.lylvs:84
    Polygons (raw): 38893 (flat)  1130 (hierarchical)
    Elapsed: 0.010s  Memory: 462.00M
"polygons" in: sky130hd.lylvs:85
    Polygons (raw): 41184 (flat)  1222 (hierarchical)
    Elapsed: 0.040s  Memory: 462.00M
"polygons" in: sky130hd.lylvs:86
    Polygons (raw): 0 (flat)  0 (hierarchical)
    Elapsed: 0.000s  Memory: 462.00M
"polygons" in: sky130hd.lylvs:87
    Polygons (raw): 211290 (flat)  2620 (hierarchical)
    Elapsed: 0.010s  Memory: 462.00M
"polygons" in: sky130hd.lylvs:88
    Polygons (raw): 111312 (flat)  27834 (hierarchical)
    Elapsed: 0.030s  Memory: 462.00M
"input" in: sky130hd.lylvs:89
    Polygons (raw): 36472 (flat)  299 (hierarchical)
    Elapsed: 0.010s  Memory: 462.00M
"polygons" in: sky130hd.lylvs:90
    Polygons (raw): 36806 (flat)  301 (hierarchical)
    Elapsed: 0.020s  Memory: 462.00M
"polygons" in: sky130hd.lylvs:91
    Polygons (raw): 0 (flat)  0 (hierarchical)
    Elapsed: 0.000s  Memory: 462.00M
"polygons" in: sky130hd.lylvs:92
    Polygons (raw): 30490 (flat)  7 (hierarchical)
    Elapsed: 0.010s  Memory: 462.00M
"polygons" in: sky130hd.lylvs:93
    Polygons (raw): 46298 (flat)  17856 (hierarchical)
    Elapsed: 0.030s  Memory: 462.00M
"input" in: sky130hd.lylvs:94
    Polygons (raw): 84 (flat)  84 (hierarchical)
    Elapsed: 0.010s  Memory: 463.00M
"polygons" in: sky130hd.lylvs:95
    Polygons (raw): 84 (flat)  84 (hierarchical)
    Elapsed: 0.010s  Memory: 463.00M
"polygons" in: sky130hd.lylvs:96
    Polygons (raw): 0 (flat)  0 (hierarchical)
    Elapsed: 0.000s  Memory: 463.00M
"polygons" in: sky130hd.lylvs:97
    Polygons (raw): 8982 (flat)  5 (hierarchical)
    Elapsed: 0.010s  Memory: 463.00M
"polygons" in: sky130hd.lylvs:98
    Polygons (raw): 9945 (flat)  3837 (hierarchical)
    Elapsed: 0.010s  Memory: 463.00M
"input" in: sky130hd.lylvs:99
    Polygons (raw): 131 (flat)  131 (hierarchical)
    Elapsed: 0.010s  Memory: 463.00M
"polygons" in: sky130hd.lylvs:100
    Polygons (raw): 131 (flat)  131 (hierarchical)
    Elapsed: 0.010s  Memory: 463.00M
"polygons" in: sky130hd.lylvs:101
    Polygons (raw): 0 (flat)  0 (hierarchical)
    Elapsed: 0.000s  Memory: 463.00M
"polygons" in: sky130hd.lylvs:102
    Polygons (raw): 6580 (flat)  5 (hierarchical)
    Elapsed: 0.010s  Memory: 463.00M
"polygons" in: sky130hd.lylvs:103
    Polygons (raw): 2397 (flat)  209 (hierarchical)
    Elapsed: 0.010s  Memory: 463.00M
"input" in: sky130hd.lylvs:104
    Polygons (raw): 0 (flat)  0 (hierarchical)
    Elapsed: 0.000s  Memory: 463.00M
"polygons" in: sky130hd.lylvs:105
    Polygons (raw): 0 (flat)  0 (hierarchical)
    Elapsed: 0.020s  Memory: 463.00M
"polygons" in: sky130hd.lylvs:106
    Polygons (raw): 0 (flat)  0 (hierarchical)
    Elapsed: 0.000s  Memory: 463.00M
"polygons" in: sky130hd.lylvs:107
    Polygons (raw): 337 (flat)  2 (hierarchical)
    Elapsed: 0.010s  Memory: 463.00M
"polygons" in: sky130hd.lylvs:108
    Polygons (raw): 374 (flat)  39 (hierarchical)
    Elapsed: 0.010s  Memory: 463.00M
"input" in: sky130hd.lylvs:109
    Polygons (raw): 2 (flat)  2 (hierarchical)
    Elapsed: 0.020s  Memory: 463.00M
"polygons" in: sky130hd.lylvs:110
    Polygons (raw): 25 (flat)  25 (hierarchical)
    Elapsed: 0.010s  Memory: 463.00M
"polygons" in: sky130hd.lylvs:111
    Polygons (raw): 0 (flat)  0 (hierarchical)
    Elapsed: 0.000s  Memory: 463.00M
"polygons" in: sky130hd.lylvs:112
    Polygons (raw): 0 (flat)  0 (hierarchical)
    Elapsed: 0.000s  Memory: 463.00M
"input" in: sky130hd.lylvs:113
    Polygons (raw): 0 (flat)  0 (hierarchical)
    Elapsed: 0.000s  Memory: 463.00M
"polygons" in: sky130hd.lylvs:114
    Polygons (raw): 0 (flat)  0 (hierarchical)
    Elapsed: 0.000s  Memory: 463.00M
"polygons" in: sky130hd.lylvs:115
    Polygons (raw): 0 (flat)  0 (hierarchical)
    Elapsed: 0.000s  Memory: 463.00M
"polygons" in: sky130hd.lylvs:116
    Polygons (raw): 0 (flat)  0 (hierarchical)
    Elapsed: 0.000s  Memory: 463.00M
"polygons" in: sky130hd.lylvs:117
    Polygons (raw): 0 (flat)  0 (hierarchical)
    Elapsed: 0.000s  Memory: 463.00M
"polygons" in: sky130hd.lylvs:118
    Polygons (raw): 0 (flat)  0 (hierarchical)
    Elapsed: 0.000s  Memory: 463.00M
"polygons" in: sky130hd.lylvs:119
    Polygons (raw): 0 (flat)  0 (hierarchical)
    Elapsed: 0.000s  Memory: 463.00M
"polygons" in: sky130hd.lylvs:120
    Polygons (raw): 0 (flat)  0 (hierarchical)
    Elapsed: 0.000s  Memory: 463.00M
"polygons" in: sky130hd.lylvs:121
    Polygons (raw): 0 (flat)  0 (hierarchical)
    Elapsed: 0.000s  Memory: 463.00M
"polygons" in: sky130hd.lylvs:122
    Polygons (raw): 0 (flat)  0 (hierarchical)
    Elapsed: 0.000s  Memory: 463.00M
"polygons" in: sky130hd.lylvs:123
    Polygons (raw): 0 (flat)  0 (hierarchical)
    Elapsed: 0.000s  Memory: 463.00M
"polygons" in: sky130hd.lylvs:126
    Polygons (raw): 6308 (flat)  142 (hierarchical)
    Elapsed: 0.010s  Memory: 463.00M
"&" in: sky130hd.lylvs:130
    Polygons (raw): 8726 (flat)  193 (hierarchical)
    Elapsed: 0.140s  Memory: 468.00M
"&" in: sky130hd.lylvs:130
    Polygons (raw): 8726 (flat)  193 (hierarchical)
    Elapsed: 0.080s  Memory: 468.00M
"&" in: sky130hd.lylvs:131
    Polygons (raw): 1524 (flat)  1 (hierarchical)
    Elapsed: 0.110s  Memory: 468.00M
"&" in: sky130hd.lylvs:131
    Polygons (raw): 1524 (flat)  1 (hierarchical)
    Elapsed: 0.060s  Memory: 469.00M
"&" in: sky130hd.lylvs:132
    Polygons (raw): 35964 (flat)  1016 (hierarchical)
    Elapsed: 0.060s  Memory: 469.00M
"-" in: sky130hd.lylvs:133
    Polygons (raw): 44690 (flat)  1209 (hierarchical)
    Elapsed: 0.060s  Memory: 471.00M
"-" in: sky130hd.lylvs:134
    Polygons (raw): 0 (flat)  0 (hierarchical)
    Elapsed: 0.070s  Memory: 471.00M
"-" in: sky130hd.lylvs:134
    Polygons (raw): 0 (flat)  0 (hierarchical)
    Elapsed: 0.000s  Memory: 471.00M
"-" in: sky130hd.lylvs:134
    Polygons (raw): 0 (flat)  0 (hierarchical)
    Elapsed: 0.000s  Memory: 471.00M
"-" in: sky130hd.lylvs:135
    Polygons (raw): 18253 (flat)  149 (hierarchical)
    Elapsed: 0.010s  Memory: 471.00M
"-" in: sky130hd.lylvs:135
    Polygons (raw): 18253 (flat)  149 (hierarchical)
    Elapsed: 0.000s  Memory: 471.00M
"&" in: sky130hd.lylvs:135
    Polygons (raw): 35964 (flat)  1016 (hierarchical)
    Elapsed: 0.130s  Memory: 473.00M
"-" in: sky130hd.lylvs:136
    Polygons (raw): 0 (flat)  0 (hierarchical)
    Elapsed: 0.070s  Memory: 473.00M
"-" in: sky130hd.lylvs:136
    Polygons (raw): 0 (flat)  0 (hierarchical)
    Elapsed: 0.000s  Memory: 473.00M
"&" in: sky130hd.lylvs:136
    Polygons (raw): 0 (flat)  0 (hierarchical)
    Elapsed: 0.010s  Memory: 473.00M
"-" in: sky130hd.lylvs:138
    Polygons (raw): 9972 (flat)  202 (hierarchical)
    Elapsed: 0.130s  Memory: 474.00M
"&" in: sky130hd.lylvs:138
    Polygons (raw): 9940 (flat)  200 (hierarchical)
    Elapsed: 0.070s  Memory: 474.00M
"-" in: sky130hd.lylvs:139
    Polygons (raw): 1524 (flat)  1 (hierarchical)
    Elapsed: 0.080s  Memory: 474.00M
"&" in: sky130hd.lylvs:139
    Polygons (raw): 1524 (flat)  1 (hierarchical)
    Elapsed: 0.090s  Memory: 474.00M
"&" in: sky130hd.lylvs:140
    Polygons (raw): 35958 (flat)  1010 (hierarchical)
    Elapsed: 0.060s  Memory: 475.00M
"-" in: sky130hd.lylvs:141
    Polygons (raw): 45898 (flat)  1210 (hierarchical)
    Elapsed: 0.070s  Memory: 475.00M
"-" in: sky130hd.lylvs:142
    Polygons (raw): 35958 (flat)  1010 (hierarchical)
    Elapsed: 0.010s  Memory: 475.00M
"-" in: sky130hd.lylvs:142
    Polygons (raw): 35958 (flat)  1010 (hierarchical)
    Elapsed: 0.010s  Memory: 475.00M
"-" in: sky130hd.lylvs:142
    Polygons (raw): 35958 (flat)  1010 (hierarchical)
    Elapsed: 0.000s  Memory: 475.00M
"-" in: sky130hd.lylvs:143
    Polygons (raw): 35958 (flat)  1010 (hierarchical)
    Elapsed: 0.010s  Memory: 475.00M
"-" in: sky130hd.lylvs:143
    Polygons (raw): 0 (flat)  0 (hierarchical)
    Elapsed: 0.010s  Memory: 475.00M
"&" in: sky130hd.lylvs:143
    Polygons (raw): 0 (flat)  0 (hierarchical)
    Elapsed: 0.000s  Memory: 475.00M
"-" in: sky130hd.lylvs:144
    Polygons (raw): 35958 (flat)  1010 (hierarchical)
    Elapsed: 0.010s  Memory: 475.00M
"-" in: sky130hd.lylvs:144
    Polygons (raw): 35958 (flat)  1010 (hierarchical)
    Elapsed: 0.010s  Memory: 475.00M
"&" in: sky130hd.lylvs:144
    Polygons (raw): 0 (flat)  0 (hierarchical)
    Elapsed: 0.010s  Memory: 475.00M
"-" in: sky130hd.lylvs:145
    Polygons (raw): 35958 (flat)  1010 (hierarchical)
    Elapsed: 0.010s  Memory: 475.00M
"&" in: sky130hd.lylvs:145
    Polygons (raw): 0 (flat)  0 (hierarchical)
    Elapsed: 0.010s  Memory: 475.00M
"&" in: sky130hd.lylvs:145
    Polygons (raw): 0 (flat)  0 (hierarchical)
    Elapsed: 0.000s  Memory: 475.00M
"extract_devices" in: sky130hd.lylvs:151
    Elapsed: 0.040s  Memory: 478.00M
"extract_devices" in: sky130hd.lylvs:152
    Elapsed: 0.110s  Memory: 475.00M
"extract_devices" in: sky130hd.lylvs:153
    Elapsed: 0.060s  Memory: 475.00M
"extract_devices" in: sky130hd.lylvs:156
    Elapsed: 0.060s  Memory: 475.00M
"extract_devices" in: sky130hd.lylvs:157
    Elapsed: 0.060s  Memory: 475.00M
"extract_devices" in: sky130hd.lylvs:158
    Elapsed: 0.050s  Memory: 475.00M
"extract_devices" in: sky130hd.lylvs:159
    Elapsed: 0.060s  Memory: 475.00M
"netlist" in: sky130hd.lylvs:413
    Elapsed: 3.460s  Memory: 579.00M
Flatten layout cell (no schematic): VIA_L1M1_PR_MR
Flatten layout cell (no schematic): VIA_M1M2_PR
Flatten layout cell (no schematic): VIA_M2M3_PR
Flatten layout cell (no schematic): VIA_M3M4_PR
Flatten layout cell (no schematic): VIA_via4_5_1600_480_1_4_400_400
Flatten layout cell (no schematic): VIA_via3_4_1600_480_1_4_400_400
Flatten layout cell (no schematic): VIA_via2_3_1600_480_1_5_320_320
Flatten layout cell (no schematic): VIA_via5_6_1600_1600_1_1_1600_1600
Flatten layout cell (no schematic): VIA_M1M2_PR_MR
Flatten layout cell (no schematic): VIA_M4M5_PR
Flatten schematic circuit (no layout): SKY130_FD_SC_HD__A2111OI_1
Flatten schematic circuit (no layout): SKY130_FD_SC_HD__A2111O_2
Flatten schematic circuit (no layout): SKY130_FD_SC_HD__A2111O_4
Flatten schematic circuit (no layout): SKY130_FD_SC_HD__A211O_2
Flatten schematic circuit (no layout): SKY130_FD_SC_HD__A211O_4
Flatten schematic circuit (no layout): SKY130_FD_SC_HD__A21BOI_1
Flatten schematic circuit (no layout): SKY130_FD_SC_HD__A21BOI_4
Flatten schematic circuit (no layout): SKY130_FD_SC_HD__A21BO_1
Flatten schematic circuit (no layout): SKY130_FD_SC_HD__A21BO_2
Flatten schematic circuit (no layout): SKY130_FD_SC_HD__A21BO_4
Flatten schematic circuit (no layout): SKY130_FD_SC_HD__A21O_2
Flatten schematic circuit (no layout): SKY130_FD_SC_HD__A21O_4
Flatten schematic circuit (no layout): SKY130_FD_SC_HD__A221OI_4
Flatten schematic circuit (no layout): SKY130_FD_SC_HD__A221O_2
Flatten schematic circuit (no layout): SKY130_FD_SC_HD__A221O_4
Flatten schematic circuit (no layout): SKY130_FD_SC_HD__A22OI_2
Flatten schematic circuit (no layout): SKY130_FD_SC_HD__A22OI_4
Flatten schematic circuit (no layout): SKY130_FD_SC_HD__A22O_2
Flatten schematic circuit (no layout): SKY130_FD_SC_HD__A22O_4
Flatten schematic circuit (no layout): SKY130_FD_SC_HD__A2BB2OI_1
Flatten schematic circuit (no layout): SKY130_FD_SC_HD__A2BB2OI_4
Flatten schematic circuit (no layout): SKY130_FD_SC_HD__A2BB2O_1
Flatten schematic circuit (no layout): SKY130_FD_SC_HD__A2BB2O_2
Flatten schematic circuit (no layout): SKY130_FD_SC_HD__A2BB2O_4
Flatten schematic circuit (no layout): SKY130_FD_SC_HD__A311OI_1
Flatten schematic circuit (no layout): SKY130_FD_SC_HD__A311OI_2
Flatten schematic circuit (no layout): SKY130_FD_SC_HD__A311O_2
Flatten schematic circuit (no layout): SKY130_FD_SC_HD__A311O_4
Flatten schematic circuit (no layout): SKY130_FD_SC_HD__A31O_1
Flatten schematic circuit (no layout): SKY130_FD_SC_HD__A32OI_1
Flatten schematic circuit (no layout): SKY130_FD_SC_HD__A32OI_2
Flatten schematic circuit (no layout): SKY130_FD_SC_HD__A32OI_4
Flatten schematic circuit (no layout): SKY130_FD_SC_HD__A32O_1
Flatten schematic circuit (no layout): SKY130_FD_SC_HD__A32O_4
Flatten schematic circuit (no layout): SKY130_FD_SC_HD__A41OI_4
Flatten schematic circuit (no layout): SKY130_FD_SC_HD__A41O_2
Flatten schematic circuit (no layout): SKY130_FD_SC_HD__A41O_4
Flatten schematic circuit (no layout): SKY130_FD_SC_HD__AND2B_2
Flatten schematic circuit (no layout): SKY130_FD_SC_HD__AND2B_4
Flatten schematic circuit (no layout): SKY130_FD_SC_HD__AND2_0
Flatten schematic circuit (no layout): SKY130_FD_SC_HD__AND3B_1
Flatten schematic circuit (no layout): SKY130_FD_SC_HD__AND3B_2
Flatten schematic circuit (no layout): SKY130_FD_SC_HD__AND3B_4
Flatten schematic circuit (no layout): SKY130_FD_SC_HD__AND4BB_1
Flatten schematic circuit (no layout): SKY130_FD_SC_HD__AND4BB_2
Flatten schematic circuit (no layout): SKY130_FD_SC_HD__AND4BB_4
Flatten schematic circuit (no layout): SKY130_FD_SC_HD__AND4B_1
Flatten schematic circuit (no layout): SKY130_FD_SC_HD__AND4B_2
Flatten schematic circuit (no layout): SKY130_FD_SC_HD__AND4B_4
Flatten schematic circuit (no layout): SKY130_FD_SC_HD__AND4_2
Flatten schematic circuit (no layout): SKY130_FD_SC_HD__BUFBUF_16
Flatten schematic circuit (no layout): SKY130_FD_SC_HD__BUFBUF_8
Flatten schematic circuit (no layout): SKY130_FD_SC_HD__BUFINV_8
Flatten schematic circuit (no layout): SKY130_FD_SC_HD__BUF_16
Flatten schematic circuit (no layout): SKY130_FD_SC_HD__CLKDLYBUF4S15_1
Flatten schematic circuit (no layout): SKY130_FD_SC_HD__CLKDLYBUF4S15_2
Flatten schematic circuit (no layout): SKY130_FD_SC_HD__CLKDLYBUF4S18_1
Flatten schematic circuit (no layout): SKY130_FD_SC_HD__CLKDLYBUF4S18_2
Flatten schematic circuit (no layout): SKY130_FD_SC_HD__CLKDLYBUF4S25_1
Flatten schematic circuit (no layout): SKY130_FD_SC_HD__CLKDLYBUF4S25_2
Flatten schematic circuit (no layout): SKY130_FD_SC_HD__CLKDLYBUF4S50_2
Flatten schematic circuit (no layout): SKY130_FD_SC_HD__CLKINVLP_2
Flatten schematic circuit (no layout): SKY130_FD_SC_HD__CLKINV_1
Flatten schematic circuit (no layout): SKY130_FD_SC_HD__CLKINV_16
Flatten schematic circuit (no layout): SKY130_FD_SC_HD__CLKINV_2
Flatten schematic circuit (no layout): SKY130_FD_SC_HD__DECAP_12
Flatten schematic circuit (no layout): SKY130_FD_SC_HD__DECAP_3
Flatten schematic circuit (no layout): SKY130_FD_SC_HD__DECAP_4
Flatten schematic circuit (no layout): SKY130_FD_SC_HD__DECAP_6
Flatten schematic circuit (no layout): SKY130_FD_SC_HD__DECAP_8
Flatten schematic circuit (no layout): SKY130_FD_SC_HD__DFBBN_1
Flatten schematic circuit (no layout): SKY130_FD_SC_HD__DFBBN_2
Flatten schematic circuit (no layout): SKY130_FD_SC_HD__DFBBP_1
Flatten schematic circuit (no layout): SKY130_FD_SC_HD__DFRBP_1
Flatten schematic circuit (no layout): SKY130_FD_SC_HD__DFRBP_2
Flatten schematic circuit (no layout): SKY130_FD_SC_HD__DFRTN_1
Flatten schematic circuit (no layout): SKY130_FD_SC_HD__DFRTP_1
Flatten schematic circuit (no layout): SKY130_FD_SC_HD__DFRTP_2
Flatten schematic circuit (no layout): SKY130_FD_SC_HD__DFRTP_4
Flatten schematic circuit (no layout): SKY130_FD_SC_HD__DFSBP_1
Flatten schematic circuit (no layout): SKY130_FD_SC_HD__DFSBP_2
Flatten schematic circuit (no layout): SKY130_FD_SC_HD__DFSTP_1
Flatten schematic circuit (no layout): SKY130_FD_SC_HD__DFSTP_2
Flatten schematic circuit (no layout): SKY130_FD_SC_HD__DFSTP_4
Flatten schematic circuit (no layout): SKY130_FD_SC_HD__DFXBP_1
Flatten schematic circuit (no layout): SKY130_FD_SC_HD__DFXBP_2
Flatten schematic circuit (no layout): SKY130_FD_SC_HD__DFXTP_2
Flatten schematic circuit (no layout): SKY130_FD_SC_HD__DFXTP_4
Flatten schematic circuit (no layout): SKY130_FD_SC_HD__DLCLKP_1
Flatten schematic circuit (no layout): SKY130_FD_SC_HD__DLCLKP_2
Flatten schematic circuit (no layout): SKY130_FD_SC_HD__DLCLKP_4
Flatten schematic circuit (no layout): SKY130_FD_SC_HD__DLRBN_1
Flatten schematic circuit (no layout): SKY130_FD_SC_HD__DLRBN_2
Flatten schematic circuit (no layout): SKY130_FD_SC_HD__DLRBP_1
Flatten schematic circuit (no layout): SKY130_FD_SC_HD__DLRBP_2
Flatten schematic circuit (no layout): SKY130_FD_SC_HD__DLRTN_1
Flatten schematic circuit (no layout): SKY130_FD_SC_HD__DLRTN_2
Flatten schematic circuit (no layout): SKY130_FD_SC_HD__DLRTN_4
Flatten schematic circuit (no layout): SKY130_FD_SC_HD__DLRTP_1
Flatten schematic circuit (no layout): SKY130_FD_SC_HD__DLRTP_2
Flatten schematic circuit (no layout): SKY130_FD_SC_HD__DLRTP_4
Flatten schematic circuit (no layout): SKY130_FD_SC_HD__DLXBN_1
Flatten schematic circuit (no layout): SKY130_FD_SC_HD__DLXBN_2
Flatten schematic circuit (no layout): SKY130_FD_SC_HD__DLXBP_1
Flatten schematic circuit (no layout): SKY130_FD_SC_HD__DLXTN_1
Flatten schematic circuit (no layout): SKY130_FD_SC_HD__DLXTN_2
Flatten schematic circuit (no layout): SKY130_FD_SC_HD__DLXTN_4
Flatten schematic circuit (no layout): SKY130_FD_SC_HD__DLXTP_1
Flatten schematic circuit (no layout): SKY130_FD_SC_HD__DLYGATE4SD1_1
Flatten schematic circuit (no layout): SKY130_FD_SC_HD__DLYGATE4SD2_1
Flatten schematic circuit (no layout): SKY130_FD_SC_HD__DLYGATE4SD3_1
Flatten schematic circuit (no layout): SKY130_FD_SC_HD__DLYMETAL6S2S_1
Flatten schematic circuit (no layout): SKY130_FD_SC_HD__DLYMETAL6S4S_1
Flatten schematic circuit (no layout): SKY130_FD_SC_HD__DLYMETAL6S6S_1
Flatten schematic circuit (no layout): SKY130_FD_SC_HD__EBUFN_1
Flatten schematic circuit (no layout): SKY130_FD_SC_HD__EBUFN_2
Flatten schematic circuit (no layout): SKY130_FD_SC_HD__EBUFN_4
Flatten schematic circuit (no layout): SKY130_FD_SC_HD__EBUFN_8
Flatten schematic circuit (no layout): SKY130_FD_SC_HD__EDFXBP_1
Flatten schematic circuit (no layout): SKY130_FD_SC_HD__EDFXTP_1
Flatten schematic circuit (no layout): SKY130_FD_SC_HD__EINVN_0
Flatten schematic circuit (no layout): SKY130_FD_SC_HD__EINVN_1
Flatten schematic circuit (no layout): SKY130_FD_SC_HD__EINVN_2
Flatten schematic circuit (no layout): SKY130_FD_SC_HD__EINVN_4
Flatten schematic circuit (no layout): SKY130_FD_SC_HD__EINVN_8
Flatten schematic circuit (no layout): SKY130_FD_SC_HD__EINVP_1
Flatten schematic circuit (no layout): SKY130_FD_SC_HD__EINVP_2
Flatten schematic circuit (no layout): SKY130_FD_SC_HD__EINVP_4
Flatten schematic circuit (no layout): SKY130_FD_SC_HD__EINVP_8
Flatten schematic circuit (no layout): SKY130_FD_SC_HD__FAHCIN_1
Flatten schematic circuit (no layout): SKY130_FD_SC_HD__FAHCON_1
Flatten schematic circuit (no layout): SKY130_FD_SC_HD__FAH_1
Flatten schematic circuit (no layout): SKY130_FD_SC_HD__FA_4
Flatten schematic circuit (no layout): SKY130_FD_SC_HD__INV_12
Flatten schematic circuit (no layout): SKY130_FD_SC_HD__INV_16
Flatten schematic circuit (no layout): SKY130_FD_SC_HD__LPFLOW_BLEEDER_1
Flatten schematic circuit (no layout): SKY130_FD_SC_HD__LPFLOW_CLKBUFKAPWR_1
Flatten schematic circuit (no layout): SKY130_FD_SC_HD__LPFLOW_CLKBUFKAPWR_16
Flatten schematic circuit (no layout): SKY130_FD_SC_HD__LPFLOW_CLKBUFKAPWR_2
Flatten schematic circuit (no layout): SKY130_FD_SC_HD__LPFLOW_CLKBUFKAPWR_4
Flatten schematic circuit (no layout): SKY130_FD_SC_HD__LPFLOW_CLKBUFKAPWR_8
Flatten schematic circuit (no layout): SKY130_FD_SC_HD__LPFLOW_CLKINVKAPWR_1
Flatten schematic circuit (no layout): SKY130_FD_SC_HD__LPFLOW_CLKINVKAPWR_16
Flatten schematic circuit (no layout): SKY130_FD_SC_HD__LPFLOW_CLKINVKAPWR_2
Flatten schematic circuit (no layout): SKY130_FD_SC_HD__LPFLOW_CLKINVKAPWR_4
Flatten schematic circuit (no layout): SKY130_FD_SC_HD__LPFLOW_CLKINVKAPWR_8
Flatten schematic circuit (no layout): SKY130_FD_SC_HD__LPFLOW_DECAPKAPWR_12
Flatten schematic circuit (no layout): SKY130_FD_SC_HD__LPFLOW_DECAPKAPWR_3
Flatten schematic circuit (no layout): SKY130_FD_SC_HD__LPFLOW_DECAPKAPWR_4
Flatten schematic circuit (no layout): SKY130_FD_SC_HD__LPFLOW_DECAPKAPWR_6
Flatten schematic circuit (no layout): SKY130_FD_SC_HD__LPFLOW_DECAPKAPWR_8
Flatten schematic circuit (no layout): SKY130_FD_SC_HD__LPFLOW_INPUTISO0N_1
Flatten schematic circuit (no layout): SKY130_FD_SC_HD__LPFLOW_INPUTISO0P_1
Flatten schematic circuit (no layout): SKY130_FD_SC_HD__LPFLOW_INPUTISO1N_1
Flatten schematic circuit (no layout): SKY130_FD_SC_HD__LPFLOW_INPUTISO1P_1
Flatten schematic circuit (no layout): SKY130_FD_SC_HD__LPFLOW_INPUTISOLATCH_1
Flatten schematic circuit (no layout): SKY130_FD_SC_HD__LPFLOW_ISOBUFSRCKAPWR_16
Flatten schematic circuit (no layout): SKY130_FD_SC_HD__LPFLOW_ISOBUFSRC_1
Flatten schematic circuit (no layout): SKY130_FD_SC_HD__LPFLOW_ISOBUFSRC_16
Flatten schematic circuit (no layout): SKY130_FD_SC_HD__LPFLOW_ISOBUFSRC_2
Flatten schematic circuit (no layout): SKY130_FD_SC_HD__LPFLOW_ISOBUFSRC_4
Flatten schematic circuit (no layout): SKY130_FD_SC_HD__LPFLOW_ISOBUFSRC_8
Flatten schematic circuit (no layout): SKY130_FD_SC_HD__LPFLOW_LSBUF_LH_HL_ISOWELL_TAP_1
Flatten schematic circuit (no layout): SKY130_FD_SC_HD__LPFLOW_LSBUF_LH_HL_ISOWELL_TAP_2
Flatten schematic circuit (no layout): SKY130_FD_SC_HD__LPFLOW_LSBUF_LH_HL_ISOWELL_TAP_4
Flatten schematic circuit (no layout): SKY130_FD_SC_HD__LPFLOW_LSBUF_LH_ISOWELL_4
Flatten schematic circuit (no layout): SKY130_FD_SC_HD__LPFLOW_LSBUF_LH_ISOWELL_TAP_1
Flatten schematic circuit (no layout): SKY130_FD_SC_HD__LPFLOW_LSBUF_LH_ISOWELL_TAP_2
Flatten schematic circuit (no layout): SKY130_FD_SC_HD__LPFLOW_LSBUF_LH_ISOWELL_TAP_4
Flatten schematic circuit (no layout): SKY130_FD_SC_HD__MACRO_SPARECELL
Flatten schematic circuit (no layout): SKY130_FD_SC_HD__MAJ3_1
Flatten schematic circuit (no layout): SKY130_FD_SC_HD__MAJ3_2
Flatten schematic circuit (no layout): SKY130_FD_SC_HD__MAJ3_4
Flatten schematic circuit (no layout): SKY130_FD_SC_HD__MUX2I_2
Flatten schematic circuit (no layout): SKY130_FD_SC_HD__MUX2I_4
Flatten schematic circuit (no layout): SKY130_FD_SC_HD__MUX2_1
Flatten schematic circuit (no layout): SKY130_FD_SC_HD__MUX2_8
Flatten schematic circuit (no layout): SKY130_FD_SC_HD__MUX4_1
Flatten schematic circuit (no layout): SKY130_FD_SC_HD__MUX4_2
Flatten schematic circuit (no layout): SKY130_FD_SC_HD__MUX4_4
Flatten schematic circuit (no layout): SKY130_FD_SC_HD__NAND2B_2
Flatten schematic circuit (no layout): SKY130_FD_SC_HD__NAND2_8
Flatten schematic circuit (no layout): SKY130_FD_SC_HD__NAND3B_2
Flatten schematic circuit (no layout): SKY130_FD_SC_HD__NAND3B_4
Flatten schematic circuit (no layout): SKY130_FD_SC_HD__NAND4BB_1
Flatten schematic circuit (no layout): SKY130_FD_SC_HD__NAND4BB_2
Flatten schematic circuit (no layout): SKY130_FD_SC_HD__NAND4BB_4
Flatten schematic circuit (no layout): SKY130_FD_SC_HD__NAND4B_2
Flatten schematic circuit (no layout): SKY130_FD_SC_HD__NAND4B_4
Flatten schematic circuit (no layout): SKY130_FD_SC_HD__NAND4_2
Flatten schematic circuit (no layout): SKY130_FD_SC_HD__NAND4_4
Flatten schematic circuit (no layout): SKY130_FD_SC_HD__NOR2_8
Flatten schematic circuit (no layout): SKY130_FD_SC_HD__NOR3B_4
Flatten schematic circuit (no layout): SKY130_FD_SC_HD__NOR4BB_2
Flatten schematic circuit (no layout): SKY130_FD_SC_HD__NOR4BB_4
Flatten schematic circuit (no layout): SKY130_FD_SC_HD__NOR4B_4
Flatten schematic circuit (no layout): SKY130_FD_SC_HD__NOR4_4
Flatten schematic circuit (no layout): SKY130_FD_SC_HD__O2111AI_4
Flatten schematic circuit (no layout): SKY130_FD_SC_HD__O2111A_4
Flatten schematic circuit (no layout): SKY130_FD_SC_HD__O211AI_2
Flatten schematic circuit (no layout): SKY130_FD_SC_HD__O211AI_4
Flatten schematic circuit (no layout): SKY130_FD_SC_HD__O211A_2
Flatten schematic circuit (no layout): SKY130_FD_SC_HD__O21A_2
Flatten schematic circuit (no layout): SKY130_FD_SC_HD__O21A_4
Flatten schematic circuit (no layout): SKY130_FD_SC_HD__O21BAI_4
Flatten schematic circuit (no layout): SKY130_FD_SC_HD__O21BA_1
Flatten schematic circuit (no layout): SKY130_FD_SC_HD__O21BA_2
Flatten schematic circuit (no layout): SKY130_FD_SC_HD__O21BA_4
Flatten schematic circuit (no layout): SKY130_FD_SC_HD__O221A_1
Flatten schematic circuit (no layout): SKY130_FD_SC_HD__O221A_2
Flatten schematic circuit (no layout): SKY130_FD_SC_HD__O221A_4
Flatten schematic circuit (no layout): SKY130_FD_SC_HD__O22AI_2
Flatten schematic circuit (no layout): SKY130_FD_SC_HD__O22AI_4
Flatten schematic circuit (no layout): SKY130_FD_SC_HD__O22A_2
Flatten schematic circuit (no layout): SKY130_FD_SC_HD__O22A_4
Flatten schematic circuit (no layout): SKY130_FD_SC_HD__O2BB2AI_2
Flatten schematic circuit (no layout): SKY130_FD_SC_HD__O2BB2AI_4
Flatten schematic circuit (no layout): SKY130_FD_SC_HD__O2BB2A_1
Flatten schematic circuit (no layout): SKY130_FD_SC_HD__O2BB2A_2
Flatten schematic circuit (no layout): SKY130_FD_SC_HD__O2BB2A_4
Flatten schematic circuit (no layout): SKY130_FD_SC_HD__O311AI_0
Flatten schematic circuit (no layout): SKY130_FD_SC_HD__O311AI_1
Flatten schematic circuit (no layout): SKY130_FD_SC_HD__O311AI_2
Flatten schematic circuit (no layout): SKY130_FD_SC_HD__O311A_1
Flatten schematic circuit (no layout): SKY130_FD_SC_HD__O311A_2
Flatten schematic circuit (no layout): SKY130_FD_SC_HD__O311A_4
Flatten schematic circuit (no layout): SKY130_FD_SC_HD__O31A_2
Flatten schematic circuit (no layout): SKY130_FD_SC_HD__O31A_4
Flatten schematic circuit (no layout): SKY130_FD_SC_HD__O32AI_1
Flatten schematic circuit (no layout): SKY130_FD_SC_HD__O32AI_2
Flatten schematic circuit (no layout): SKY130_FD_SC_HD__O32AI_4
Flatten schematic circuit (no layout): SKY130_FD_SC_HD__O32A_1
Flatten schematic circuit (no layout): SKY130_FD_SC_HD__O32A_2
Flatten schematic circuit (no layout): SKY130_FD_SC_HD__O32A_4
Flatten schematic circuit (no layout): SKY130_FD_SC_HD__O41AI_1
Flatten schematic circuit (no layout): SKY130_FD_SC_HD__O41AI_2
Flatten schematic circuit (no layout): SKY130_FD_SC_HD__O41A_1
Flatten schematic circuit (no layout): SKY130_FD_SC_HD__O41A_2
Flatten schematic circuit (no layout): SKY130_FD_SC_HD__O41A_4
Flatten schematic circuit (no layout): SKY130_FD_SC_HD__OR2B_1
Flatten schematic circuit (no layout): SKY130_FD_SC_HD__OR2B_2
Flatten schematic circuit (no layout): SKY130_FD_SC_HD__OR2B_4
Flatten schematic circuit (no layout): SKY130_FD_SC_HD__OR2_0
Flatten schematic circuit (no layout): SKY130_FD_SC_HD__OR2_1
Flatten schematic circuit (no layout): SKY130_FD_SC_HD__OR3B_1
Flatten schematic circuit (no layout): SKY130_FD_SC_HD__OR3B_2
Flatten schematic circuit (no layout): SKY130_FD_SC_HD__OR3_2
Flatten schematic circuit (no layout): SKY130_FD_SC_HD__OR4BB_1
Flatten schematic circuit (no layout): SKY130_FD_SC_HD__OR4BB_2
Flatten schematic circuit (no layout): SKY130_FD_SC_HD__OR4BB_4
Flatten schematic circuit (no layout): SKY130_FD_SC_HD__OR4B_1
Flatten schematic circuit (no layout): SKY130_FD_SC_HD__OR4B_2
Flatten schematic circuit (no layout): SKY130_FD_SC_HD__OR4B_4
Flatten schematic circuit (no layout): SKY130_FD_SC_HD__OR4_2
Flatten schematic circuit (no layout): SKY130_FD_SC_HD__OR4_4
Flatten schematic circuit (no layout): SKY130_FD_SC_HD__PROBEC_P_8
Flatten schematic circuit (no layout): SKY130_FD_SC_HD__PROBE_P_8
Flatten schematic circuit (no layout): SKY130_FD_SC_HD__SDFBBN_1
Flatten schematic circuit (no layout): SKY130_FD_SC_HD__SDFBBN_2
Flatten schematic circuit (no layout): SKY130_FD_SC_HD__SDFBBP_1
Flatten schematic circuit (no layout): SKY130_FD_SC_HD__SDFRBP_1
Flatten schematic circuit (no layout): SKY130_FD_SC_HD__SDFRBP_2
Flatten schematic circuit (no layout): SKY130_FD_SC_HD__SDFRTN_1
Flatten schematic circuit (no layout): SKY130_FD_SC_HD__SDFRTP_1
Flatten schematic circuit (no layout): SKY130_FD_SC_HD__SDFRTP_2
Flatten schematic circuit (no layout): SKY130_FD_SC_HD__SDFRTP_4
Flatten schematic circuit (no layout): SKY130_FD_SC_HD__SDFSBP_1
Flatten schematic circuit (no layout): SKY130_FD_SC_HD__SDFSBP_2
Flatten schematic circuit (no layout): SKY130_FD_SC_HD__SDFSTP_1
Flatten schematic circuit (no layout): SKY130_FD_SC_HD__SDFSTP_2
Flatten schematic circuit (no layout): SKY130_FD_SC_HD__SDFSTP_4
Flatten schematic circuit (no layout): SKY130_FD_SC_HD__SDFXBP_1
Flatten schematic circuit (no layout): SKY130_FD_SC_HD__SDFXBP_2
Flatten schematic circuit (no layout): SKY130_FD_SC_HD__SDFXTP_1
Flatten schematic circuit (no layout): SKY130_FD_SC_HD__SDFXTP_2
Flatten schematic circuit (no layout): SKY130_FD_SC_HD__SDFXTP_4
Flatten schematic circuit (no layout): SKY130_FD_SC_HD__SDLCLKP_1
Flatten schematic circuit (no layout): SKY130_FD_SC_HD__SDLCLKP_2
Flatten schematic circuit (no layout): SKY130_FD_SC_HD__SDLCLKP_4
Flatten schematic circuit (no layout): SKY130_FD_SC_HD__SEDFXBP_1
Flatten schematic circuit (no layout): SKY130_FD_SC_HD__SEDFXBP_2
Flatten schematic circuit (no layout): SKY130_FD_SC_HD__SEDFXTP_1
Flatten schematic circuit (no layout): SKY130_FD_SC_HD__SEDFXTP_2
Flatten schematic circuit (no layout): SKY130_FD_SC_HD__SEDFXTP_4
Flatten schematic circuit (no layout): SKY130_FD_SC_HD__TAPVGND2_1
Flatten schematic circuit (no layout): SKY130_FD_SC_HD__TAPVGND_1
Flatten schematic circuit (no layout): SKY130_FD_SC_HD__TAP_1
Flatten schematic circuit (no layout): SKY130_FD_SC_HD__TAP_2
Flatten schematic circuit (no layout): SKY130_FD_SC_HD__XNOR3_2
Flatten schematic circuit (no layout): SKY130_FD_SC_HD__XNOR3_4
Flatten schematic circuit (no layout): SKY130_FD_SC_HD__XOR2_4
Flatten schematic circuit (no layout): SKY130_FD_SC_HD__XOR3_1
Flatten schematic circuit (no layout): SKY130_FD_SC_HD__XOR3_2
Flatten schematic circuit (no layout): SKY130_FD_SC_HD__XOR3_4
Writing netlist: /home/user/chip/build/pd_sep/results/sky130hd/orbit_demo/sep/orbit_demo_extracted.cir ..
Writing LVS database: /home/user/chip/build/pd_sep/results/sky130hd/orbit_demo/sep/6_lvs.lvsdb ..
Total elapsed: 39.870s  Memory: 576.00M
INFO : Congratulations! Netlists match.
Elapsed time: 0:42.84[h:]min:sec. CPU time: user 41.72 sys 0.43 (98%). Peak memory: 598852KB.
