
==========================================================================
floorplan final report_tns
--------------------------------------------------------------------------
tns max -12.94

==========================================================================
floorplan final report_wns
--------------------------------------------------------------------------
wns max -0.28

==========================================================================
floorplan final report_worst_slack
--------------------------------------------------------------------------
worst slack max -0.28

==========================================================================
floorplan final report_clock_min_period
--------------------------------------------------------------------------
clk period_min = 7.48 fmax = 133.72

==========================================================================
floorplan final report_checks -path_delay min
--------------------------------------------------------------------------
Startpoint: u_thermal.phase$_SDFF_PN0_
            (rising edge-triggered flip-flop clocked by clk)
Endpoint: u_thermal.phase$_SDFF_PN0_
          (rising edge-triggered flip-flop clocked by clk)
Path Group: clk
Path Type: min

Fanout     Cap    Slew   Delay    Time   Description
-----------------------------------------------------------------------------
                  0.00    0.00    0.00   clock clk (rise edge)
                          0.00    0.00   clock network delay (ideal)
                  0.00    0.00    0.00 ^ u_thermal.phase$_SDFF_PN0_/CLK (sky130_fd_sc_hd__dfxtp_1)
     2    0.00    0.06    0.30    0.30 ^ u_thermal.phase$_SDFF_PN0_/Q (sky130_fd_sc_hd__dfxtp_1)
                                         u_thermal.phase (net)
                  0.06    0.00    0.30 ^ _6754_/A (sky130_fd_sc_hd__nor4bb_1)
     1    0.00    0.03    0.04    0.34 v _6754_/Y (sky130_fd_sc_hd__nor4bb_1)
                                         _1126_ (net)
                  0.03    0.00    0.34 v u_thermal.phase$_SDFF_PN0_/D (sky130_fd_sc_hd__dfxtp_1)
                                  0.34   data arrival time

                  0.00    0.00    0.00   clock clk (rise edge)
                          0.00    0.00   clock network delay (ideal)
                          0.00    0.00   clock reconvergence pessimism
                                  0.00 ^ u_thermal.phase$_SDFF_PN0_/CLK (sky130_fd_sc_hd__dfxtp_1)
                         -0.06   -0.06   library hold time
                                 -0.06   data required time
-----------------------------------------------------------------------------
                                 -0.06   data required time
                                 -0.34   data arrival time
-----------------------------------------------------------------------------
                                  0.40   slack (MET)



==========================================================================
floorplan final report_checks -path_delay max
--------------------------------------------------------------------------
Startpoint: in_b[16] (input port clocked by clk)
Endpoint: g_lane[2].u_lane.u_acc_a/q[29]$_SDFFE_PN0P_
          (rising edge-triggered flip-flop clocked by clk)
Path Group: clk
Path Type: max

Fanout     Cap    Slew   Delay    Time   Description
-----------------------------------------------------------------------------
                  0.00    0.00    0.00   clock clk (rise edge)
                          0.00    0.00   clock network delay (ideal)
                          1.44    1.44 v input external delay
     8    0.01    0.00    0.00    1.44 v in_b[16] (in)
                                         in_b[16] (net)
                  0.00    0.00    1.44 v _4236_/B (sky130_fd_sc_hd__and2_4)
     2    0.01    0.04    0.14    1.58 v _4236_/X (sky130_fd_sc_hd__and2_4)
                                         _0032_ (net)
                  0.04    0.00    1.58 v _6850_/A (sky130_fd_sc_hd__fa_1)
     1    0.00    0.07    0.54    2.12 ^ _6850_/SUM (sky130_fd_sc_hd__fa_1)
                                         _3454_ (net)
                  0.07    0.00    2.12 ^ _6837_/CIN (sky130_fd_sc_hd__fa_1)
     1    0.01    0.10    0.43    2.55 v _6837_/SUM (sky130_fd_sc_hd__fa_1)
                                         _3458_ (net)
                  0.10    0.00    2.55 v _7027_/A (sky130_fd_sc_hd__fa_1)
     1    0.00    0.07    0.56    3.11 ^ _7027_/SUM (sky130_fd_sc_hd__fa_1)
                                         _3794_ (net)
                  0.07    0.00    3.11 ^ _6966_/CIN (sky130_fd_sc_hd__fa_1)
     1    0.00    0.08    0.41    3.52 v _6966_/SUM (sky130_fd_sc_hd__fa_1)
                                         _3797_ (net)
                  0.08    0.00    3.52 v _7120_/B (sky130_fd_sc_hd__ha_1)
     3    0.01    0.08    0.31    3.82 ^ _7120_/SUM (sky130_fd_sc_hd__ha_1)
                                         _0385_ (net)
                  0.08    0.00    3.82 ^ _4034_/B1 (sky130_fd_sc_hd__o21ai_1)
     1    0.00    0.04    0.06    3.89 v _4034_/Y (sky130_fd_sc_hd__o21ai_1)
                                         _1445_ (net)
                  0.04    0.00    3.89 v _4035_/A (sky130_fd_sc_hd__nor2_1)
     3    0.01    0.19    0.18    4.07 ^ _4035_/Y (sky130_fd_sc_hd__nor2_1)
                                         _1446_ (net)
                  0.19    0.00    4.07 ^ _4039_/A3 (sky130_fd_sc_hd__o41ai_2)
     3    0.01    0.07    0.11    4.18 v _4039_/Y (sky130_fd_sc_hd__o41ai_2)
                                         _1450_ (net)
                  0.07    0.00    4.18 v _4084_/A2 (sky130_fd_sc_hd__o2111ai_1)
     1    0.00    0.15    0.17    4.35 ^ _4084_/Y (sky130_fd_sc_hd__o2111ai_1)
                                         _1484_ (net)
                  0.15    0.00    4.35 ^ _4086_/C1 (sky130_fd_sc_hd__o211ai_1)
     1    0.02    0.19    0.20    4.55 v _4086_/Y (sky130_fd_sc_hd__o211ai_1)
                                         _1486_ (net)
                  0.19    0.00    4.55 v _4087_/A (sky130_fd_sc_hd__xnor2_4)
    34    0.15    1.09    0.91    5.47 ^ _4087_/Y (sky130_fd_sc_hd__xnor2_4)
                                         g_lane[2].u_lane.prod[15] (net)
                  1.09    0.00    5.47 ^ _7103_/B (sky130_fd_sc_hd__ha_4)
     6    0.01    0.05    0.34    5.80 v _7103_/SUM (sky130_fd_sc_hd__ha_4)
                                         _0346_ (net)
                  0.05    0.00    5.80 v _5065_/A2 (sky130_fd_sc_hd__a21o_1)
     2    0.00    0.04    0.18    5.98 v _5065_/X (sky130_fd_sc_hd__a21o_1)
                                         _2000_ (net)
                  0.04    0.00    5.98 v _5066_/A1 (sky130_fd_sc_hd__a21o_1)
     1    0.00    0.04    0.16    6.14 v _5066_/X (sky130_fd_sc_hd__a21o_1)
                                         _2001_ (net)
                  0.04    0.00    6.14 v _5067_/A1 (sky130_fd_sc_hd__a221oi_2)
     1    0.00    0.16    0.21    6.35 ^ _5067_/Y (sky130_fd_sc_hd__a221oi_2)
                                         _2002_ (net)
                  0.16    0.00    6.35 ^ _5068_/B1 (sky130_fd_sc_hd__o21ai_1)
     3    0.01    0.08    0.12    6.47 v _5068_/Y (sky130_fd_sc_hd__o21ai_1)
                                         _2003_ (net)
                  0.08    0.00    6.47 v _5069_/A2 (sky130_fd_sc_hd__o2111a_1)
     2    0.01    0.07    0.27    6.74 v _5069_/X (sky130_fd_sc_hd__o2111a_1)
                                         _2004_ (net)
                  0.07    0.00    6.74 v _5073_/A3 (sky130_fd_sc_hd__o31ai_2)
     2    0.00    0.20    0.20    6.93 ^ _5073_/Y (sky130_fd_sc_hd__o31ai_2)
                                         _2008_ (net)
                  0.20    0.00    6.93 ^ _5075_/A1 (sky130_fd_sc_hd__a21oi_1)
     1    0.00    0.07    0.10    7.04 v _5075_/Y (sky130_fd_sc_hd__a21oi_1)
                                         _2010_ (net)
                  0.07    0.00    7.04 v _5077_/A (sky130_fd_sc_hd__nor3b_2)
     2    0.00    0.15    0.19    7.23 ^ _5077_/Y (sky130_fd_sc_hd__nor3b_2)
                                         _1276_ (net)
                  0.15    0.00    7.23 ^ g_lane[2].u_lane.u_acc_a/_140_/A1 (sky130_fd_sc_hd__mux2i_1)
     1    0.00    0.06    0.09    7.32 v g_lane[2].u_lane.u_acc_a/_140_/Y (sky130_fd_sc_hd__mux2i_1)
                                         g_lane[2].u_lane.u_acc_a/_069_ (net)
                  0.06    0.00    7.32 v g_lane[2].u_lane.u_acc_a/_141_/A (sky130_fd_sc_hd__nor2b_1)
     1    0.00    0.07    0.09    7.41 ^ g_lane[2].u_lane.u_acc_a/_141_/Y (sky130_fd_sc_hd__nor2b_1)
                                         g_lane[2].u_lane.u_acc_a/_031_ (net)
                  0.07    0.00    7.41 ^ g_lane[2].u_lane.u_acc_a/q[29]$_SDFFE_PN0P_/D (sky130_fd_sc_hd__dfxtp_1)
                                  7.41   data arrival time

                  0.00    7.20    7.20   clock clk (rise edge)
                          0.00    7.20   clock network delay (ideal)
                          0.00    7.20   clock reconvergence pessimism
                                  7.20 ^ g_lane[2].u_lane.u_acc_a/q[29]$_SDFFE_PN0P_/CLK (sky130_fd_sc_hd__dfxtp_1)
                         -0.07    7.13   library setup time
                                  7.13   data required time
-----------------------------------------------------------------------------
                                  7.13   data required time
                                 -7.41   data arrival time
-----------------------------------------------------------------------------
                                 -0.28   slack (VIOLATED)



==========================================================================
floorplan final report_checks -unconstrained
--------------------------------------------------------------------------
Startpoint: in_b[16] (input port clocked by clk)
Endpoint: g_lane[2].u_lane.u_acc_a/q[29]$_SDFFE_PN0P_
          (rising edge-triggered flip-flop clocked by clk)
Path Group: clk
Path Type: max

Fanout     Cap    Slew   Delay    Time   Description
-----------------------------------------------------------------------------
                  0.00    0.00    0.00   clock clk (rise edge)
                          0.00    0.00   clock network delay (ideal)
                          1.44    1.44 v input external delay
     8    0.01    0.00    0.00    1.44 v in_b[16] (in)
                                         in_b[16] (net)
                  0.00    0.00    1.44 v _4236_/B (sky130_fd_sc_hd__and2_4)
     2    0.01    0.04    0.14    1.58 v _4236_/X (sky130_fd_sc_hd__and2_4)
                                         _0032_ (net)
                  0.04    0.00    1.58 v _6850_/A (sky130_fd_sc_hd__fa_1)
     1    0.00    0.07    0.54    2.12 ^ _6850_/SUM (sky130_fd_sc_hd__fa_1)
                                         _3454_ (net)
                  0.07    0.00    2.12 ^ _6837_/CIN (sky130_fd_sc_hd__fa_1)
     1    0.01    0.10    0.43    2.55 v _6837_/SUM (sky130_fd_sc_hd__fa_1)
                                         _3458_ (net)
                  0.10    0.00    2.55 v _7027_/A (sky130_fd_sc_hd__fa_1)
     1    0.00    0.07    0.56    3.11 ^ _7027_/SUM (sky130_fd_sc_hd__fa_1)
                                         _3794_ (net)
                  0.07    0.00    3.11 ^ _6966_/CIN (sky130_fd_sc_hd__fa_1)
     1    0.00    0.08    0.41    3.52 v _6966_/SUM (sky130_fd_sc_hd__fa_1)
                                         _3797_ (net)
                  0.08    0.00    3.52 v _7120_/B (sky130_fd_sc_hd__ha_1)
     3    0.01    0.08    0.31    3.82 ^ _7120_/SUM (sky130_fd_sc_hd__ha_1)
                                         _0385_ (net)
                  0.08    0.00    3.82 ^ _4034_/B1 (sky130_fd_sc_hd__o21ai_1)
     1    0.00    0.04    0.06    3.89 v _4034_/Y (sky130_fd_sc_hd__o21ai_1)
                                         _1445_ (net)
                  0.04    0.00    3.89 v _4035_/A (sky130_fd_sc_hd__nor2_1)
     3    0.01    0.19    0.18    4.07 ^ _4035_/Y (sky130_fd_sc_hd__nor2_1)
                                         _1446_ (net)
                  0.19    0.00    4.07 ^ _4039_/A3 (sky130_fd_sc_hd__o41ai_2)
     3    0.01    0.07    0.11    4.18 v _4039_/Y (sky130_fd_sc_hd__o41ai_2)
                                         _1450_ (net)
                  0.07    0.00    4.18 v _4084_/A2 (sky130_fd_sc_hd__o2111ai_1)
     1    0.00    0.15    0.17    4.35 ^ _4084_/Y (sky130_fd_sc_hd__o2111ai_1)
                                         _1484_ (net)
                  0.15    0.00    4.35 ^ _4086_/C1 (sky130_fd_sc_hd__o211ai_1)
     1    0.02    0.19    0.20    4.55 v _4086_/Y (sky130_fd_sc_hd__o211ai_1)
                                         _1486_ (net)
                  0.19    0.00    4.55 v _4087_/A (sky130_fd_sc_hd__xnor2_4)
    34    0.15    1.09    0.91    5.47 ^ _4087_/Y (sky130_fd_sc_hd__xnor2_4)
                                         g_lane[2].u_lane.prod[15] (net)
                  1.09    0.00    5.47 ^ _7103_/B (sky130_fd_sc_hd__ha_4)
     6    0.01    0.05    0.34    5.80 v _7103_/SUM (sky130_fd_sc_hd__ha_4)
                                         _0346_ (net)
                  0.05    0.00    5.80 v _5065_/A2 (sky130_fd_sc_hd__a21o_1)
     2    0.00    0.04    0.18    5.98 v _5065_/X (sky130_fd_sc_hd__a21o_1)
                                         _2000_ (net)
                  0.04    0.00    5.98 v _5066_/A1 (sky130_fd_sc_hd__a21o_1)
     1    0.00    0.04    0.16    6.14 v _5066_/X (sky130_fd_sc_hd__a21o_1)
                                         _2001_ (net)
                  0.04    0.00    6.14 v _5067_/A1 (sky130_fd_sc_hd__a221oi_2)
     1    0.00    0.16    0.21    6.35 ^ _5067_/Y (sky130_fd_sc_hd__a221oi_2)
                                         _2002_ (net)
                  0.16    0.00    6.35 ^ _5068_/B1 (sky130_fd_sc_hd__o21ai_1)
     3    0.01    0.08    0.12    6.47 v _5068_/Y (sky130_fd_sc_hd__o21ai_1)
                                         _2003_ (net)
                  0.08    0.00    6.47 v _5069_/A2 (sky130_fd_sc_hd__o2111a_1)
     2    0.01    0.07    0.27    6.74 v _5069_/X (sky130_fd_sc_hd__o2111a_1)
                                         _2004_ (net)
                  0.07    0.00    6.74 v _5073_/A3 (sky130_fd_sc_hd__o31ai_2)
     2    0.00    0.20    0.20    6.93 ^ _5073_/Y (sky130_fd_sc_hd__o31ai_2)
                                         _2008_ (net)
                  0.20    0.00    6.93 ^ _5075_/A1 (sky130_fd_sc_hd__a21oi_1)
     1    0.00    0.07    0.10    7.04 v _5075_/Y (sky130_fd_sc_hd__a21oi_1)
                                         _2010_ (net)
                  0.07    0.00    7.04 v _5077_/A (sky130_fd_sc_hd__nor3b_2)
     2    0.00    0.15    0.19    7.23 ^ _5077_/Y (sky130_fd_sc_hd__nor3b_2)
                                         _1276_ (net)
                  0.15    0.00    7.23 ^ g_lane[2].u_lane.u_acc_a/_140_/A1 (sky130_fd_sc_hd__mux2i_1)
     1    0.00    0.06    0.09    7.32 v g_lane[2].u_lane.u_acc_a/_140_/Y (sky130_fd_sc_hd__mux2i_1)
                                         g_lane[2].u_lane.u_acc_a/_069_ (net)
                  0.06    0.00    7.32 v g_lane[2].u_lane.u_acc_a/_141_/A (sky130_fd_sc_hd__nor2b_1)
     1    0.00    0.07    0.09    7.41 ^ g_lane[2].u_lane.u_acc_a/_141_/Y (sky130_fd_sc_hd__nor2b_1)
                                         g_lane[2].u_lane.u_acc_a/_031_ (net)
                  0.07    0.00    7.41 ^ g_lane[2].u_lane.u_acc_a/q[29]$_SDFFE_PN0P_/D (sky130_fd_sc_hd__dfxtp_1)
                                  7.41   data arrival time

                  0.00    7.20    7.20   clock clk (rise edge)
                          0.00    7.20   clock network delay (ideal)
                          0.00    7.20   clock reconvergence pessimism
                                  7.20 ^ g_lane[2].u_lane.u_acc_a/q[29]$_SDFFE_PN0P_/CLK (sky130_fd_sc_hd__dfxtp_1)
                         -0.07    7.13   library setup time
                                  7.13   data required time
-----------------------------------------------------------------------------
                                  7.13   data required time
                                 -7.41   data arrival time
-----------------------------------------------------------------------------
                                 -0.28   slack (VIOLATED)



==========================================================================
floorplan final report_power
--------------------------------------------------------------------------
Group                  Internal  Switching    Leakage      Total
                          Power      Power      Power      Power (Watts)
----------------------------------------------------------------
Sequential             3.76e-03   4.07e-04   4.25e-09   4.16e-03  17.3%
Combinational          1.01e-02   9.78e-03   1.72e-08   1.99e-02  82.7%
Clock                  0.00e+00   0.00e+00   0.00e+00   0.00e+00   0.0%
Macro                  0.00e+00   0.00e+00   0.00e+00   0.00e+00   0.0%
Pad                    0.00e+00   0.00e+00   0.00e+00   0.00e+00   0.0%
----------------------------------------------------------------
Total                  1.39e-02   1.02e-02   2.14e-08   2.40e-02 100.0%
                          57.6%      42.4%       0.0%
