
==========================================================================
cts final report_tns
--------------------------------------------------------------------------
tns max -0.30

==========================================================================
cts final report_wns
--------------------------------------------------------------------------
wns max -0.09

==========================================================================
cts final report_worst_slack
--------------------------------------------------------------------------
worst slack max -0.09

==========================================================================
cts final report_clock_min_period
--------------------------------------------------------------------------
clk period_min = 7.29 fmax = 137.19

==========================================================================
cts final report_clock_skew
--------------------------------------------------------------------------
Clock clk
   0.66 source latency u_thermal.u_copy0/q[0]$_SDFFE_PN0P_/CLK ^
  -0.62 target latency g_lane[0].u_lane.u_acc_b/q[15]$_SDFFE_PN0P_/CLK ^
   0.00 CRPR
--------------
   0.04 setup skew


==========================================================================
cts final report_checks -path_delay min
--------------------------------------------------------------------------
Startpoint: u_thermal.phase$_SDFF_PN0_
            (rising edge-triggered flip-flop clocked by clk)
Endpoint: u_thermal.phase$_SDFF_PN0_
          (rising edge-triggered flip-flop clocked by clk)
Path Group: clk
Path Type: min

Fanout     Cap    Slew   Delay    Time   Description
-----------------------------------------------------------------------------
                          0.00    0.00   clock clk (rise edge)
                          0.00    0.00   clock source latency
     1    0.08    0.00    0.00    0.00 ^ clk (in)
                                         clk (net)
                  0.00    0.00    0.00 ^ clkbuf_0_clk/A (sky130_fd_sc_hd__clkbuf_16)
     4    0.12    0.14    0.19    0.19 ^ clkbuf_0_clk/X (sky130_fd_sc_hd__clkbuf_16)
                                         clknet_0_clk (net)
                  0.14    0.00    0.19 ^ clkbuf_2_1__f_clk/A (sky130_fd_sc_hd__clkbuf_16)
    13    0.17    0.18    0.27    0.46 ^ clkbuf_2_1__f_clk/X (sky130_fd_sc_hd__clkbuf_16)
                                         clknet_2_1__leaf_clk (net)
                  0.18    0.00    0.46 ^ clkbuf_leaf_9_clk/A (sky130_fd_sc_hd__clkbuf_16)
     5    0.05    0.07    0.19    0.66 ^ clkbuf_leaf_9_clk/X (sky130_fd_sc_hd__clkbuf_16)
                                         clknet_leaf_9_clk (net)
                  0.07    0.00    0.66 ^ u_thermal.phase$_SDFF_PN0_/CLK (sky130_fd_sc_hd__dfxtp_1)
     2    0.01    0.07    0.33    0.99 ^ u_thermal.phase$_SDFF_PN0_/Q (sky130_fd_sc_hd__dfxtp_1)
                                         u_thermal.phase (net)
                  0.07    0.00    0.99 ^ _6754_/A (sky130_fd_sc_hd__nor4bb_1)
     1    0.00    0.04    0.05    1.04 v _6754_/Y (sky130_fd_sc_hd__nor4bb_1)
                                         _1126_ (net)
                  0.04    0.00    1.04 v u_thermal.phase$_SDFF_PN0_/D (sky130_fd_sc_hd__dfxtp_1)
                                  1.04   data arrival time

                          0.00    0.00   clock clk (rise edge)
                          0.00    0.00   clock source latency
     1    0.08    0.00    0.00    0.00 ^ clk (in)
                                         clk (net)
                  0.00    0.00    0.00 ^ clkbuf_0_clk/A (sky130_fd_sc_hd__clkbuf_16)
     4    0.12    0.14    0.19    0.19 ^ clkbuf_0_clk/X (sky130_fd_sc_hd__clkbuf_16)
                                         clknet_0_clk (net)
                  0.14    0.00    0.19 ^ clkbuf_2_1__f_clk/A (sky130_fd_sc_hd__clkbuf_16)
    13    0.17    0.18    0.27    0.46 ^ clkbuf_2_1__f_clk/X (sky130_fd_sc_hd__clkbuf_16)
                                         clknet_2_1__leaf_clk (net)
                  0.18    0.00    0.46 ^ clkbuf_leaf_9_clk/A (sky130_fd_sc_hd__clkbuf_16)
     5    0.05    0.07    0.19    0.66 ^ clkbuf_leaf_9_clk/X (sky130_fd_sc_hd__clkbuf_16)
                                         clknet_leaf_9_clk (net)
                  0.07    0.00    0.66 ^ u_thermal.phase$_SDFF_PN0_/CLK (sky130_fd_sc_hd__dfxtp_1)
                          0.00    0.66   clock reconvergence pessimism
                         -0.04    0.61   library hold time
                                  0.61   data required time
-----------------------------------------------------------------------------
                                  0.61   data required time
                                 -1.04   data arrival time
-----------------------------------------------------------------------------
                                  0.43   slack (MET)



==========================================================================
cts final report_checks -path_delay max
--------------------------------------------------------------------------
Startpoint: in_a[21] (input port clocked by clk)
Endpoint: g_lane[2].u_lane.u_acc_a/q[29]$_SDFFE_PN0P_
          (rising edge-triggered flip-flop clocked by clk)
Path Group: clk
Path Type: max

Fanout     Cap    Slew   Delay    Time   Description
-----------------------------------------------------------------------------
                          0.00    0.00   clock clk (rise edge)
                          0.00    0.00   clock network delay (propagated)
                          1.44    1.44 ^ input external delay
     1    0.02    0.00    0.00    1.44 ^ in_a[21] (in)
                                         in_a[21] (net)
                  0.00    0.00    1.44 ^ input21/A (sky130_fd_sc_hd__dlygate4sd2_1)
     8    0.04    0.41    0.45    1.89 ^ input21/X (sky130_fd_sc_hd__dlygate4sd2_1)
                                         net20 (net)
                  0.42    0.01    1.90 ^ _4254_/A (sky130_fd_sc_hd__and2_4)
     1    0.01    0.05    0.23    2.13 ^ _4254_/X (sky130_fd_sc_hd__and2_4)
                                         _0020_ (net)
                  0.05    0.00    2.13 ^ _6846_/A (sky130_fd_sc_hd__fa_1)
     1    0.01    0.09    0.40    2.53 v _6846_/SUM (sky130_fd_sc_hd__fa_1)
                                         _3479_ (net)
                  0.09    0.00    2.53 v _6857_/CIN (sky130_fd_sc_hd__fa_1)
     1    0.01    0.08    0.51    3.04 ^ _6857_/SUM (sky130_fd_sc_hd__fa_1)
                                         _3510_ (net)
                  0.08    0.00    3.04 ^ _7027_/CIN (sky130_fd_sc_hd__fa_1)
     1    0.01    0.10    0.45    3.49 v _7027_/SUM (sky130_fd_sc_hd__fa_1)
                                         _3794_ (net)
                  0.10    0.00    3.49 v _6966_/CIN (sky130_fd_sc_hd__fa_1)
     1    0.01    0.14    0.57    4.05 ^ _6966_/SUM (sky130_fd_sc_hd__fa_1)
                                         _3797_ (net)
                  0.14    0.00    4.05 ^ _7120_/B (sky130_fd_sc_hd__ha_4)
     2    0.01    0.04    0.22    4.28 v _7120_/SUM (sky130_fd_sc_hd__ha_4)
                                         _0385_ (net)
                  0.04    0.00    4.28 v place1822/A (sky130_fd_sc_hd__buf_6)
     2    0.01    0.02    0.11    4.39 v place1822/X (sky130_fd_sc_hd__buf_6)
                                         net1820 (net)
                  0.02    0.00    4.39 v _4034_/B1 (sky130_fd_sc_hd__o21ai_2)
     1    0.01    0.10    0.05    4.44 ^ _4034_/Y (sky130_fd_sc_hd__o21ai_2)
                                         _1445_ (net)
                  0.10    0.00    4.44 ^ _4035_/A (sky130_fd_sc_hd__nor2_2)
     2    0.01    0.06    0.07    4.51 v _4035_/Y (sky130_fd_sc_hd__nor2_2)
                                         _1446_ (net)
                  0.06    0.00    4.51 v _4039_/A4 (sky130_fd_sc_hd__o41ai_4)
     3    0.02    0.36    0.31    4.82 ^ _4039_/Y (sky130_fd_sc_hd__o41ai_4)
                                         _1450_ (net)
                  0.36    0.00    4.82 ^ _4084_/A1 (sky130_fd_sc_hd__o2111ai_2)
     1    0.00    0.10    0.17    4.99 v _4084_/Y (sky130_fd_sc_hd__o2111ai_2)
                                         _1484_ (net)
                  0.10    0.00    4.99 v _4086_/B1 (sky130_fd_sc_hd__o211ai_1)
     1    0.02    0.40    0.23    5.22 ^ _4086_/Y (sky130_fd_sc_hd__o211ai_1)
                                         _1486_ (net)
                  0.40    0.00    5.22 ^ _4087_/B (sky130_fd_sc_hd__xnor2_4)
     2    0.02    0.19    0.18    5.40 ^ _4087_/Y (sky130_fd_sc_hd__xnor2_4)
                                         g_lane[2].u_lane.prod[15] (net)
                  0.19    0.00    5.40 ^ place1647/A (sky130_fd_sc_hd__buf_12)
     3    0.03    0.05    0.15    5.55 ^ place1647/X (sky130_fd_sc_hd__buf_12)
                                         net1645 (net)
                  0.05    0.00    5.55 ^ split/A (sky130_fd_sc_hd__buf_8)
     5    0.04    0.07    0.12    5.67 ^ split/X (sky130_fd_sc_hd__buf_8)
                                         net2013 (net)
                  0.07    0.00    5.67 ^ _7285_/A (sky130_fd_sc_hd__ha_4)
     2    0.01    0.04    0.20    5.87 v _7285_/SUM (sky130_fd_sc_hd__ha_4)
                                         _0787_ (net)
                  0.04    0.00    5.87 v _5016_/A2 (sky130_fd_sc_hd__a21o_1)
     2    0.01    0.06    0.20    6.07 v _5016_/X (sky130_fd_sc_hd__a21o_1)
                                         _1952_ (net)
                  0.06    0.00    6.07 v _5062_/A2 (sky130_fd_sc_hd__a41o_1)
     1    0.01    0.05    0.22    6.29 v _5062_/X (sky130_fd_sc_hd__a41o_1)
                                         _1997_ (net)
                  0.05    0.00    6.29 v _5063_/A2 (sky130_fd_sc_hd__a21oi_2)
     2    0.01    0.11    0.15    6.44 ^ _5063_/Y (sky130_fd_sc_hd__a21oi_2)
                                         _1998_ (net)
                  0.11    0.00    6.44 ^ _5064_/B1 (sky130_fd_sc_hd__o21a_1)
     1    0.01    0.08    0.16    6.60 ^ _5064_/X (sky130_fd_sc_hd__o21a_1)
                                         _1999_ (net)
                  0.08    0.00    6.60 ^ _5068_/A1 (sky130_fd_sc_hd__o21ai_2)
     2    0.01    0.08    0.08    6.68 v _5068_/Y (sky130_fd_sc_hd__o21ai_2)
                                         _2003_ (net)
                  0.08    0.00    6.68 v _5069_/A1 (sky130_fd_sc_hd__o2111a_1)
     2    0.01    0.07    0.29    6.97 v _5069_/X (sky130_fd_sc_hd__o2111a_1)
                                         _2004_ (net)
                  0.07    0.00    6.97 v _5073_/A3 (sky130_fd_sc_hd__o31ai_2)
     2    0.01    0.25    0.24    7.21 ^ _5073_/Y (sky130_fd_sc_hd__o31ai_2)
                                         _2008_ (net)
                  0.25    0.00    7.21 ^ _5076_/C (sky130_fd_sc_hd__nand3_1)
     1    0.00    0.06    0.10    7.32 v _5076_/Y (sky130_fd_sc_hd__nand3_1)
                                         _2011_ (net)
                  0.06    0.00    7.32 v _5077_/C_N (sky130_fd_sc_hd__nor3b_2)
     1    0.00    0.08    0.16    7.47 v _5077_/Y (sky130_fd_sc_hd__nor3b_2)
                                         _1276_ (net)
                  0.08    0.00    7.47 v rebuffer2030/A (sky130_fd_sc_hd__buf_4)
     2    0.02    0.04    0.17    7.64 v rebuffer2030/X (sky130_fd_sc_hd__buf_4)
                                         net2030 (net)
                  0.04    0.00    7.64 v g_lane[2].u_lane.u_acc_a/_140_/A1 (sky130_fd_sc_hd__mux2i_1)
     1    0.00    0.13    0.14    7.78 ^ g_lane[2].u_lane.u_acc_a/_140_/Y (sky130_fd_sc_hd__mux2i_1)
                                         g_lane[2].u_lane.u_acc_a/_069_ (net)
                  0.13    0.00    7.78 ^ g_lane[2].u_lane.u_acc_a/_141_/A (sky130_fd_sc_hd__nor2b_1)
     1    0.00    0.04    0.06    7.84 v g_lane[2].u_lane.u_acc_a/_141_/Y (sky130_fd_sc_hd__nor2b_1)
                                         g_lane[2].u_lane.u_acc_a/_031_ (net)
                  0.04    0.00    7.84 v g_lane[2].u_lane.u_acc_a/q[29]$_SDFFE_PN0P_/D (sky130_fd_sc_hd__dfxtp_1)
                                  7.84   data arrival time

                          7.20    7.20   clock clk (rise edge)
                          0.00    7.20   clock source latency
     1    0.08    0.00    0.00    7.20 ^ clk (in)
                                         clk (net)
                  0.00    0.00    7.20 ^ clkbuf_0_clk/A (sky130_fd_sc_hd__clkbuf_16)
     4    0.12    0.14    0.19    7.39 ^ clkbuf_0_clk/X (sky130_fd_sc_hd__clkbuf_16)
                                         clknet_0_clk (net)
                  0.14    0.00    7.39 ^ clkbuf_2_1__f_clk/A (sky130_fd_sc_hd__clkbuf_16)
    13    0.17    0.18    0.27    7.66 ^ clkbuf_2_1__f_clk/X (sky130_fd_sc_hd__clkbuf_16)
                                         clknet_2_1__leaf_clk (net)
                  0.18    0.00    7.66 ^ clkbuf_leaf_11_clk/A (sky130_fd_sc_hd__clkbuf_16)
    13    0.04    0.06    0.19    7.85 ^ clkbuf_leaf_11_clk/X (sky130_fd_sc_hd__clkbuf_16)
                                         clknet_leaf_11_clk (net)
                  0.06    0.00    7.85 ^ g_lane[2].u_lane.u_acc_a/q[29]$_SDFFE_PN0P_/CLK (sky130_fd_sc_hd__dfxtp_1)
                          0.00    7.85   clock reconvergence pessimism
                         -0.10    7.75   library setup time
                                  7.75   data required time
-----------------------------------------------------------------------------
                                  7.75   data required time
                                 -7.84   data arrival time
-----------------------------------------------------------------------------
                                 -0.09   slack (VIOLATED)



==========================================================================
cts final report_checks -unconstrained
--------------------------------------------------------------------------
Startpoint: in_a[21] (input port clocked by clk)
Endpoint: g_lane[2].u_lane.u_acc_a/q[29]$_SDFFE_PN0P_
          (rising edge-triggered flip-flop clocked by clk)
Path Group: clk
Path Type: max

Fanout     Cap    Slew   Delay    Time   Description
-----------------------------------------------------------------------------
                          0.00    0.00   clock clk (rise edge)
                          0.00    0.00   clock network delay (propagated)
                          1.44    1.44 ^ input external delay
     1    0.02    0.00    0.00    1.44 ^ in_a[21] (in)
                                         in_a[21] (net)
                  0.00    0.00    1.44 ^ input21/A (sky130_fd_sc_hd__dlygate4sd2_1)
     8    0.04    0.41    0.45    1.89 ^ input21/X (sky130_fd_sc_hd__dlygate4sd2_1)
                                         net20 (net)
                  0.42    0.01    1.90 ^ _4254_/A (sky130_fd_sc_hd__and2_4)
     1    0.01    0.05    0.23    2.13 ^ _4254_/X (sky130_fd_sc_hd__and2_4)
                                         _0020_ (net)
                  0.05    0.00    2.13 ^ _6846_/A (sky130_fd_sc_hd__fa_1)
     1    0.01    0.09    0.40    2.53 v _6846_/SUM (sky130_fd_sc_hd__fa_1)
                                         _3479_ (net)
                  0.09    0.00    2.53 v _6857_/CIN (sky130_fd_sc_hd__fa_1)
     1    0.01    0.08    0.51    3.04 ^ _6857_/SUM (sky130_fd_sc_hd__fa_1)
                                         _3510_ (net)
                  0.08    0.00    3.04 ^ _7027_/CIN (sky130_fd_sc_hd__fa_1)
     1    0.01    0.10    0.45    3.49 v _7027_/SUM (sky130_fd_sc_hd__fa_1)
                                         _3794_ (net)
                  0.10    0.00    3.49 v _6966_/CIN (sky130_fd_sc_hd__fa_1)
     1    0.01    0.14    0.57    4.05 ^ _6966_/SUM (sky130_fd_sc_hd__fa_1)
                                         _3797_ (net)
                  0.14    0.00    4.05 ^ _7120_/B (sky130_fd_sc_hd__ha_4)
     2    0.01    0.04    0.22    4.28 v _7120_/SUM (sky130_fd_sc_hd__ha_4)
                                         _0385_ (net)
                  0.04    0.00    4.28 v place1822/A (sky130_fd_sc_hd__buf_6)
     2    0.01    0.02    0.11    4.39 v place1822/X (sky130_fd_sc_hd__buf_6)
                                         net1820 (net)
                  0.02    0.00    4.39 v _4034_/B1 (sky130_fd_sc_hd__o21ai_2)
     1    0.01    0.10    0.05    4.44 ^ _4034_/Y (sky130_fd_sc_hd__o21ai_2)
                                         _1445_ (net)
                  0.10    0.00    4.44 ^ _4035_/A (sky130_fd_sc_hd__nor2_2)
     2    0.01    0.06    0.07    4.51 v _4035_/Y (sky130_fd_sc_hd__nor2_2)
                                         _1446_ (net)
                  0.06    0.00    4.51 v _4039_/A4 (sky130_fd_sc_hd__o41ai_4)
     3    0.02    0.36    0.31    4.82 ^ _4039_/Y (sky130_fd_sc_hd__o41ai_4)
                                         _1450_ (net)
                  0.36    0.00    4.82 ^ _4084_/A1 (sky130_fd_sc_hd__o2111ai_2)
     1    0.00    0.10    0.17    4.99 v _4084_/Y (sky130_fd_sc_hd__o2111ai_2)
                                         _1484_ (net)
                  0.10    0.00    4.99 v _4086_/B1 (sky130_fd_sc_hd__o211ai_1)
     1    0.02    0.40    0.23    5.22 ^ _4086_/Y (sky130_fd_sc_hd__o211ai_1)
                                         _1486_ (net)
                  0.40    0.00    5.22 ^ _4087_/B (sky130_fd_sc_hd__xnor2_4)
     2    0.02    0.19    0.18    5.40 ^ _4087_/Y (sky130_fd_sc_hd__xnor2_4)
                                         g_lane[2].u_lane.prod[15] (net)
                  0.19    0.00    5.40 ^ place1647/A (sky130_fd_sc_hd__buf_12)
     3    0.03    0.05    0.15    5.55 ^ place1647/X (sky130_fd_sc_hd__buf_12)
                                         net1645 (net)
                  0.05    0.00    5.55 ^ split/A (sky130_fd_sc_hd__buf_8)
     5    0.04    0.07    0.12    5.67 ^ split/X (sky130_fd_sc_hd__buf_8)
                                         net2013 (net)
                  0.07    0.00    5.67 ^ _7285_/A (sky130_fd_sc_hd__ha_4)
     2    0.01    0.04    0.20    5.87 v _7285_/SUM (sky130_fd_sc_hd__ha_4)
                                         _0787_ (net)
                  0.04    0.00    5.87 v _5016_/A2 (sky130_fd_sc_hd__a21o_1)
     2    0.01    0.06    0.20    6.07 v _5016_/X (sky130_fd_sc_hd__a21o_1)
                                         _1952_ (net)
                  0.06    0.00    6.07 v _5062_/A2 (sky130_fd_sc_hd__a41o_1)
     1    0.01    0.05    0.22    6.29 v _5062_/X (sky130_fd_sc_hd__a41o_1)
                                         _1997_ (net)
                  0.05    0.00    6.29 v _5063_/A2 (sky130_fd_sc_hd__a21oi_2)
     2    0.01    0.11    0.15    6.44 ^ _5063_/Y (sky130_fd_sc_hd__a21oi_2)
                                         _1998_ (net)
                  0.11    0.00    6.44 ^ _5064_/B1 (sky130_fd_sc_hd__o21a_1)
     1    0.01    0.08    0.16    6.60 ^ _5064_/X (sky130_fd_sc_hd__o21a_1)
                                         _1999_ (net)
                  0.08    0.00    6.60 ^ _5068_/A1 (sky130_fd_sc_hd__o21ai_2)
     2    0.01    0.08    0.08    6.68 v _5068_/Y (sky130_fd_sc_hd__o21ai_2)
                                         _2003_ (net)
                  0.08    0.00    6.68 v _5069_/A1 (sky130_fd_sc_hd__o2111a_1)
     2    0.01    0.07    0.29    6.97 v _5069_/X (sky130_fd_sc_hd__o2111a_1)
                                         _2004_ (net)
                  0.07    0.00    6.97 v _5073_/A3 (sky130_fd_sc_hd__o31ai_2)
     2    0.01    0.25    0.24    7.21 ^ _5073_/Y (sky130_fd_sc_hd__o31ai_2)
                                         _2008_ (net)
                  0.25    0.00    7.21 ^ _5076_/C (sky130_fd_sc_hd__nand3_1)
     1    0.00    0.06    0.10    7.32 v _5076_/Y (sky130_fd_sc_hd__nand3_1)
                                         _2011_ (net)
                  0.06    0.00    7.32 v _5077_/C_N (sky130_fd_sc_hd__nor3b_2)
     1    0.00    0.08    0.16    7.47 v _5077_/Y (sky130_fd_sc_hd__nor3b_2)
                                         _1276_ (net)
                  0.08    0.00    7.47 v rebuffer2030/A (sky130_fd_sc_hd__buf_4)
     2    0.02    0.04    0.17    7.64 v rebuffer2030/X (sky130_fd_sc_hd__buf_4)
                                         net2030 (net)
                  0.04    0.00    7.64 v g_lane[2].u_lane.u_acc_a/_140_/A1 (sky130_fd_sc_hd__mux2i_1)
     1    0.00    0.13    0.14    7.78 ^ g_lane[2].u_lane.u_acc_a/_140_/Y (sky130_fd_sc_hd__mux2i_1)
                                         g_lane[2].u_lane.u_acc_a/_069_ (net)
                  0.13    0.00    7.78 ^ g_lane[2].u_lane.u_acc_a/_141_/A (sky130_fd_sc_hd__nor2b_1)
     1    0.00    0.04    0.06    7.84 v g_lane[2].u_lane.u_acc_a/_141_/Y (sky130_fd_sc_hd__nor2b_1)
                                         g_lane[2].u_lane.u_acc_a/_031_ (net)
                  0.04    0.00    7.84 v g_lane[2].u_lane.u_acc_a/q[29]$_SDFFE_PN0P_/D (sky130_fd_sc_hd__dfxtp_1)
                                  7.84   data arrival time

                          7.20    7.20   clock clk (rise edge)
                          0.00    7.20   clock source latency
     1    0.08    0.00    0.00    7.20 ^ clk (in)
                                         clk (net)
                  0.00    0.00    7.20 ^ clkbuf_0_clk/A (sky130_fd_sc_hd__clkbuf_16)
     4    0.12    0.14    0.19    7.39 ^ clkbuf_0_clk/X (sky130_fd_sc_hd__clkbuf_16)
                                         clknet_0_clk (net)
                  0.14    0.00    7.39 ^ clkbuf_2_1__f_clk/A (sky130_fd_sc_hd__clkbuf_16)
    13    0.17    0.18    0.27    7.66 ^ clkbuf_2_1__f_clk/X (sky130_fd_sc_hd__clkbuf_16)
                                         clknet_2_1__leaf_clk (net)
                  0.18    0.00    7.66 ^ clkbuf_leaf_11_clk/A (sky130_fd_sc_hd__clkbuf_16)
    13    0.04    0.06    0.19    7.85 ^ clkbuf_leaf_11_clk/X (sky130_fd_sc_hd__clkbuf_16)
                                         clknet_leaf_11_clk (net)
                  0.06    0.00    7.85 ^ g_lane[2].u_lane.u_acc_a/q[29]$_SDFFE_PN0P_/CLK (sky130_fd_sc_hd__dfxtp_1)
                          0.00    7.85   clock reconvergence pessimism
                         -0.10    7.75   library setup time
                                  7.75   data required time
-----------------------------------------------------------------------------
                                  7.75   data required time
                                 -7.84   data arrival time
-----------------------------------------------------------------------------
                                 -0.09   slack (VIOLATED)



==========================================================================
cts final report_check_types -max_slew -max_cap -max_fanout -violators
--------------------------------------------------------------------------

==========================================================================
cts final max_slew_check_slack
--------------------------------------------------------------------------
0.5261762142181396

==========================================================================
cts final max_slew_check_limit
--------------------------------------------------------------------------
1.4862940311431885

==========================================================================
cts final max_slew_check_slack_limit
--------------------------------------------------------------------------
0.3540

==========================================================================
cts final max_fanout_check_slack
--------------------------------------------------------------------------
1.0000000150474662e+30

==========================================================================
cts final max_fanout_check_limit
--------------------------------------------------------------------------
1.0000000150474662e+30

==========================================================================
cts final max_capacitance_check_slack
--------------------------------------------------------------------------
0.008138931356370449

==========================================================================
cts final max_capacitance_check_limit
--------------------------------------------------------------------------
0.021067000925540924

==========================================================================
cts final max_capacitance_check_slack_limit
--------------------------------------------------------------------------
0.3863

==========================================================================
cts final max_slew_violation_count
--------------------------------------------------------------------------
max slew violation count 0

==========================================================================
cts final max_fanout_violation_count
--------------------------------------------------------------------------
max fanout violation count 0

==========================================================================
cts final max_cap_violation_count
--------------------------------------------------------------------------
max cap violation count 0

==========================================================================
cts final setup_violation_count
--------------------------------------------------------------------------
setup violation count 14

==========================================================================
cts final hold_violation_count
--------------------------------------------------------------------------
hold violation count 0

==========================================================================
cts final report_checks -path_delay max reg to reg
--------------------------------------------------------------------------
Startpoint: g_lane[0].u_lane.u_acc_b/q[14]$_SDFFE_PN0P_
            (rising edge-triggered flip-flop clocked by clk)
Endpoint: g_lane[0].u_lane.u_acc_a/q[21]$_SDFFE_PN0P_
          (rising edge-triggered flip-flop clocked by clk)
Path Group: clk
Path Type: max

  Delay    Time   Description
---------------------------------------------------------
   0.00    0.00   clock clk (rise edge)
   0.00    0.00   clock source latency
   0.00    0.00 ^ clk (in)
   0.19    0.19 ^ clkbuf_0_clk/X (sky130_fd_sc_hd__clkbuf_16)
   0.25    0.44 ^ clkbuf_2_2__f_clk/X (sky130_fd_sc_hd__clkbuf_16)
   0.18    0.62 ^ clkbuf_leaf_46_clk/X (sky130_fd_sc_hd__clkbuf_16)
   0.00    0.62 ^ g_lane[0].u_lane.u_acc_b/q[14]$_SDFFE_PN0P_/CLK (sky130_fd_sc_hd__dfxtp_1)
   0.36    0.98 v g_lane[0].u_lane.u_acc_b/q[14]$_SDFFE_PN0P_/Q (sky130_fd_sc_hd__dfxtp_1)
   0.30    1.28 ^ _5909_/Y (sky130_fd_sc_hd__inv_1)
   0.23    1.51 v _6341_/Y (sky130_fd_sc_hd__o22ai_1)
   0.74    2.26 ^ _6342_/Y (sky130_fd_sc_hd__nor4_1)
   0.31    2.57 v _6353_/Y (sky130_fd_sc_hd__nand4_1)
   0.61    3.18 v _6445_/X (sky130_fd_sc_hd__or4_1)
   0.62    3.80 ^ _6742_/Y (sky130_fd_sc_hd__nor4_2)
   0.39    4.18 ^ _6747_/X (sky130_fd_sc_hd__and3_2)
   0.07    4.26 v _6811_/Y (sky130_fd_sc_hd__nand2_1)
   0.60    4.85 ^ _6812_/Y (sky130_fd_sc_hd__nand2_1)
   0.36    5.21 ^ place1699/X (sky130_fd_sc_hd__buf_12)
   0.39    5.60 ^ g_lane[0].u_lane.u_acc_a/place1698/X (sky130_fd_sc_hd__buf_4)
   0.26    5.86 ^ g_lane[0].u_lane.u_acc_a/_090_/Y (sky130_fd_sc_hd__mux2i_1)
   0.07    5.93 v g_lane[0].u_lane.u_acc_a/_091_/Y (sky130_fd_sc_hd__nor2b_1)
   0.00    5.93 v g_lane[0].u_lane.u_acc_a/q[21]$_SDFFE_PN0P_/D (sky130_fd_sc_hd__dfxtp_1)
           5.93   data arrival time

   7.20    7.20   clock clk (rise edge)
   0.00    7.20   clock source latency
   0.00    7.20 ^ clk (in)
   0.19    7.39 ^ clkbuf_0_clk/X (sky130_fd_sc_hd__clkbuf_16)
   0.26    7.65 ^ clkbuf_2_0__f_clk/X (sky130_fd_sc_hd__clkbuf_16)
   0.19    7.84 ^ clkbuf_leaf_50_clk/X (sky130_fd_sc_hd__clkbuf_16)
   0.00    7.84 ^ g_lane[0].u_lane.u_acc_a/q[21]$_SDFFE_PN0P_/CLK (sky130_fd_sc_hd__dfxtp_1)
   0.00    7.84   clock reconvergence pessimism
  -0.11    7.73   library setup time
           7.73   data required time
---------------------------------------------------------
           7.73   data required time
          -5.93   data arrival time
---------------------------------------------------------
           1.81   slack (MET)



==========================================================================
cts final report_checks -path_delay min reg to reg
--------------------------------------------------------------------------
Startpoint: u_thermal.phase$_SDFF_PN0_
            (rising edge-triggered flip-flop clocked by clk)
Endpoint: u_thermal.phase$_SDFF_PN0_
          (rising edge-triggered flip-flop clocked by clk)
Path Group: clk
Path Type: min

  Delay    Time   Description
---------------------------------------------------------
   0.00    0.00   clock clk (rise edge)
   0.00    0.00   clock source latency
   0.00    0.00 ^ clk (in)
   0.19    0.19 ^ clkbuf_0_clk/X (sky130_fd_sc_hd__clkbuf_16)
   0.27    0.46 ^ clkbuf_2_1__f_clk/X (sky130_fd_sc_hd__clkbuf_16)
   0.20    0.66 ^ clkbuf_leaf_9_clk/X (sky130_fd_sc_hd__clkbuf_16)
   0.00    0.66 ^ u_thermal.phase$_SDFF_PN0_/CLK (sky130_fd_sc_hd__dfxtp_1)
   0.33    0.99 ^ u_thermal.phase$_SDFF_PN0_/Q (sky130_fd_sc_hd__dfxtp_1)
   0.05    1.04 v _6754_/Y (sky130_fd_sc_hd__nor4bb_1)
   0.00    1.04 v u_thermal.phase$_SDFF_PN0_/D (sky130_fd_sc_hd__dfxtp_1)
           1.04   data arrival time

   0.00    0.00   clock clk (rise edge)
   0.00    0.00   clock source latency
   0.00    0.00 ^ clk (in)
   0.19    0.19 ^ clkbuf_0_clk/X (sky130_fd_sc_hd__clkbuf_16)
   0.27    0.46 ^ clkbuf_2_1__f_clk/X (sky130_fd_sc_hd__clkbuf_16)
   0.20    0.66 ^ clkbuf_leaf_9_clk/X (sky130_fd_sc_hd__clkbuf_16)
   0.00    0.66 ^ u_thermal.phase$_SDFF_PN0_/CLK (sky130_fd_sc_hd__dfxtp_1)
   0.00    0.66   clock reconvergence pessimism
  -0.04    0.61   library hold time
           0.61   data required time
---------------------------------------------------------
           0.61   data required time
          -1.04   data arrival time
---------------------------------------------------------
           0.43   slack (MET)



==========================================================================
cts final critical path target clock latency max path
--------------------------------------------------------------------------
0.6547

==========================================================================
cts final critical path target clock latency min path
--------------------------------------------------------------------------
0.6570

==========================================================================
cts final critical path source clock latency min path
--------------------------------------------------------------------------
0.0000

==========================================================================
cts final critical path delay
--------------------------------------------------------------------------
7.8395

==========================================================================
cts final critical path slack
--------------------------------------------------------------------------
-0.0893

==========================================================================
cts final slack div critical path delay
--------------------------------------------------------------------------
-1.139103

==========================================================================
cts final report_power
--------------------------------------------------------------------------
Group                  Internal  Switching    Leakage      Total
                          Power      Power      Power      Power (Watts)
----------------------------------------------------------------
Sequential             3.69e-03   1.97e-03   4.25e-09   5.66e-03  11.8%
Combinational          1.94e-02   1.98e-02   2.22e-08   3.93e-02  82.1%
Clock                  1.66e-03   1.25e-03   8.79e-10   2.92e-03   6.1%
Macro                  0.00e+00   0.00e+00   0.00e+00   0.00e+00   0.0%
Pad                    0.00e+00   0.00e+00   0.00e+00   0.00e+00   0.0%
----------------------------------------------------------------
Total                  2.48e-02   2.31e-02   2.73e-08   4.79e-02 100.0%
                          51.8%      48.2%       0.0%
