SBY  0:14:06 [clear] Removing directory '/home/user/chip/build/formal/full/run/orbit_demo_clear'.
SBY  0:14:06 [clear] engine_0: smtbmc yices
SBY  0:14:06 [clear] base: starting process "cd /home/user/chip/build/formal/full/run/orbit_demo_clear/src; yosys -ql ../model/design.log ../model/design.ys"
SBY  0:14:07 [clear] base: finished (returncode=0)
SBY  0:14:07 [clear] prep: starting process "cd /home/user/chip/build/formal/full/run/orbit_demo_clear/model; yosys -ql design_prep.log design_prep.ys"
SBY  0:14:07 [clear] prep: finished (returncode=0)
SBY  0:14:07 [clear] smt2: starting process "cd /home/user/chip/build/formal/full/run/orbit_demo_clear/model; yosys -ql design_smt2.log design_smt2.ys"
SBY  0:14:07 [clear] smt2: finished (returncode=0)
SBY  0:14:07 [clear] engine_0.basecase: starting process "cd /home/user/chip/build/formal/full/run/orbit_demo_clear; yosys-smtbmc -s yices --presat --unroll --noprogress -t 3  --append 0 --dump-vcd engine_0/trace.vcd --dump-yw engine_0/trace.yw --dump-vlogtb engine_0/trace_tb.v --dump-smtc engine_0/trace.smtc model/design_smt2.smt2"
SBY  0:14:07 [clear] engine_0.induction: starting process "cd /home/user/chip/build/formal/full/run/orbit_demo_clear; yosys-smtbmc -s yices --presat --unroll -i --noprogress -t 3  --append 0 --dump-vcd engine_0/trace_induct.vcd --dump-yw engine_0/trace_induct.yw --dump-vlogtb engine_0/trace_induct_tb.v --dump-smtc engine_0/trace_induct.smtc model/design_smt2.smt2"
SBY  0:14:07 [clear] engine_0.basecase: ##   0:00:00  Solver: yices
SBY  0:14:07 [clear] engine_0.basecase: ##   0:00:00  Status: passed
SBY  0:14:07 [clear] engine_0.basecase: finished (returncode=0)
SBY  0:14:07 [clear] engine_0.basecase: Status returned by engine for basecase: pass
SBY  0:14:07 [clear] engine_0.induction: ##   0:00:00  Solver: yices
SBY  0:14:07 [clear] engine_0.induction: ##   0:00:00  Trying induction in step 3..
SBY  0:14:07 [clear] engine_0.induction: ##   0:00:00  Trying induction in step 2..
SBY  0:14:07 [clear] engine_0.induction: ##   0:00:00  Trying induction in step 1..
SBY  0:14:07 [clear] engine_0.induction: ##   0:00:00  Trying induction in step 0..
SBY  0:14:07 [clear] engine_0.induction: ##   0:00:00  Temporal induction successful.
SBY  0:14:07 [clear] engine_0.induction: ##   0:00:00  Status: passed
SBY  0:14:07 [clear] engine_0.induction: finished (returncode=0)
SBY  0:14:07 [clear] engine_0.induction: Status returned by engine for induction: pass
SBY  0:14:07 [clear] summary: Elapsed clock time [H:MM:SS (secs)]: 0:00:00 (0)
SBY  0:14:07 [clear] summary: Elapsed process time [H:MM:SS (secs)]: 0:00:00 (0)
SBY  0:14:07 [clear] summary: engine_0 (smtbmc yices) returned pass for basecase
SBY  0:14:07 [clear] summary: engine_0 (smtbmc yices) returned pass for induction
SBY  0:14:07 [clear] summary: engine_0 did not produce any traces
SBY  0:14:07 [clear] summary: successful proof by k-induction.
SBY  0:14:07 [clear] DONE (PASS, rc=0)
