SBY 20:14:25 [thermal] Removing directory '/home/user/chip/build/formal/full/run/orbit_demo_thermal'.
SBY 20:14:25 [thermal] engine_0: smtbmc yices
SBY 20:14:25 [thermal] base: starting process "cd /home/user/chip/build/formal/full/run/orbit_demo_thermal/src; yosys -ql ../model/design.log ../model/design.ys"
SBY 20:14:25 [thermal] base: finished (returncode=0)
SBY 20:14:25 [thermal] prep: starting process "cd /home/user/chip/build/formal/full/run/orbit_demo_thermal/model; yosys -ql design_prep.log design_prep.ys"
SBY 20:14:25 [thermal] prep: finished (returncode=0)
SBY 20:14:25 [thermal] smt2: starting process "cd /home/user/chip/build/formal/full/run/orbit_demo_thermal/model; yosys -ql design_smt2.log design_smt2.ys"
SBY 20:14:25 [thermal] smt2: finished (returncode=0)
SBY 20:14:25 [thermal] engine_0.basecase: starting process "cd /home/user/chip/build/formal/full/run/orbit_demo_thermal; yosys-smtbmc -s yices --presat --unroll --noprogress -t 8  --append 0 --dump-vcd engine_0/trace.vcd --dump-yw engine_0/trace.yw --dump-vlogtb engine_0/trace_tb.v --dump-smtc engine_0/trace.smtc model/design_smt2.smt2"
SBY 20:14:25 [thermal] engine_0.induction: starting process "cd /home/user/chip/build/formal/full/run/orbit_demo_thermal; yosys-smtbmc -s yices --presat --unroll -i --noprogress -t 8  --append 0 --dump-vcd engine_0/trace_induct.vcd --dump-yw engine_0/trace_induct.yw --dump-vlogtb engine_0/trace_induct_tb.v --dump-smtc engine_0/trace_induct.smtc model/design_smt2.smt2"
SBY 20:14:25 [thermal] engine_0.basecase: ##   0:00:00  Solver: yices
SBY 20:14:25 [thermal] engine_0.basecase: ##   0:00:00  Status: passed
SBY 20:14:25 [thermal] engine_0.basecase: finished (returncode=0)
SBY 20:14:25 [thermal] engine_0.basecase: Status returned by engine for basecase: pass
SBY 20:14:25 [thermal] engine_0.induction: ##   0:00:00  Solver: yices
SBY 20:14:25 [thermal] engine_0.induction: ##   0:00:00  Trying induction in step 8..
SBY 20:14:25 [thermal] engine_0.induction: ##   0:00:00  Trying induction in step 7..
SBY 20:14:25 [thermal] engine_0.induction: ##   0:00:00  Trying induction in step 6..
SBY 20:14:25 [thermal] engine_0.induction: ##   0:00:00  Temporal induction successful.
SBY 20:14:25 [thermal] engine_0.induction: ##   0:00:00  Status: passed
SBY 20:14:25 [thermal] engine_0.induction: finished (returncode=0)
SBY 20:14:25 [thermal] engine_0.induction: Status returned by engine for induction: pass
SBY 20:14:25 [thermal] summary: Elapsed clock time [H:MM:SS (secs)]: 0:00:00 (0)
SBY 20:14:25 [thermal] summary: Elapsed process time [H:MM:SS (secs)]: 0:00:00 (0)
SBY 20:14:25 [thermal] summary: engine_0 (smtbmc yices) returned pass for basecase
SBY 20:14:25 [thermal] summary: engine_0 (smtbmc yices) returned pass for induction
SBY 20:14:25 [thermal] summary: engine_0 did not produce any traces
SBY 20:14:25 [thermal] summary: successful proof by k-induction.
SBY 20:14:25 [thermal] DONE (PASS, rc=0)
