--- rtl/orbit_mac_lane.v	2026-09-29 18:50:18.002938138 +0000
+++ build/formal/vacuity/zext_product/rtl/orbit_mac_lane.v	2026-09-29 20:13:37.450940487 +0000
@@ -23,7 +23,7 @@
 
     // Shared signed 8x8 -> 16 bit product, sign-extended to 32 bits.
     wire signed [15:0] prod   = $signed(a) * $signed(b);
-    wire        [31:0] prod32 = {{16{prod[15]}}, prod};
+    wire        [31:0] prod32 = {16'd0, prod};
 
     wire [31:0] acc_a, acc_b;
     wire [31:0] res_a, res_b;

[formal] datapath       FAIL    (expected FAIL, 1s)

SBY 20:13:37 [datapath] Removing directory '/home/user/chip/build/formal/vacuity/zext_product/run/orbit_demo_datapath'.
SBY 20:13:37 [datapath] engine_0: smtbmc yices
SBY 20:13:37 [datapath] base: starting process "cd build/formal/vacuity/zext_product/run/orbit_demo_datapath/src; yosys -ql ../model/design.log ../model/design.ys"
SBY 20:13:37 [datapath] base: finished (returncode=0)
SBY 20:13:37 [datapath] prep: starting process "cd build/formal/vacuity/zext_product/run/orbit_demo_datapath/model; yosys -ql design_prep.log design_prep.ys"
SBY 20:13:37 [datapath] prep: finished (returncode=0)
SBY 20:13:37 [datapath] smt2: starting process "cd build/formal/vacuity/zext_product/run/orbit_demo_datapath/model; yosys -ql design_smt2.log design_smt2.ys"
SBY 20:13:37 [datapath] smt2: finished (returncode=0)
SBY 20:13:37 [datapath] engine_0.basecase: starting process "cd build/formal/vacuity/zext_product/run/orbit_demo_datapath; yosys-smtbmc -s yices --presat --unroll --noprogress -t 6  --append 0 --dump-vcd engine_0/trace.vcd --dump-yw engine_0/trace.yw --dump-vlogtb engine_0/trace_tb.v --dump-smtc engine_0/trace.smtc model/design_smt2.smt2"
SBY 20:13:37 [datapath] engine_0.induction: starting process "cd build/formal/vacuity/zext_product/run/orbit_demo_datapath; yosys-smtbmc -s yices --presat --unroll -i --noprogress -t 6  --append 0 --dump-vcd engine_0/trace_induct.vcd --dump-yw engine_0/trace_induct.yw --dump-vlogtb engine_0/trace_induct_tb.v --dump-smtc engine_0/trace_induct.smtc model/design_smt2.smt2"
SBY 20:13:38 [datapath] engine_0.induction: ##   0:00:00  Solver: yices
SBY 20:13:38 [datapath] engine_0.basecase: ##   0:00:00  Solver: yices
SBY 20:13:38 [datapath] engine_0.induction: ##   0:00:00  Trying induction in step 6..
SBY 20:13:38 [datapath] engine_0.induction: ##   0:00:00  Trying induction in step 5..
SBY 20:13:38 [datapath] engine_0.induction: ##   0:00:00  Trying induction in step 4..
SBY 20:13:38 [datapath] engine_0.induction: ##   0:00:00  Trying induction in step 3..
SBY 20:13:38 [datapath] engine_0.induction: ##   0:00:00  Trying induction in step 2..
SBY 20:13:38 [datapath] engine_0.induction: ##   0:00:00  Trying induction in step 1..
SBY 20:13:38 [datapath] engine_0.induction: ##   0:00:00  Trying induction in step 0..
SBY 20:13:38 [datapath] engine_0.basecase: ##   0:00:00  BMC failed!
SBY 20:13:38 [datapath] engine_0.basecase: ##   0:00:00  Assert failed in orbit_demo_fv: P1_h_acc_a_lane0
SBY 20:13:38 [datapath] engine_0.basecase: ##   0:00:00  Assert failed in orbit_demo_fv: P1_h_acc_a_lane1
SBY 20:13:38 [datapath] engine_0.basecase: ##   0:00:00  Assert failed in orbit_demo_fv: P1_h_acc_a_lane2
SBY 20:13:38 [datapath] engine_0.basecase: ##   0:00:00  Assert failed in orbit_demo_fv: P1_h_acc_a_lane3
SBY 20:13:38 [datapath] engine_0.basecase: ##   0:00:00  Writing trace to VCD file: engine_0/trace.vcd
SBY 20:13:38 [datapath] engine_0.induction: ##   0:00:00  Temporal induction failed!
SBY 20:13:38 [datapath] engine_0.induction: ##   0:00:00  Assert failed in orbit_demo_fv: P1_h_acc_a_lane0
SBY 20:13:38 [datapath] engine_0.induction: ##   0:00:00  Assert failed in orbit_demo_fv: P1_h_res_a_lane0
SBY 20:13:38 [datapath] engine_0.induction: ##   0:00:00  Assert failed in orbit_demo_fv: P1_out_valid_data_lane0
SBY 20:13:38 [datapath] engine_0.induction: ##   0:00:00  Writing trace to VCD file: engine_0/trace_induct.vcd
SBY 20:13:38 [datapath] engine_0.basecase: ##   0:00:00  Writing trace to Verilog testbench: engine_0/trace_tb.v
SBY 20:13:38 [datapath] engine_0.basecase: ##   0:00:00  Writing trace to constraints file: engine_0/trace.smtc
SBY 20:13:38 [datapath] engine_0.basecase: ##   0:00:00  Writing trace to Yosys witness file: engine_0/trace.yw
SBY 20:13:38 [datapath] engine_0.basecase: ##   0:00:00  Status: failed
SBY 20:13:38 [datapath] engine_0.basecase: finished (returncode=1)
SBY 20:13:38 [datapath] engine_0.basecase: Status returned by engine for basecase: FAIL
SBY 20:13:38 [datapath] engine_0.induction: terminating process
SBY 20:13:38 [datapath] summary: Elapsed clock time [H:MM:SS (secs)]: 0:00:00 (0)
SBY 20:13:38 [datapath] summary: Elapsed process time [H:MM:SS (secs)]: 0:00:00 (0)
SBY 20:13:38 [datapath] summary: engine_0 (smtbmc yices) returned FAIL for basecase
SBY 20:13:38 [datapath] summary: counterexample trace [basecase]: build/formal/vacuity/zext_product/run/orbit_demo_datapath/engine_0/trace.vcd
SBY 20:13:38 [datapath] summary:   failed assertion orbit_demo_fv.P1_h_acc_a_lane0 at orbit_demo_fv.sv:535.121-535.188 step 3
SBY 20:13:38 [datapath] summary:   failed assertion orbit_demo_fv.P1_h_acc_a_lane1 at orbit_demo_fv.sv:536.121-536.188 step 3
SBY 20:13:38 [datapath] summary:   failed assertion orbit_demo_fv.P1_h_acc_a_lane2 at orbit_demo_fv.sv:537.121-537.188 step 3
SBY 20:13:38 [datapath] summary:   failed assertion orbit_demo_fv.P1_h_acc_a_lane3 at orbit_demo_fv.sv:538.121-538.188 step 3
SBY 20:13:38 [datapath] summary: counterexample trace [induction]: build/formal/vacuity/zext_product/run/orbit_demo_datapath/engine_0/trace_induct.vcd
SBY 20:13:38 [datapath] summary:   failed assertion orbit_demo_fv.P1_h_acc_a_lane0 at orbit_demo_fv.sv:535.121-535.188
SBY 20:13:38 [datapath] summary:   failed assertion orbit_demo_fv.P1_h_res_a_lane0 at orbit_demo_fv.sv:535.203-535.270
SBY 20:13:38 [datapath] summary:   failed assertion orbit_demo_fv.P1_out_valid_data_lane0 at orbit_demo_fv.sv:515.397-515.472
SBY 20:13:38 [datapath] DONE (FAIL, rc=2)
