--- rtl/orbit_thermal_tmr.v	2026-09-29 18:50:28.762938778 +0000
+++ build/formal/vacuity/throttle_every_cycle_pdr/rtl/orbit_thermal_tmr.v	2026-09-29 20:14:19.628676206 +0000
@@ -78,7 +78,7 @@
     end
 
     assign state  = voted;
-    assign admit  = (voted == S_NORMAL) | ((voted == S_THROTTLE) & ~phase);
+    assign admit  = (voted == S_NORMAL) | (voted == S_THROTTLE);
     assign repair = (c0 != c1) | (c1 != c2);
 
 endmodule

[formal] thermal_pdr    FAIL    (expected FAIL, 2s)

SBY 20:14:19 [thermal_pdr] Removing directory '/home/user/chip/build/formal/vacuity/throttle_every_cycle_pdr/run/orbit_demo_thermal_pdr'.
SBY 20:14:19 [thermal_pdr] engine_0: abc pdr
SBY 20:14:19 [thermal_pdr] base: starting process "cd build/formal/vacuity/throttle_every_cycle_pdr/run/orbit_demo_thermal_pdr/src; yosys -ql ../model/design.log ../model/design.ys"
SBY 20:14:19 [thermal_pdr] base: finished (returncode=0)
SBY 20:14:19 [thermal_pdr] prep: starting process "cd build/formal/vacuity/throttle_every_cycle_pdr/run/orbit_demo_thermal_pdr/model; yosys -ql design_prep.log design_prep.ys"
SBY 20:14:20 [thermal_pdr] prep: finished (returncode=0)
SBY 20:14:20 [thermal_pdr] aig: starting process "cd build/formal/vacuity/throttle_every_cycle_pdr/run/orbit_demo_thermal_pdr/model; yosys -ql design_aiger.log design_aiger.ys"
SBY 20:14:20 [thermal_pdr] aig: Warning: Treating a total of 80 undriven bits in orbit_demo_fv like $anyseq.
SBY 20:14:21 [thermal_pdr] aig: finished (returncode=0)
SBY 20:14:21 [thermal_pdr] engine_0: starting process "cd build/formal/vacuity/throttle_every_cycle_pdr/run/orbit_demo_thermal_pdr; yosys-abc -c 'read_aiger model/design_aiger.aig; fold; strash; pdr -v -l; write_cex -a engine_0/trace.aiw'"
SBY 20:14:21 [thermal_pdr] engine_0: ======== ABC command line "read_aiger model/design_aiger.aig; fold; strash; pdr -v -l; write_cex -a engine_0/trace.aiw"
SBY 20:14:21 [thermal_pdr] engine_0: Warning: The last 2 outputs are interpreted as constraints.
SBY 20:14:21 [thermal_pdr] engine_0: VarMax = 300. FrameMax = 10000. QueMax = 0. TimeMax = 319. MonoCNF = no. SkipGen = no. SolveAll = no.
SBY 20:14:21 [thermal_pdr] engine_0: Proved output 4 in frame 0 (trivial).
SBY 20:14:21 [thermal_pdr] engine_0: Proved output 0 in frame 1.
SBY 20:14:21 [thermal_pdr] engine_0: Proved output 2 in frame 2.
SBY 20:14:21 [thermal_pdr] engine_0: Proved output 3 in frame 2.
SBY 20:14:21 [thermal_pdr] engine_0: Proved output 5 in frame 2.
SBY 20:14:21 [thermal_pdr] engine_0: Proved output 6 in frame 2.
SBY 20:14:21 [thermal_pdr] engine_0: Proved output 7 in frame 2.
SBY 20:14:21 [thermal_pdr] engine_0: Proved output 9 in frame 2.
SBY 20:14:21 [thermal_pdr] engine_0: Timing out on output  8 in frame 3 (retrying in next anytime pass).
SBY 20:14:21 [thermal_pdr] engine_0: Block =   34  Oblig =   125  Clause =    73  Call =   536 (sat=68.7%)  Cex =   0  Start =   1
SBY 20:14:21 [thermal_pdr] engine_0: SAT solving =     0.23 sec ( 81.14 %)
SBY 20:14:21 [thermal_pdr] engine_0: unsat     =     0.19 sec ( 67.61 %)
SBY 20:14:21 [thermal_pdr] engine_0: sat       =     0.04 sec ( 13.54 %)
SBY 20:14:21 [thermal_pdr] engine_0: Generalize  =     0.04 sec ( 16.04 %)
SBY 20:14:21 [thermal_pdr] engine_0: Push clause =     0.00 sec (  1.07 %)
SBY 20:14:21 [thermal_pdr] engine_0: Ternary sim =     0.00 sec (  1.46 %)
SBY 20:14:21 [thermal_pdr] engine_0: Containment =     0.00 sec (  0.02 %)
SBY 20:14:21 [thermal_pdr] engine_0: CNF compute =     0.01 sec (  1.89 %)
SBY 20:14:21 [thermal_pdr] engine_0: Refinement  =     0.00 sec (  0.11 %)
SBY 20:14:21 [thermal_pdr] engine_0: TOTAL       =     0.28 sec (100.00 %)
SBY 20:14:21 [thermal_pdr] engine_0: Output 10 of miter "model/design_aiger" was asserted in frame 5.  Time =     0.28 sec
SBY 20:14:21 [thermal_pdr] engine_0: finished (returncode=0)
SBY 20:14:21 [thermal_pdr] engine_0: Status returned by engine: FAIL
SBY 20:14:21 [thermal_pdr] smt2: starting process "cd build/formal/vacuity/throttle_every_cycle_pdr/run/orbit_demo_thermal_pdr/model; yosys -ql design_smt2.log design_smt2.ys"
SBY 20:14:21 [thermal_pdr] engine_0: starting process "cd build/formal/vacuity/throttle_every_cycle_pdr/run/orbit_demo_thermal_pdr; yosys-witness aiw2yw engine_0/trace.aiw model/design_aiger.ywa engine_0/trace_aiw.yw"
SBY 20:14:21 [thermal_pdr] engine_0: Converting AIGER witness trace 'engine_0/trace.aiw' to Yosys witness trace 'engine_0/trace_aiw.yw'...
SBY 20:14:21 [thermal_pdr] engine_0: Using Yosys witness AIGER map file 'model/design_aiger.ywa'
SBY 20:14:21 [thermal_pdr] engine_0: Converted 6 time steps.
SBY 20:14:21 [thermal_pdr] engine_0: finished (returncode=0)
SBY 20:14:21 [thermal_pdr] smt2: finished (returncode=0)
SBY 20:14:21 [thermal_pdr] engine_0: starting process "cd build/formal/vacuity/throttle_every_cycle_pdr/run/orbit_demo_thermal_pdr; yosys-smtbmc -s yices --noprogress --append 0 --dump-vcd engine_0/trace.vcd --dump-yw engine_0/trace.yw --dump-vlogtb engine_0/trace_tb.v --dump-smtc engine_0/trace.smtc --yw engine_0/trace_aiw.yw model/design_smt2.smt2"
SBY 20:14:21 [thermal_pdr] engine_0: ##   0:00:00  Solver: yices
SBY 20:14:21 [thermal_pdr] engine_0: ##   0:00:00  Skipping step 0..
SBY 20:14:21 [thermal_pdr] engine_0: ##   0:00:00  Skipping step 1..
SBY 20:14:21 [thermal_pdr] engine_0: ##   0:00:00  Skipping step 2..
SBY 20:14:21 [thermal_pdr] engine_0: ##   0:00:00  Skipping step 3..
SBY 20:14:21 [thermal_pdr] engine_0: ##   0:00:00  Skipping step 4..
SBY 20:14:21 [thermal_pdr] engine_0: ##   0:00:00  BMC failed!
SBY 20:14:21 [thermal_pdr] engine_0: ##   0:00:00  Assert failed in orbit_demo_fv: P6_port_throttle
SBY 20:14:21 [thermal_pdr] engine_0: ##   0:00:00  Assert failed in orbit_demo_fv: P6_throttle_alternates
SBY 20:14:21 [thermal_pdr] engine_0: ##   0:00:00  Writing trace to VCD file: engine_0/trace.vcd
SBY 20:14:21 [thermal_pdr] engine_0: ##   0:00:00  Writing trace to Verilog testbench: engine_0/trace_tb.v
SBY 20:14:21 [thermal_pdr] engine_0: ##   0:00:00  Writing trace to constraints file: engine_0/trace.smtc
SBY 20:14:21 [thermal_pdr] engine_0: ##   0:00:00  Writing trace to Yosys witness file: engine_0/trace.yw
SBY 20:14:21 [thermal_pdr] engine_0: ##   0:00:00  Status: FAILED
SBY 20:14:21 [thermal_pdr] engine_0: finished (returncode=1)
SBY 20:14:21 [thermal_pdr] summary: Elapsed clock time [H:MM:SS (secs)]: 0:00:01 (1)
SBY 20:14:21 [thermal_pdr] summary: Elapsed process time [H:MM:SS (secs)]: 0:00:01 (1)
SBY 20:14:21 [thermal_pdr] summary: engine_0 (abc pdr) returned FAIL
SBY 20:14:21 [thermal_pdr] summary: counterexample trace: build/formal/vacuity/throttle_every_cycle_pdr/run/orbit_demo_thermal_pdr/engine_0/trace.vcd
SBY 20:14:21 [thermal_pdr] summary:   failed assertion orbit_demo_fv.P6_port_throttle at orbit_demo_fv.sv:389.17-389.64 step 5
SBY 20:14:21 [thermal_pdr] summary:   failed assertion orbit_demo_fv.P6_throttle_alternates at orbit_demo_fv.sv:384.17-384.75 step 5
SBY 20:14:21 [thermal_pdr] DONE (FAIL, rc=2)
