--- rtl/orbit_mac_lane.v	2026-09-29 18:50:18.002938138 +0000
+++ build/formal/vacuity/clear_keeps_acc_pdr/rtl/orbit_mac_lane.v	2026-09-29 20:14:13.095237439 +0000
@@ -33,7 +33,7 @@
     wire [31:0] acc_a_sum = (first ? 32'd0 : acc_a) + prod32;
     wire [31:0] acc_b_sum = (first ? 32'd0 : acc_b) + prod32;
 
-    wire acc_en = clr | mac_en;
+    wire acc_en = mac_en;
     wire res_en = clr | (mac_en & last);
 
     orbit_keep_reg #(.W(32)) u_acc_a (

[formal] datapath_pdr   FAIL    (expected FAIL, 6s)

SBY 20:14:13 [datapath_pdr] Removing directory '/home/user/chip/build/formal/vacuity/clear_keeps_acc_pdr/run/orbit_demo_datapath_pdr'.
SBY 20:14:13 [datapath_pdr] engine_0: abc pdr
SBY 20:14:13 [datapath_pdr] base: starting process "cd build/formal/vacuity/clear_keeps_acc_pdr/run/orbit_demo_datapath_pdr/src; yosys -ql ../model/design.log ../model/design.ys"
SBY 20:14:13 [datapath_pdr] base: finished (returncode=0)
SBY 20:14:13 [datapath_pdr] prep: starting process "cd build/formal/vacuity/clear_keeps_acc_pdr/run/orbit_demo_datapath_pdr/model; yosys -ql design_prep.log design_prep.ys"
SBY 20:14:13 [datapath_pdr] prep: finished (returncode=0)
SBY 20:14:13 [datapath_pdr] aig: starting process "cd build/formal/vacuity/clear_keeps_acc_pdr/run/orbit_demo_datapath_pdr/model; yosys -ql design_aiger.log design_aiger.ys"
SBY 20:14:15 [datapath_pdr] aig: Warning: Treating a total of 80 undriven bits in orbit_demo_fv like $anyseq.
SBY 20:14:15 [datapath_pdr] aig: finished (returncode=0)
SBY 20:14:15 [datapath_pdr] engine_0: starting process "cd build/formal/vacuity/clear_keeps_acc_pdr/run/orbit_demo_datapath_pdr; yosys-abc -c 'read_aiger model/design_aiger.aig; fold; strash; pdr -v -l; write_cex -a engine_0/trace.aiw'"
SBY 20:14:15 [datapath_pdr] engine_0: ======== ABC command line "read_aiger model/design_aiger.aig; fold; strash; pdr -v -l; write_cex -a engine_0/trace.aiw"
SBY 20:14:15 [datapath_pdr] engine_0: Warning: The last 2 outputs are interpreted as constraints.
SBY 20:14:15 [datapath_pdr] engine_0: VarMax = 300. FrameMax = 10000. QueMax = 0. TimeMax = 719. MonoCNF = no. SkipGen = no. SolveAll = no.
SBY 20:14:16 [datapath_pdr] engine_0: Timing out on output  0 in frame 2 (retrying in next anytime pass).
SBY 20:14:16 [datapath_pdr] engine_0: Timing out on output  1 in frame 2 (retrying in next anytime pass).
SBY 20:14:16 [datapath_pdr] engine_0: Timing out on output  2 in frame 2 (retrying in next anytime pass).
SBY 20:14:16 [datapath_pdr] engine_0: Timing out on output  3 in frame 2 (retrying in next anytime pass).
SBY 20:14:16 [datapath_pdr] engine_0: Timing out on output  4 in frame 2 (retrying in next anytime pass).
SBY 20:14:16 [datapath_pdr] engine_0: Timing out on output  5 in frame 2 (retrying in next anytime pass).
SBY 20:14:17 [datapath_pdr] engine_0: Timing out on output  6 in frame 2 (retrying in next anytime pass).
SBY 20:14:17 [datapath_pdr] engine_0: Timing out on output  7 in frame 2 (retrying in next anytime pass).
SBY 20:14:18 [datapath_pdr] engine_0: Timing out on output 26 in frame 2 (retrying in next anytime pass).
SBY 20:14:18 [datapath_pdr] engine_0: Proved output 8 in frame 2.
SBY 20:14:18 [datapath_pdr] engine_0: Proved output 9 in frame 2.
SBY 20:14:18 [datapath_pdr] engine_0: Proved output 23 in frame 2.
SBY 20:14:18 [datapath_pdr] engine_0: Proved output 25 in frame 2.
SBY 20:14:19 [datapath_pdr] engine_0: Block =  440  Oblig =  1710  Clause =  1190  Call =  6458 (sat=76.4%)  Cex =   0  Start =  18
SBY 20:14:19 [datapath_pdr] engine_0: SAT solving =     2.06 sec ( 53.93 %)
SBY 20:14:19 [datapath_pdr] engine_0: unsat     =     0.07 sec (  1.89 %)
SBY 20:14:19 [datapath_pdr] engine_0: sat       =     1.99 sec ( 52.04 %)
SBY 20:14:19 [datapath_pdr] engine_0: Generalize  =     1.79 sec ( 46.78 %)
SBY 20:14:19 [datapath_pdr] engine_0: Push clause =     0.47 sec ( 12.42 %)
SBY 20:14:19 [datapath_pdr] engine_0: Ternary sim =     0.59 sec ( 15.48 %)
SBY 20:14:19 [datapath_pdr] engine_0: Containment =     0.04 sec (  0.97 %)
SBY 20:14:19 [datapath_pdr] engine_0: CNF compute =     0.10 sec (  2.64 %)
SBY 20:14:19 [datapath_pdr] engine_0: Refinement  =     0.00 sec (  0.01 %)
SBY 20:14:19 [datapath_pdr] engine_0: TOTAL       =     3.82 sec (100.00 %)
SBY 20:14:19 [datapath_pdr] engine_0: Output 14 of miter "model/design_aiger" was asserted in frame 9.  Time =     3.83 sec
SBY 20:14:19 [datapath_pdr] engine_0: finished (returncode=0)
SBY 20:14:19 [datapath_pdr] engine_0: Status returned by engine: FAIL
SBY 20:14:19 [datapath_pdr] smt2: starting process "cd build/formal/vacuity/clear_keeps_acc_pdr/run/orbit_demo_datapath_pdr/model; yosys -ql design_smt2.log design_smt2.ys"
SBY 20:14:19 [datapath_pdr] engine_0: starting process "cd build/formal/vacuity/clear_keeps_acc_pdr/run/orbit_demo_datapath_pdr; yosys-witness aiw2yw engine_0/trace.aiw model/design_aiger.ywa engine_0/trace_aiw.yw"
SBY 20:14:19 [datapath_pdr] smt2: finished (returncode=0)
SBY 20:14:19 [datapath_pdr] engine_0: Converting AIGER witness trace 'engine_0/trace.aiw' to Yosys witness trace 'engine_0/trace_aiw.yw'...
SBY 20:14:19 [datapath_pdr] engine_0: Using Yosys witness AIGER map file 'model/design_aiger.ywa'
SBY 20:14:19 [datapath_pdr] engine_0: Converted 10 time steps.
SBY 20:14:19 [datapath_pdr] engine_0: finished (returncode=0)
SBY 20:14:19 [datapath_pdr] engine_0: starting process "cd build/formal/vacuity/clear_keeps_acc_pdr/run/orbit_demo_datapath_pdr; yosys-smtbmc -s yices --noprogress --append 0 --dump-vcd engine_0/trace.vcd --dump-yw engine_0/trace.yw --dump-vlogtb engine_0/trace_tb.v --dump-smtc engine_0/trace.smtc --yw engine_0/trace_aiw.yw model/design_smt2.smt2"
SBY 20:14:19 [datapath_pdr] engine_0: ##   0:00:00  Solver: yices
SBY 20:14:19 [datapath_pdr] engine_0: ##   0:00:00  Skipping step 0..
SBY 20:14:19 [datapath_pdr] engine_0: ##   0:00:00  Skipping step 1..
SBY 20:14:19 [datapath_pdr] engine_0: ##   0:00:00  Skipping step 2..
SBY 20:14:19 [datapath_pdr] engine_0: ##   0:00:00  Skipping step 3..
SBY 20:14:19 [datapath_pdr] engine_0: ##   0:00:00  Skipping step 4..
SBY 20:14:19 [datapath_pdr] engine_0: ##   0:00:00  Skipping step 5..
SBY 20:14:19 [datapath_pdr] engine_0: ##   0:00:00  Skipping step 6..
SBY 20:14:19 [datapath_pdr] engine_0: ##   0:00:00  Skipping step 7..
SBY 20:14:19 [datapath_pdr] engine_0: ##   0:00:00  Skipping step 8..
SBY 20:14:19 [datapath_pdr] engine_0: ##   0:00:00  BMC failed!
SBY 20:14:19 [datapath_pdr] engine_0: ##   0:00:00  Assert failed in orbit_demo_fv: P8_clear_zero_acc_a_lane0
SBY 20:14:19 [datapath_pdr] engine_0: ##   0:00:00  Assert failed in orbit_demo_fv: P8_clear_zero_acc_b_lane0
SBY 20:14:19 [datapath_pdr] engine_0: ##   0:00:00  Writing trace to VCD file: engine_0/trace.vcd
SBY 20:14:19 [datapath_pdr] engine_0: ##   0:00:00  Writing trace to Verilog testbench: engine_0/trace_tb.v
SBY 20:14:19 [datapath_pdr] engine_0: ##   0:00:00  Writing trace to constraints file: engine_0/trace.smtc
SBY 20:14:19 [datapath_pdr] engine_0: ##   0:00:00  Writing trace to Yosys witness file: engine_0/trace.yw
SBY 20:14:19 [datapath_pdr] engine_0: ##   0:00:00  Status: FAILED
SBY 20:14:19 [datapath_pdr] engine_0: finished (returncode=1)
SBY 20:14:19 [datapath_pdr] summary: Elapsed clock time [H:MM:SS (secs)]: 0:00:06 (6)
SBY 20:14:19 [datapath_pdr] summary: Elapsed process time [H:MM:SS (secs)]: 0:00:05 (5)
SBY 20:14:19 [datapath_pdr] summary: engine_0 (abc pdr) returned FAIL
SBY 20:14:19 [datapath_pdr] summary: counterexample trace: build/formal/vacuity/clear_keeps_acc_pdr/run/orbit_demo_datapath_pdr/engine_0/trace.vcd
SBY 20:14:19 [datapath_pdr] summary:   failed assertion orbit_demo_fv.P8_clear_zero_acc_a_lane0 at orbit_demo_fv.sv:515.701-515.765 step 9
SBY 20:14:19 [datapath_pdr] summary:   failed assertion orbit_demo_fv.P8_clear_zero_acc_b_lane0 at orbit_demo_fv.sv:515.780-515.844 step 9
SBY 20:14:19 [datapath_pdr] DONE (FAIL, rc=2)
