[10000] scenario 1: reset_stop
[260000] scenario 2: signed_edges
[440000] scenario 3: multi_beat
[6830000] scenario 4: first_and_last
[6890000] scenario 5: continue_after_last
[6960000] scenario 6: backpressure
[11250000] scenario 7: back_to_back
[11910000] scenario 8: throttle
[13610000] scenario 9: stop_and_recover
[14040000] scenario 10: drain_in_stop
[14210000] scenario 11: negative_temps
[14580000] scenario 12: int32_wrap
[1335650000] scenario 13: clear_fault

tb_orbit_demo summary (seed 1)
  scenarios            13
  cycles               133589
  model cycle checks   133588 (mismatches 0)
  scenario checks      101 (failed 0)
  beats accepted       133206
  results transferred  400 (all compared with the scoreboard)
  literal lane checks  148
  back-to-back results 220
  results dropped by clear_fault/reset 1
  errors               0
TB_ORBIT_DEMO PASS
- tb/tb_orbit_demo.v:936: Verilog $finish
- S i m u l a t i o n   R e p o r t: Verilator 5.053 devel
- Verilator: $finish at 1ms; walltime 0.951 s; speed 1.405 ms/s
- Verilator: cpu 0.946 s on 1 threads; allocated 8 MB
