SBY  1:02:43 [formal/bank/orbit_ecc_bank_sec] Removing directory formal/bank/orbit_ecc_bank_sec'.
SBY  1:02:43 [formal/bank/orbit_ecc_bank_sec] engine_0: smtbmc bitwuzla
SBY  1:02:43 [formal/bank/orbit_ecc_bank_sec] base: starting process "cd formal/bank/orbit_ecc_bank_sec/src; yosys -ql ../model/design.log ../model/design.ys"
SBY  1:02:48 [formal/bank/orbit_ecc_bank_sec] base: finished (returncode=0)
SBY  1:02:48 [formal/bank/orbit_ecc_bank_sec] prep: starting process "cd formal/bank/orbit_ecc_bank_sec/model; yosys -ql design_prep.log design_prep.ys"
SBY  1:02:49 [formal/bank/orbit_ecc_bank_sec] prep: finished (returncode=0)
SBY  1:02:49 [formal/bank/orbit_ecc_bank_sec] smt2: starting process "cd formal/bank/orbit_ecc_bank_sec/model; yosys -ql design_smt2.log design_smt2.ys"
SBY  1:02:49 [formal/bank/orbit_ecc_bank_sec] smt2: finished (returncode=0)
SBY  1:02:49 [formal/bank/orbit_ecc_bank_sec] engine_0.basecase: starting process "cd formal/bank/orbit_ecc_bank_sec; yosys-smtbmc -s bitwuzla --presat --unroll --noprogress -t 2  --append 0 --dump-vcd engine_0/trace.vcd --dump-yw engine_0/trace.yw --dump-vlogtb engine_0/trace_tb.v --dump-smtc engine_0/trace.smtc model/design_smt2.smt2"
SBY  1:02:49 [formal/bank/orbit_ecc_bank_sec] engine_0.induction: starting process "cd formal/bank/orbit_ecc_bank_sec; yosys-smtbmc -s bitwuzla --presat --unroll -i --noprogress -t 2  --append 0 --dump-vcd engine_0/trace_induct.vcd --dump-yw engine_0/trace_induct.yw --dump-vlogtb engine_0/trace_induct_tb.v --dump-smtc engine_0/trace_induct.smtc model/design_smt2.smt2"
SBY  1:02:49 [formal/bank/orbit_ecc_bank_sec] engine_0.induction: ##   0:00:00  Solver: bitwuzla
SBY  1:02:49 [formal/bank/orbit_ecc_bank_sec] engine_0.basecase: ##   0:00:00  Solver: bitwuzla
SBY  1:02:50 [formal/bank/orbit_ecc_bank_sec] engine_0.basecase: ##   0:00:00  Checking assumptions in step 0..
SBY  1:02:50 [formal/bank/orbit_ecc_bank_sec] engine_0.induction: ##   0:00:00  Trying induction in step 2..
SBY  1:02:50 [formal/bank/orbit_ecc_bank_sec] engine_0.basecase: ##   0:00:01  Checking assertions in step 0..
SBY  1:02:51 [formal/bank/orbit_ecc_bank_sec] engine_0.basecase: ##   0:00:01  Checking assumptions in step 1..
SBY  1:02:51 [formal/bank/orbit_ecc_bank_sec] engine_0.induction: ##   0:00:01  Trying induction in step 1..
SBY  1:02:51 [formal/bank/orbit_ecc_bank_sec] engine_0.basecase: ##   0:00:01  Checking assertions in step 1..
SBY  1:02:51 [formal/bank/orbit_ecc_bank_sec] engine_0.basecase: ##   0:00:02  Status: passed
SBY  1:02:52 [formal/bank/orbit_ecc_bank_sec] engine_0.basecase: finished (returncode=0)
SBY  1:02:52 [formal/bank/orbit_ecc_bank_sec] engine_0.basecase: Status returned by engine for basecase: pass
SBY  1:03:51 [formal/bank/orbit_ecc_bank_sec] engine_0.induction: ##   0:01:01  waiting for solver (1 minute)
SBY  1:04:58 [formal/bank/orbit_ecc_bank_sec] engine_0.induction: ##   0:02:08  Temporal induction successful.
SBY  1:04:58 [formal/bank/orbit_ecc_bank_sec] engine_0.induction: ##   0:02:08  Status: passed
SBY  1:04:58 [formal/bank/orbit_ecc_bank_sec] engine_0.induction: finished (returncode=0)
SBY  1:04:58 [formal/bank/orbit_ecc_bank_sec] engine_0.induction: Status returned by engine for induction: pass
SBY  1:04:58 [formal/bank/orbit_ecc_bank_sec] summary: Elapsed clock time [H:MM:SS (secs)]: 0:02:14 (134)
SBY  1:04:58 [formal/bank/orbit_ecc_bank_sec] summary: Elapsed process time [H:MM:SS (secs)]: 0:02:15 (135)
SBY  1:04:58 [formal/bank/orbit_ecc_bank_sec] summary: engine_0 (smtbmc bitwuzla) returned pass for basecase
SBY  1:04:58 [formal/bank/orbit_ecc_bank_sec] summary: engine_0 (smtbmc bitwuzla) returned pass for induction
SBY  1:04:58 [formal/bank/orbit_ecc_bank_sec] summary: engine_0 did not produce any traces
SBY  1:04:58 [formal/bank/orbit_ecc_bank_sec] summary: successful proof by k-induction.
SBY  1:04:58 [formal/bank/orbit_ecc_bank_sec] DONE (PASS, rc=0)
