SBY 23:53:24 [formal/bank/orbit_ecc_bank_sec_bmc] Removing directory formal/bank/orbit_ecc_bank_sec_bmc'.
SBY 23:53:24 [formal/bank/orbit_ecc_bank_sec_bmc] engine_0: smtbmc bitwuzla
SBY 23:53:24 [formal/bank/orbit_ecc_bank_sec_bmc] base: starting process "cd formal/bank/orbit_ecc_bank_sec_bmc/src; yosys -ql ../model/design.log ../model/design.ys"
SBY 23:53:29 [formal/bank/orbit_ecc_bank_sec_bmc] base: finished (returncode=0)
SBY 23:53:29 [formal/bank/orbit_ecc_bank_sec_bmc] prep: starting process "cd formal/bank/orbit_ecc_bank_sec_bmc/model; yosys -ql design_prep.log design_prep.ys"
SBY 23:53:29 [formal/bank/orbit_ecc_bank_sec_bmc] prep: finished (returncode=0)
SBY 23:53:29 [formal/bank/orbit_ecc_bank_sec_bmc] smt2: starting process "cd formal/bank/orbit_ecc_bank_sec_bmc/model; yosys -ql design_smt2.log design_smt2.ys"
SBY 23:53:30 [formal/bank/orbit_ecc_bank_sec_bmc] smt2: finished (returncode=0)
SBY 23:53:30 [formal/bank/orbit_ecc_bank_sec_bmc] engine_0: starting process "cd formal/bank/orbit_ecc_bank_sec_bmc; yosys-smtbmc -s bitwuzla --presat --unroll --noprogress -t 6  --append 0 --dump-vcd engine_0/trace.vcd --dump-yw engine_0/trace.yw --dump-vlogtb engine_0/trace_tb.v --dump-smtc engine_0/trace.smtc model/design_smt2.smt2"
SBY 23:53:30 [formal/bank/orbit_ecc_bank_sec_bmc] engine_0: ##   0:00:00  Solver: bitwuzla
SBY 23:53:30 [formal/bank/orbit_ecc_bank_sec_bmc] engine_0: ##   0:00:00  Checking assumptions in step 0..
SBY 23:53:31 [formal/bank/orbit_ecc_bank_sec_bmc] engine_0: ##   0:00:01  Checking assertions in step 0..
SBY 23:53:31 [formal/bank/orbit_ecc_bank_sec_bmc] engine_0: ##   0:00:01  Checking assumptions in step 1..
SBY 23:53:32 [formal/bank/orbit_ecc_bank_sec_bmc] engine_0: ##   0:00:01  Checking assertions in step 1..
SBY 23:53:32 [formal/bank/orbit_ecc_bank_sec_bmc] engine_0: ##   0:00:02  Checking assumptions in step 2..
SBY 23:53:33 [formal/bank/orbit_ecc_bank_sec_bmc] engine_0: ##   0:00:03  Checking assertions in step 2..
SBY 23:53:44 [formal/bank/orbit_ecc_bank_sec_bmc] engine_0: ##   0:00:14  Checking assumptions in step 3..
SBY 23:53:45 [formal/bank/orbit_ecc_bank_sec_bmc] engine_0: ##   0:00:15  Checking assertions in step 3..
SBY 23:54:45 [formal/bank/orbit_ecc_bank_sec_bmc] engine_0: ##   0:01:15  waiting for solver (1 minute)
SBY 23:58:45 [formal/bank/orbit_ecc_bank_sec_bmc] engine_0: ##   0:05:15  waiting for solver (5 minutes)
SBY  0:01:50 [formal/bank/orbit_ecc_bank_sec_bmc] engine_0: ##   0:08:20  Checking assumptions in step 4..
SBY  0:01:51 [formal/bank/orbit_ecc_bank_sec_bmc] engine_0: ##   0:08:21  Checking assertions in step 4..
SBY  0:02:51 [formal/bank/orbit_ecc_bank_sec_bmc] engine_0: ##   0:09:21  waiting for solver (1 minute)
SBY ---- Keyboard interrupt or external termination signal ----
SBY  0:03:24 [formal/bank/orbit_ecc_bank_sec_bmc] engine_0: terminating process
