SBY  1:12:49 [formal/bank/orbit_ecc_bank_e2e_clean] Removing directory formal/bank/orbit_ecc_bank_e2e_clean'.
SBY  1:12:49 [formal/bank/orbit_ecc_bank_e2e_clean] engine_0: smtbmc bitwuzla
SBY  1:12:49 [formal/bank/orbit_ecc_bank_e2e_clean] base: starting process "cd formal/bank/orbit_ecc_bank_e2e_clean/src; yosys -ql ../model/design.log ../model/design.ys"
SBY  1:12:50 [formal/bank/orbit_ecc_bank_e2e_clean] base: finished (returncode=0)
SBY  1:12:50 [formal/bank/orbit_ecc_bank_e2e_clean] prep: starting process "cd formal/bank/orbit_ecc_bank_e2e_clean/model; yosys -ql design_prep.log design_prep.ys"
SBY  1:12:50 [formal/bank/orbit_ecc_bank_e2e_clean] prep: finished (returncode=0)
SBY  1:12:50 [formal/bank/orbit_ecc_bank_e2e_clean] smt2: starting process "cd formal/bank/orbit_ecc_bank_e2e_clean/model; yosys -ql design_smt2.log design_smt2.ys"
SBY  1:12:50 [formal/bank/orbit_ecc_bank_e2e_clean] smt2: finished (returncode=0)
SBY  1:12:50 [formal/bank/orbit_ecc_bank_e2e_clean] engine_0: starting process "cd formal/bank/orbit_ecc_bank_e2e_clean; yosys-smtbmc -s bitwuzla --presat --unroll --noprogress -t 5  --append 0 --dump-vcd engine_0/trace.vcd --dump-yw engine_0/trace.yw --dump-vlogtb engine_0/trace_tb.v --dump-smtc engine_0/trace.smtc model/design_smt2.smt2"
SBY  1:12:50 [formal/bank/orbit_ecc_bank_e2e_clean] engine_0: ##   0:00:00  Solver: bitwuzla
SBY  1:12:50 [formal/bank/orbit_ecc_bank_e2e_clean] engine_0: ##   0:00:00  Checking assumptions in step 0..
SBY  1:12:50 [formal/bank/orbit_ecc_bank_e2e_clean] engine_0: ##   0:00:00  Checking assertions in step 0..
SBY  1:12:50 [formal/bank/orbit_ecc_bank_e2e_clean] engine_0: ##   0:00:00  Checking assumptions in step 1..
SBY  1:12:50 [formal/bank/orbit_ecc_bank_e2e_clean] engine_0: ##   0:00:00  Checking assertions in step 1..
SBY  1:12:50 [formal/bank/orbit_ecc_bank_e2e_clean] engine_0: ##   0:00:00  Checking assumptions in step 2..
SBY  1:12:50 [formal/bank/orbit_ecc_bank_e2e_clean] engine_0: ##   0:00:00  Checking assertions in step 2..
SBY  1:12:51 [formal/bank/orbit_ecc_bank_e2e_clean] engine_0: ##   0:00:00  Checking assumptions in step 3..
SBY  1:12:51 [formal/bank/orbit_ecc_bank_e2e_clean] engine_0: ##   0:00:00  Checking assertions in step 3..
SBY  1:13:00 [formal/bank/orbit_ecc_bank_e2e_clean] engine_0: ##   0:00:09  Checking assumptions in step 4..
SBY  1:13:00 [formal/bank/orbit_ecc_bank_e2e_clean] engine_0: ##   0:00:09  Checking assertions in step 4..
SBY  1:13:45 [formal/bank/orbit_ecc_bank_e2e_clean] engine_0: ##   0:00:54  Status: passed
SBY  1:13:45 [formal/bank/orbit_ecc_bank_e2e_clean] engine_0: finished (returncode=0)
SBY  1:13:45 [formal/bank/orbit_ecc_bank_e2e_clean] engine_0: Status returned by engine: pass
SBY  1:13:45 [formal/bank/orbit_ecc_bank_e2e_clean] summary: Elapsed clock time [H:MM:SS (secs)]: 0:00:55 (55)
SBY  1:13:45 [formal/bank/orbit_ecc_bank_e2e_clean] summary: Elapsed process time [H:MM:SS (secs)]: 0:00:55 (55)
SBY  1:13:45 [formal/bank/orbit_ecc_bank_e2e_clean] summary: engine_0 (smtbmc bitwuzla) returned pass
SBY  1:13:45 [formal/bank/orbit_ecc_bank_e2e_clean] summary: engine_0 did not produce any traces
SBY  1:13:45 [formal/bank/orbit_ecc_bank_e2e_clean] DONE (PASS, rc=0)
