SBY  1:13:45 [formal/bank/orbit_ecc_bank_e2e_upset] Removing directory formal/bank/orbit_ecc_bank_e2e_upset'.
SBY  1:13:45 [formal/bank/orbit_ecc_bank_e2e_upset] engine_0: smtbmc bitwuzla
SBY  1:13:45 [formal/bank/orbit_ecc_bank_e2e_upset] base: starting process "cd formal/bank/orbit_ecc_bank_e2e_upset/src; yosys -ql ../model/design.log ../model/design.ys"
SBY  1:13:46 [formal/bank/orbit_ecc_bank_e2e_upset] base: finished (returncode=0)
SBY  1:13:46 [formal/bank/orbit_ecc_bank_e2e_upset] prep: starting process "cd formal/bank/orbit_ecc_bank_e2e_upset/model; yosys -ql design_prep.log design_prep.ys"
SBY  1:13:46 [formal/bank/orbit_ecc_bank_e2e_upset] prep: finished (returncode=0)
SBY  1:13:46 [formal/bank/orbit_ecc_bank_e2e_upset] smt2: starting process "cd formal/bank/orbit_ecc_bank_e2e_upset/model; yosys -ql design_smt2.log design_smt2.ys"
SBY  1:13:46 [formal/bank/orbit_ecc_bank_e2e_upset] smt2: finished (returncode=0)
SBY  1:13:46 [formal/bank/orbit_ecc_bank_e2e_upset] engine_0: starting process "cd formal/bank/orbit_ecc_bank_e2e_upset; yosys-smtbmc -s bitwuzla --presat --unroll --noprogress -t 4  --append 0 --dump-vcd engine_0/trace.vcd --dump-yw engine_0/trace.yw --dump-vlogtb engine_0/trace_tb.v --dump-smtc engine_0/trace.smtc model/design_smt2.smt2"
SBY  1:13:46 [formal/bank/orbit_ecc_bank_e2e_upset] engine_0: ##   0:00:00  Solver: bitwuzla
SBY  1:13:46 [formal/bank/orbit_ecc_bank_e2e_upset] engine_0: ##   0:00:00  Checking assumptions in step 0..
SBY  1:13:46 [formal/bank/orbit_ecc_bank_e2e_upset] engine_0: ##   0:00:00  Checking assertions in step 0..
SBY  1:13:46 [formal/bank/orbit_ecc_bank_e2e_upset] engine_0: ##   0:00:00  Checking assumptions in step 1..
SBY  1:13:46 [formal/bank/orbit_ecc_bank_e2e_upset] engine_0: ##   0:00:00  Checking assertions in step 1..
SBY  1:13:46 [formal/bank/orbit_ecc_bank_e2e_upset] engine_0: ##   0:00:00  Checking assumptions in step 2..
SBY  1:13:46 [formal/bank/orbit_ecc_bank_e2e_upset] engine_0: ##   0:00:00  Checking assertions in step 2..
SBY  1:13:46 [formal/bank/orbit_ecc_bank_e2e_upset] engine_0: ##   0:00:00  Checking assumptions in step 3..
SBY  1:13:47 [formal/bank/orbit_ecc_bank_e2e_upset] engine_0: ##   0:00:00  Checking assertions in step 3..
SBY  1:14:35 [formal/bank/orbit_ecc_bank_e2e_upset] engine_0: ##   0:00:48  Status: passed
SBY  1:14:35 [formal/bank/orbit_ecc_bank_e2e_upset] engine_0: finished (returncode=0)
SBY  1:14:35 [formal/bank/orbit_ecc_bank_e2e_upset] engine_0: Status returned by engine: pass
SBY  1:14:35 [formal/bank/orbit_ecc_bank_e2e_upset] summary: Elapsed clock time [H:MM:SS (secs)]: 0:00:49 (49)
SBY  1:14:35 [formal/bank/orbit_ecc_bank_e2e_upset] summary: Elapsed process time [H:MM:SS (secs)]: 0:00:49 (49)
SBY  1:14:35 [formal/bank/orbit_ecc_bank_e2e_upset] summary: engine_0 (smtbmc bitwuzla) returned pass
SBY  1:14:35 [formal/bank/orbit_ecc_bank_e2e_upset] summary: engine_0 did not produce any traces
SBY  1:14:35 [formal/bank/orbit_ecc_bank_e2e_upset] DONE (PASS, rc=0)
