SBY  1:14:44 [formal/neg/bank_no_writeback/orbit_ecc_bank_sec_bmc] Removing directory formal/neg/bank_no_writeback/orbit_ecc_bank_sec_bmc'.
SBY  1:14:44 [formal/neg/bank_no_writeback/orbit_ecc_bank_sec_bmc] engine_0: smtbmc bitwuzla
SBY  1:14:44 [formal/neg/bank_no_writeback/orbit_ecc_bank_sec_bmc] base: starting process "cd formal/neg/bank_no_writeback/orbit_ecc_bank_sec_bmc/src; yosys -ql ../model/design.log ../model/design.ys"
SBY  1:14:49 [formal/neg/bank_no_writeback/orbit_ecc_bank_sec_bmc] base: finished (returncode=0)
SBY  1:14:49 [formal/neg/bank_no_writeback/orbit_ecc_bank_sec_bmc] prep: starting process "cd formal/neg/bank_no_writeback/orbit_ecc_bank_sec_bmc/model; yosys -ql design_prep.log design_prep.ys"
SBY  1:14:50 [formal/neg/bank_no_writeback/orbit_ecc_bank_sec_bmc] prep: finished (returncode=0)
SBY  1:14:50 [formal/neg/bank_no_writeback/orbit_ecc_bank_sec_bmc] smt2: starting process "cd formal/neg/bank_no_writeback/orbit_ecc_bank_sec_bmc/model; yosys -ql design_smt2.log design_smt2.ys"
SBY  1:14:50 [formal/neg/bank_no_writeback/orbit_ecc_bank_sec_bmc] smt2: finished (returncode=0)
SBY  1:14:50 [formal/neg/bank_no_writeback/orbit_ecc_bank_sec_bmc] engine_0: starting process "cd formal/neg/bank_no_writeback/orbit_ecc_bank_sec_bmc; yosys-smtbmc -s bitwuzla --presat --unroll --noprogress -t 6  --append 0 --dump-vcd engine_0/trace.vcd --dump-yw engine_0/trace.yw --dump-vlogtb engine_0/trace_tb.v --dump-smtc engine_0/trace.smtc model/design_smt2.smt2"
SBY  1:14:50 [formal/neg/bank_no_writeback/orbit_ecc_bank_sec_bmc] engine_0: ##   0:00:00  Solver: bitwuzla
SBY  1:14:51 [formal/neg/bank_no_writeback/orbit_ecc_bank_sec_bmc] engine_0: ##   0:00:00  Checking assumptions in step 0..
SBY  1:14:51 [formal/neg/bank_no_writeback/orbit_ecc_bank_sec_bmc] engine_0: ##   0:00:01  Checking assertions in step 0..
SBY  1:14:52 [formal/neg/bank_no_writeback/orbit_ecc_bank_sec_bmc] engine_0: ##   0:00:01  Checking assumptions in step 1..
SBY  1:14:52 [formal/neg/bank_no_writeback/orbit_ecc_bank_sec_bmc] engine_0: ##   0:00:01  Checking assertions in step 1..
SBY  1:14:53 [formal/neg/bank_no_writeback/orbit_ecc_bank_sec_bmc] engine_0: ##   0:00:02  Checking assumptions in step 2..
SBY  1:14:53 [formal/neg/bank_no_writeback/orbit_ecc_bank_sec_bmc] engine_0: ##   0:00:03  Checking assertions in step 2..
SBY  1:15:22 [formal/neg/bank_no_writeback/orbit_ecc_bank_sec_bmc] engine_0: ##   0:00:31  Checking assumptions in step 3..
SBY  1:15:22 [formal/neg/bank_no_writeback/orbit_ecc_bank_sec_bmc] engine_0: ##   0:00:32  Checking assertions in step 3..
SBY  1:15:46 [formal/neg/bank_no_writeback/orbit_ecc_bank_sec_bmc] engine_0: ##   0:00:55  BMC failed!
SBY  1:15:46 [formal/neg/bank_no_writeback/orbit_ecc_bank_sec_bmc] engine_0: ##   0:00:56  Assert failed in orbit_ecc_bank_fv: a_array
SBY  1:15:46 [formal/neg/bank_no_writeback/orbit_ecc_bank_sec_bmc] engine_0: ##   0:00:56  Writing trace to VCD file: engine_0/trace.vcd
SBY  1:15:48 [formal/neg/bank_no_writeback/orbit_ecc_bank_sec_bmc] engine_0: ##   0:00:57  Writing trace to Verilog testbench: engine_0/trace_tb.v
SBY  1:15:48 [formal/neg/bank_no_writeback/orbit_ecc_bank_sec_bmc] engine_0: ##   0:00:57  Writing trace to constraints file: engine_0/trace.smtc
SBY  1:15:48 [formal/neg/bank_no_writeback/orbit_ecc_bank_sec_bmc] engine_0: ##   0:00:57  Writing trace to Yosys witness file: engine_0/trace.yw
SBY  1:15:48 [formal/neg/bank_no_writeback/orbit_ecc_bank_sec_bmc] engine_0: ##   0:00:58  Status: failed
SBY  1:15:48 [formal/neg/bank_no_writeback/orbit_ecc_bank_sec_bmc] engine_0: finished (returncode=1)
SBY  1:15:48 [formal/neg/bank_no_writeback/orbit_ecc_bank_sec_bmc] engine_0: Status returned by engine: FAIL
SBY  1:15:48 [formal/neg/bank_no_writeback/orbit_ecc_bank_sec_bmc] summary: Elapsed clock time [H:MM:SS (secs)]: 0:01:03 (63)
SBY  1:15:48 [formal/neg/bank_no_writeback/orbit_ecc_bank_sec_bmc] summary: Elapsed process time [H:MM:SS (secs)]: 0:01:03 (63)
SBY  1:15:48 [formal/neg/bank_no_writeback/orbit_ecc_bank_sec_bmc] summary: engine_0 (smtbmc bitwuzla) returned FAIL
SBY  1:15:48 [formal/neg/bank_no_writeback/orbit_ecc_bank_sec_bmc] summary: counterexample trace: formal/neg/bank_no_writeback/orbit_ecc_bank_sec_bmc/engine_0/trace.vcd
SBY  1:15:48 [formal/neg/bank_no_writeback/orbit_ecc_bank_sec_bmc] summary:   failed assertion orbit_ecc_bank_fv.a_array at orbit_ecc_bank_fv.sv:369.9-369.54 step 3
SBY  1:15:48 [formal/neg/bank_no_writeback/orbit_ecc_bank_sec_bmc] DONE (FAIL, rc=2)
SBY  1:15:48 The following tasks failed: ['sec_bmc']
